#
# There is insufficient memory for the Java Runtime Environment to continue.
# Native memory allocation (malloc) failed to allocate 692224 bytes. Error detail: Chunk::new
# Possible reasons:
#   The system is out of physical RAM or swap space
#   This process is running with CompressedOops enabled, and the Java Heap may be blocking the growth of the native heap
# Possible solutions:
#   Reduce memory load on the system
#   Increase physical memory or swap space
#   Check if swap backing store is full
#   Decrease Java heap size (-Xmx/-Xms)
#   Decrease number of Java threads
#   Decrease Java thread stack sizes (-Xss)
#   Set larger code cache with -XX:ReservedCodeCacheSize=
#   JVM is running with Zero Based Compressed Oops mode in which the Java heap is
#     placed in the first 32GB address space. The Java Heap base address is the
#     maximum limit for the native heap growth. Please use -XX:HeapBaseMinAddress
#     to set the Java Heap base and to place the Java Heap above 32GB virtual address.
# This output file may be truncated or incomplete.
#
#  Out of Memory Error (arena.cpp:150), pid=27596, tid=3320
#
# JRE version: Java(TM) SE Runtime Environment (22.0.2+9) (build 22.0.2+9-70)
# Java VM: Java HotSpot(TM) 64-Bit Server VM (22.0.2+9-70, mixed mode, sharing, tiered, compressed oops, compressed class ptrs, g1 gc, windows-amd64)
# No core dump will be written. Minidumps are not enabled by default on client versions of Windows
#

---------------  S U M M A R Y ------------

Command Line: --add-opens=java.base/java.lang=ALL-UNNAMED --add-opens=java.base/java.lang.invoke=ALL-UNNAMED --add-opens=java.base/java.util=ALL-UNNAMED --add-opens=java.prefs/java.util.prefs=ALL-UNNAMED --add-exports=jdk.compiler/com.sun.tools.javac.api=ALL-UNNAMED --add-exports=jdk.compiler/com.sun.tools.javac.util=ALL-UNNAMED --add-opens=java.base/java.util=ALL-UNNAMED --add-opens=java.prefs/java.util.prefs=ALL-UNNAMED --add-opens=java.base/java.nio.charset=ALL-UNNAMED --add-opens=java.base/java.net=ALL-UNNAMED --add-opens=java.base/java.util.concurrent=ALL-UNNAMED --add-opens=java.base/java.util.concurrent.atomic=ALL-UNNAMED --add-opens=java.xml/javax.xml.namespace=ALL-UNNAMED --add-opens=java.base/java.time=ALL-UNNAMED -XX:MaxMetaspaceSize=4G -XX:ReservedCodeCacheSize=512m -XX:+HeapDumpOnOutOfMemoryError -Xmx8G -Dfile.encoding=UTF-8 -Duser.country=IN -Duser.language=en -Duser.variant -javaagent:E:\gradle-cache\wrapper\dists\gradle-9.1.0-all\7wzd0jkjit61aq2p43wpjgij9\gradle-9.1.0\lib\agents\gradle-instrumentation-agent-9.1.0.jar org.gradle.launcher.daemon.bootstrap.GradleDaemon 9.1.0

Host: AMD Ryzen 5 5600H with Radeon Graphics         , 12 cores, 15G,  Windows 11 , 64 bit Build 26100 (10.0.26100.8737)
Time: Mon Jul  6 00:08:51 2026 India Standard Time elapsed time: 17.680173 seconds (0d 0h 0m 17s)

---------------  T H R E A D  ---------------

Current thread (0x0000029e55758670):  JavaThread "C2 CompilerThread0" daemon [_thread_in_native, id=3320, stack(0x000000de7af00000,0x000000de7b000000) (1024K)]


Current CompileTask:
C2:17680 5310       4       org.objectweb.asm.ClassReader::accept (1419 bytes)

Stack: [0x000000de7af00000,0x000000de7b000000]
Native frames: (J=compiled Java code, j=interpreted, Vv=VM code, C=native code)
V  [jvm.dll+0x6e26e9]  (no source info available)
V  [jvm.dll+0x875753]  (no source info available)
V  [jvm.dll+0x877b7e]  (no source info available)
V  [jvm.dll+0x878253]  (no source info available)
V  [jvm.dll+0x27fc86]  (no source info available)
V  [jvm.dll+0xc3d0f]  (no source info available)
V  [jvm.dll+0xc3f6b]  (no source info available)
V  [jvm.dll+0x3bb47c]  (no source info available)
V  [jvm.dll+0x1df34c]  (no source info available)
V  [jvm.dll+0x24793c]  (no source info available)
V  [jvm.dll+0x246e9f]  (no source info available)
V  [jvm.dll+0x1c4e80]  (no source info available)
V  [jvm.dll+0x2568f3]  (no source info available)
V  [jvm.dll+0x254baa]  (no source info available)
V  [jvm.dll+0x3f57a6]  (no source info available)
V  [jvm.dll+0x81dc0b]  (no source info available)
V  [jvm.dll+0x6e0d85]  (no source info available)
C  [ucrtbase.dll+0x2cd30]  (no source info available)
C  [KERNEL32.DLL+0x2e957]  (no source info available)
C  [ntdll.dll+0xaad6c]  (no source info available)


---------------  P R O C E S S  ---------------

Threads class SMR info:
_java_thread_list=0x0000029e9d95fc10, length=34, elements={
0x0000029e1fecc310, 0x0000029e55744590, 0x0000029e55747000, 0x0000029e55751cd0,
0x0000029e55754770, 0x0000029e557552f0, 0x0000029e55755b10, 0x0000029e55758670,
0x0000029e5575aef0, 0x0000029e52b5a060, 0x0000029e559d0060, 0x0000029e9bc71000,
0x0000029e9be4f0a0, 0x0000029e9b54bdb0, 0x0000029e9ca56a70, 0x0000029e9ca570e0,
0x0000029e9ca27120, 0x0000029e9caad450, 0x0000029e9caaf520, 0x0000029e9caac0a0,
0x0000029e9caae170, 0x0000029e9caadae0, 0x0000029e9caac730, 0x0000029e9caae800,
0x0000029ea0a1bba0, 0x0000029ea0a19440, 0x0000029ea0a1ae80, 0x0000029ea0a1c230,
0x0000029ea0a1a7f0, 0x0000029ea0a1a160, 0x0000029ea0a18db0, 0x0000029ea0a19ad0,
0x0000029e9b003750, 0x0000029e9b0007a0
}

Java Threads: ( => current thread )
  0x0000029e1fecc310 JavaThread "main"                              [_thread_blocked, id=21976, stack(0x000000de7a100000,0x000000de7a200000) (1024K)]
  0x0000029e55744590 JavaThread "Reference Handler"          daemon [_thread_blocked, id=28404, stack(0x000000de7a900000,0x000000de7aa00000) (1024K)]
  0x0000029e55747000 JavaThread "Finalizer"                  daemon [_thread_blocked, id=2280, stack(0x000000de7aa00000,0x000000de7ab00000) (1024K)]
  0x0000029e55751cd0 JavaThread "Signal Dispatcher"          daemon [_thread_blocked, id=27092, stack(0x000000de7ab00000,0x000000de7ac00000) (1024K)]
  0x0000029e55754770 JavaThread "Attach Listener"            daemon [_thread_blocked, id=14496, stack(0x000000de7ac00000,0x000000de7ad00000) (1024K)]
  0x0000029e557552f0 JavaThread "Service Thread"             daemon [_thread_blocked, id=2416, stack(0x000000de7ad00000,0x000000de7ae00000) (1024K)]
  0x0000029e55755b10 JavaThread "Monitor Deflation Thread"   daemon [_thread_blocked, id=22916, stack(0x000000de7ae00000,0x000000de7af00000) (1024K)]
=>0x0000029e55758670 JavaThread "C2 CompilerThread0"         daemon [_thread_in_native, id=3320, stack(0x000000de7af00000,0x000000de7b000000) (1024K)]
  0x0000029e5575aef0 JavaThread "C1 CompilerThread0"         daemon [_thread_blocked, id=7544, stack(0x000000de7b000000,0x000000de7b100000) (1024K)]
  0x0000029e52b5a060 JavaThread "Common-Cleaner"             daemon [_thread_blocked, id=25980, stack(0x000000de7b100000,0x000000de7b200000) (1024K)]
  0x0000029e559d0060 JavaThread "Notification Thread"        daemon [_thread_blocked, id=13908, stack(0x000000de7b200000,0x000000de7b300000) (1024K)]
  0x0000029e9bc71000 JavaThread "Daemon health stats"               [_thread_blocked, id=24968, stack(0x000000de7b400000,0x000000de7b500000) (1024K)]
  0x0000029e9be4f0a0 JavaThread "Incoming local TCP Connector on port 4852"        [_thread_in_native, id=14404, stack(0x000000de7b900000,0x000000de7ba00000) (1024K)]
  0x0000029e9b54bdb0 JavaThread "Daemon periodic checks"            [_thread_blocked, id=6708, stack(0x000000de7ba00000,0x000000de7bb00000) (1024K)]
  0x0000029e9ca56a70 JavaThread "Daemon"                            [_thread_blocked, id=6704, stack(0x000000de7bb00000,0x000000de7bc00000) (1024K)]
  0x0000029e9ca570e0 JavaThread "Handler for socket connection from /127.0.0.1:4852 to /127.0.0.1:4853"        [_thread_in_native, id=5068, stack(0x000000de7bc00000,0x000000de7bd00000) (1024K)]
  0x0000029e9ca27120 JavaThread "Cancel handler"                    [_thread_blocked, id=21080, stack(0x000000de7c200000,0x000000de7c300000) (1024K)]
  0x0000029e9caad450 JavaThread "Daemon worker"                     [_thread_in_Java, id=27892, stack(0x000000de7c300000,0x000000de7c400000) (1024K)]
  0x0000029e9caaf520 JavaThread "Asynchronous log dispatcher for DefaultDaemonConnection: socket connection from /127.0.0.1:4852 to /127.0.0.1:4853"        [_thread_blocked, id=23900, stack(0x000000de7c400000,0x000000de7c500000) (1024K)]
  0x0000029e9caac0a0 JavaThread "Stdin handler"                     [_thread_blocked, id=16004, stack(0x000000de7c500000,0x000000de7c600000) (1024K)]
  0x0000029e9caae170 JavaThread "Daemon client event forwarder"        [_thread_blocked, id=12556, stack(0x000000de7c600000,0x000000de7c700000) (1024K)]
  0x0000029e9caadae0 JavaThread "Cache worker for journal cache (E:\gradle-cache\caches\journal-1)"        [_thread_blocked, id=14968, stack(0x000000de7c700000,0x000000de7c800000) (1024K)]
  0x0000029e9caac730 JavaThread "File lock request listener"        [_thread_in_native, id=6432, stack(0x000000de7c800000,0x000000de7c900000) (1024K)]
  0x0000029e9caae800 JavaThread "Cache worker for file hash cache (E:\gradle-cache\caches\9.1.0\fileHashes)"        [_thread_blocked, id=5912, stack(0x000000de7c900000,0x000000de7ca00000) (1024K)]
  0x0000029ea0a1bba0 JavaThread "Cache worker for file hash cache (C:\project\irctc\bharat-railway-frontend\android\.gradle\9.1.0\fileHashes)"        [_thread_blocked, id=28164, stack(0x000000de7cd00000,0x000000de7ce00000) (1024K)]
  0x0000029ea0a19440 JavaThread "Cache worker for Build Output Cleanup Cache (C:\project\irctc\bharat-railway-frontend\android\.gradle\buildOutputCleanup)"        [_thread_blocked, id=20472, stack(0x000000de7ce00000,0x000000de7cf00000) (1024K)]
  0x0000029ea0a1ae80 JavaThread "File watcher server"        daemon [_thread_in_native, id=17284, stack(0x000000de7cf00000,0x000000de7d000000) (1024K)]
  0x0000029ea0a1c230 JavaThread "File watcher consumer"      daemon [_thread_blocked, id=14428, stack(0x000000de7d000000,0x000000de7d100000) (1024K)]
  0x0000029ea0a1a7f0 JavaThread "Cache worker for checksums cache (C:\project\irctc\bharat-railway-frontend\android\.gradle\9.1.0\checksums)"        [_thread_blocked, id=17256, stack(0x000000de7d100000,0x000000de7d200000) (1024K)]
  0x0000029ea0a1a160 JavaThread "Cache worker for file content cache (E:\gradle-cache\caches\9.1.0\fileContent)"        [_thread_blocked, id=18340, stack(0x000000de7d200000,0x000000de7d300000) (1024K)]
  0x0000029ea0a18db0 JavaThread "Cache worker for cache directory md-supplier (E:\gradle-cache\caches\9.1.0\md-supplier)"        [_thread_blocked, id=3112, stack(0x000000de7d300000,0x000000de7d400000) (1024K)]
  0x0000029ea0a19ad0 JavaThread "Cache worker for cache directory md-rule (E:\gradle-cache\caches\9.1.0\md-rule)"        [_thread_blocked, id=5820, stack(0x000000de7d400000,0x000000de7d500000) (1024K)]
  0x0000029e9b003750 JavaThread "C2 CompilerThread1"         daemon [_thread_blocked, id=17456, stack(0x000000de7b300000,0x000000de7b400000) (1024K)]
  0x0000029e9b0007a0 JavaThread "C2 CompilerThread2"         daemon [_thread_blocked, id=6136, stack(0x000000de7cc00000,0x000000de7cd00000) (1024K)]
Total: 34

Other Threads:
  0x0000029e52b6f920 VMThread "VM Thread"                           [id=23108, stack(0x000000de7a800000,0x000000de7a900000) (1024K)]
  0x0000029e52b59700 WatcherThread "VM Periodic Task Thread"        [id=23600, stack(0x000000de7a700000,0x000000de7a800000) (1024K)]
  0x0000029e1ff74ca0 WorkerThread "GC Thread#0"                     [id=26660, stack(0x000000de7a200000,0x000000de7a300000) (1024K)]
  0x0000029e55b3eae0 WorkerThread "GC Thread#1"                     [id=20884, stack(0x000000de7b500000,0x000000de7b600000) (1024K)]
  0x0000029e9b299fa0 WorkerThread "GC Thread#2"                     [id=27676, stack(0x000000de7b600000,0x000000de7b700000) (1024K)]
  0x0000029e9b29a350 WorkerThread "GC Thread#3"                     [id=28276, stack(0x000000de7b700000,0x000000de7b800000) (1024K)]
  0x0000029e9b8284a0 WorkerThread "GC Thread#4"                     [id=24524, stack(0x000000de7b800000,0x000000de7b900000) (1024K)]
  0x0000029e9b828fb0 WorkerThread "GC Thread#5"                     [id=24644, stack(0x000000de7bd00000,0x000000de7be00000) (1024K)]
  0x0000029e9b829360 WorkerThread "GC Thread#6"                     [id=23120, stack(0x000000de7be00000,0x000000de7bf00000) (1024K)]
  0x0000029e9b829710 WorkerThread "GC Thread#7"                     [id=27104, stack(0x000000de7bf00000,0x000000de7c000000) (1024K)]
  0x0000029e9ca3b170 WorkerThread "GC Thread#8"                     [id=16420, stack(0x000000de7c000000,0x000000de7c100000) (1024K)]
  0x0000029e9ca3bc80 WorkerThread "GC Thread#9"                     [id=15516, stack(0x000000de7c100000,0x000000de7c200000) (1024K)]
  0x0000029e1ff7d950 ConcurrentGCThread "G1 Main Marker"            [id=25356, stack(0x000000de7a300000,0x000000de7a400000) (1024K)]
  0x0000029e52999480 WorkerThread "G1 Conc#0"                       [id=21432, stack(0x000000de7a400000,0x000000de7a500000) (1024K)]
  0x0000029e9ca3a660 WorkerThread "G1 Conc#1"                       [id=26772, stack(0x000000de7ca00000,0x000000de7cb00000) (1024K)]
  0x0000029e9ca3c3e0 WorkerThread "G1 Conc#2"                       [id=11124, stack(0x000000de7cb00000,0x000000de7cc00000) (1024K)]
  0x0000029e52a0d380 ConcurrentGCThread "G1 Refine#0"               [id=27788, stack(0x000000de7a500000,0x000000de7a600000) (1024K)]
  0x0000029e52a0dcb0 ConcurrentGCThread "G1 Service"                [id=27968, stack(0x000000de7a600000,0x000000de7a700000) (1024K)]
Total: 18

Threads with active compile tasks:
C2 CompilerThread0  17753 5310       4       org.objectweb.asm.ClassReader::accept (1419 bytes)
Total: 1

VM state: not at safepoint (normal execution)

VM Mutex/Monitor currently owned by a thread: None

Heap address: 0x0000000600000000, size: 8192 MB, Compressed Oops mode: Zero based, Oop shift amount: 3

CDS archive(s) mapped at: [0x0000029e56000000-0x0000029e56c60000-0x0000029e56c60000), size 12976128, SharedBaseAddress: 0x0000029e56000000, ArchiveRelocationMode: 1.
Compressed class space mapped at: 0x0000029e57000000-0x0000029e97000000, reserved size: 1073741824
Narrow klass base: 0x0000029e56000000, Narrow klass shift: 0, Narrow klass range: 0x41000000

GC Precious Log:
 CardTable entry size: 512
 Card Set container configuration: InlinePtr #cards 4 size 8 Array Of Cards #cards 32 size 80 Howl #buckets 8 coarsen threshold 7372 Howl Bitmap #cards 1024 size 144 coarsen threshold 921 Card regions per heap region 1 cards per card region 8192
 CPUs: 12 total, 12 available
 Memory: 15710M
 Large Page Support: Disabled
 NUMA Support: Disabled
 Compressed Oops: Enabled (Zero based)
 Heap Region Size: 4M
 Heap Min Capacity: 8M
 Heap Initial Capacity: 248M
 Heap Max Capacity: 8G
 Pre-touch: Disabled
 Parallel Workers: 10
 Concurrent Workers: 3
 Concurrent Refinement Workers: 10
 Periodic GC: Disabled

Heap:
 garbage-first heap   total reserved 8388608K, committed 622592K, used 120309K [0x0000000600000000, 0x0000000800000000)
  region size 4096K, 21 young (86016K), 6 survivors (24576K)
 Metaspace       used 36098K, committed 37504K, reserved 1114112K
  class space    used 5146K, committed 5824K, reserved 1048576K

Heap Regions: E=young(eden), S=young(survivor), O=old, HS=humongous(starts), HC=humongous(continues), CS=collection set, F=free, TAMS=top-at-mark-start, PB=parsable bottom
|   0|0x0000000600000000, 0x0000000600400000, 0x0000000600400000|100%|HS|  |TAMS 0x0000000600000000| PB 0x0000000600000000| Complete |  0
|   1|0x0000000600400000, 0x0000000600800000, 0x0000000600800000|100%| O|  |TAMS 0x0000000600400000| PB 0x0000000600400000| Untracked |  0
|   2|0x0000000600800000, 0x0000000600c00000, 0x0000000600c00000|100%| O|  |TAMS 0x0000000600800000| PB 0x0000000600800000| Untracked |  0
|   3|0x0000000600c00000, 0x0000000601000000, 0x0000000601000000|100%| O|  |TAMS 0x0000000600c00000| PB 0x0000000600c00000| Untracked |  0
|   4|0x0000000601000000, 0x0000000601400000, 0x0000000601400000|100%| O|  |TAMS 0x0000000601000000| PB 0x0000000601000000| Untracked |  0
|   5|0x0000000601400000, 0x0000000601800000, 0x0000000601800000|100%| O|  |TAMS 0x0000000601400000| PB 0x0000000601400000| Untracked |  0
|   6|0x0000000601800000, 0x0000000601c00000, 0x0000000601c00000|100%| O|  |TAMS 0x0000000601800000| PB 0x0000000601800000| Untracked |  0
|   7|0x0000000601c00000, 0x0000000601fa44d0, 0x0000000602000000| 91%| O|  |TAMS 0x0000000601c00000| PB 0x0000000601c00000| Untracked |  0
|   8|0x0000000602000000, 0x0000000602000000, 0x0000000602400000|  0%| F|  |TAMS 0x0000000602000000| PB 0x0000000602000000| Untracked |  0
|   9|0x0000000602400000, 0x0000000602400000, 0x0000000602800000|  0%| F|  |TAMS 0x0000000602400000| PB 0x0000000602400000| Untracked |  0
|  10|0x0000000602800000, 0x0000000602800000, 0x0000000602c00000|  0%| F|  |TAMS 0x0000000602800000| PB 0x0000000602800000| Untracked |  0
|  11|0x0000000602c00000, 0x0000000602c00000, 0x0000000603000000|  0%| F|  |TAMS 0x0000000602c00000| PB 0x0000000602c00000| Untracked |  0
|  12|0x0000000603000000, 0x0000000603000000, 0x0000000603400000|  0%| F|  |TAMS 0x0000000603000000| PB 0x0000000603000000| Untracked |  0
|  13|0x0000000603400000, 0x0000000603400000, 0x0000000603800000|  0%| F|  |TAMS 0x0000000603400000| PB 0x0000000603400000| Untracked |  0
|  14|0x0000000603800000, 0x0000000603800000, 0x0000000603c00000|  0%| F|  |TAMS 0x0000000603800000| PB 0x0000000603800000| Untracked |  0
|  15|0x0000000603c00000, 0x0000000603c00000, 0x0000000604000000|  0%| F|  |TAMS 0x0000000603c00000| PB 0x0000000603c00000| Untracked |  0
|  16|0x0000000604000000, 0x0000000604000000, 0x0000000604400000|  0%| F|  |TAMS 0x0000000604000000| PB 0x0000000604000000| Untracked |  0
|  17|0x0000000604400000, 0x0000000604400000, 0x0000000604800000|  0%| F|  |TAMS 0x0000000604400000| PB 0x0000000604400000| Untracked |  0
|  18|0x0000000604800000, 0x0000000604800000, 0x0000000604c00000|  0%| F|  |TAMS 0x0000000604800000| PB 0x0000000604800000| Untracked |  0
|  19|0x0000000604c00000, 0x0000000604c00000, 0x0000000605000000|  0%| F|  |TAMS 0x0000000604c00000| PB 0x0000000604c00000| Untracked |  0
|  20|0x0000000605000000, 0x0000000605000000, 0x0000000605400000|  0%| F|  |TAMS 0x0000000605000000| PB 0x0000000605000000| Untracked |  0
|  21|0x0000000605400000, 0x0000000605400000, 0x0000000605800000|  0%| F|  |TAMS 0x0000000605400000| PB 0x0000000605400000| Untracked |  0
|  22|0x0000000605800000, 0x0000000605800000, 0x0000000605c00000|  0%| F|  |TAMS 0x0000000605800000| PB 0x0000000605800000| Untracked |  0
|  23|0x0000000605c00000, 0x0000000605c00000, 0x0000000606000000|  0%| F|  |TAMS 0x0000000605c00000| PB 0x0000000605c00000| Untracked |  0
|  24|0x0000000606000000, 0x0000000606000000, 0x0000000606400000|  0%| F|  |TAMS 0x0000000606000000| PB 0x0000000606000000| Untracked |  0
|  25|0x0000000606400000, 0x0000000606400000, 0x0000000606800000|  0%| F|  |TAMS 0x0000000606400000| PB 0x0000000606400000| Untracked |  0
|  26|0x0000000606800000, 0x0000000606800000, 0x0000000606c00000|  0%| F|  |TAMS 0x0000000606800000| PB 0x0000000606800000| Untracked |  0
|  27|0x0000000606c00000, 0x0000000606c00000, 0x0000000607000000|  0%| F|  |TAMS 0x0000000606c00000| PB 0x0000000606c00000| Untracked |  0
|  28|0x0000000607000000, 0x0000000607000000, 0x0000000607400000|  0%| F|  |TAMS 0x0000000607000000| PB 0x0000000607000000| Untracked |  0
|  29|0x0000000607400000, 0x0000000607400000, 0x0000000607800000|  0%| F|  |TAMS 0x0000000607400000| PB 0x0000000607400000| Untracked |  0
|  30|0x0000000607800000, 0x0000000607800000, 0x0000000607c00000|  0%| F|  |TAMS 0x0000000607800000| PB 0x0000000607800000| Untracked |  0
|  31|0x0000000607c00000, 0x0000000607c00000, 0x0000000608000000|  0%| F|  |TAMS 0x0000000607c00000| PB 0x0000000607c00000| Untracked |  0
|  32|0x0000000608000000, 0x0000000608000000, 0x0000000608400000|  0%| F|  |TAMS 0x0000000608000000| PB 0x0000000608000000| Untracked |  0
|  33|0x0000000608400000, 0x0000000608400000, 0x0000000608800000|  0%| F|  |TAMS 0x0000000608400000| PB 0x0000000608400000| Untracked |  0
|  34|0x0000000608800000, 0x0000000608800000, 0x0000000608c00000|  0%| F|  |TAMS 0x0000000608800000| PB 0x0000000608800000| Untracked |  0
|  35|0x0000000608c00000, 0x0000000608c00000, 0x0000000609000000|  0%| F|  |TAMS 0x0000000608c00000| PB 0x0000000608c00000| Untracked |  0
|  36|0x0000000609000000, 0x0000000609000000, 0x0000000609400000|  0%| F|  |TAMS 0x0000000609000000| PB 0x0000000609000000| Untracked |  0
|  37|0x0000000609400000, 0x0000000609400000, 0x0000000609800000|  0%| F|  |TAMS 0x0000000609400000| PB 0x0000000609400000| Untracked |  0
|  38|0x0000000609800000, 0x0000000609800000, 0x0000000609c00000|  0%| F|  |TAMS 0x0000000609800000| PB 0x0000000609800000| Untracked |  0
|  39|0x0000000609c00000, 0x0000000609c00000, 0x000000060a000000|  0%| F|  |TAMS 0x0000000609c00000| PB 0x0000000609c00000| Untracked |  0
|  40|0x000000060a000000, 0x000000060a000000, 0x000000060a400000|  0%| F|  |TAMS 0x000000060a000000| PB 0x000000060a000000| Untracked |  0
|  41|0x000000060a400000, 0x000000060a400000, 0x000000060a800000|  0%| F|  |TAMS 0x000000060a400000| PB 0x000000060a400000| Untracked |  0
|  42|0x000000060a800000, 0x000000060a800000, 0x000000060ac00000|  0%| F|  |TAMS 0x000000060a800000| PB 0x000000060a800000| Untracked |  0
|  43|0x000000060ac00000, 0x000000060ac00000, 0x000000060b000000|  0%| F|  |TAMS 0x000000060ac00000| PB 0x000000060ac00000| Untracked |  0
|  44|0x000000060b000000, 0x000000060b1d9228, 0x000000060b400000| 46%| S|CS|TAMS 0x000000060b000000| PB 0x000000060b000000| Complete |  0
|  45|0x000000060b400000, 0x000000060b800000, 0x000000060b800000|100%| S|CS|TAMS 0x000000060b400000| PB 0x000000060b400000| Complete |  0
|  46|0x000000060b800000, 0x000000060bc00000, 0x000000060bc00000|100%| S|CS|TAMS 0x000000060b800000| PB 0x000000060b800000| Complete |  0
|  47|0x000000060bc00000, 0x000000060c000000, 0x000000060c000000|100%| S|CS|TAMS 0x000000060bc00000| PB 0x000000060bc00000| Complete |  0
|  48|0x000000060c000000, 0x000000060c400000, 0x000000060c400000|100%| S|CS|TAMS 0x000000060c000000| PB 0x000000060c000000| Complete |  0
|  49|0x000000060c400000, 0x000000060c400000, 0x000000060c800000|  0%| F|  |TAMS 0x000000060c400000| PB 0x000000060c400000| Untracked |  0
|  50|0x000000060c800000, 0x000000060c800000, 0x000000060cc00000|  0%| F|  |TAMS 0x000000060c800000| PB 0x000000060c800000| Untracked |  0
|  51|0x000000060cc00000, 0x000000060cc00000, 0x000000060d000000|  0%| F|  |TAMS 0x000000060cc00000| PB 0x000000060cc00000| Untracked |  0
|  52|0x000000060d000000, 0x000000060d000000, 0x000000060d400000|  0%| F|  |TAMS 0x000000060d000000| PB 0x000000060d000000| Untracked |  0
|  53|0x000000060d400000, 0x000000060d400000, 0x000000060d800000|  0%| F|  |TAMS 0x000000060d400000| PB 0x000000060d400000| Untracked |  0
|  54|0x000000060d800000, 0x000000060dc00000, 0x000000060dc00000|100%| S|CS|TAMS 0x000000060d800000| PB 0x000000060d800000| Complete |  0
|  55|0x000000060dc00000, 0x000000060dc00000, 0x000000060e000000|  0%| F|  |TAMS 0x000000060dc00000| PB 0x000000060dc00000| Untracked |  0
|  56|0x000000060e000000, 0x000000060e000000, 0x000000060e400000|  0%| F|  |TAMS 0x000000060e000000| PB 0x000000060e000000| Untracked |  0
|  57|0x000000060e400000, 0x000000060e400000, 0x000000060e800000|  0%| F|  |TAMS 0x000000060e400000| PB 0x000000060e400000| Untracked |  0
|  58|0x000000060e800000, 0x000000060e800000, 0x000000060ec00000|  0%| F|  |TAMS 0x000000060e800000| PB 0x000000060e800000| Untracked |  0
|  59|0x000000060ec00000, 0x000000060ec00000, 0x000000060f000000|  0%| F|  |TAMS 0x000000060ec00000| PB 0x000000060ec00000| Untracked |  0
|  60|0x000000060f000000, 0x000000060f000000, 0x000000060f400000|  0%| F|  |TAMS 0x000000060f000000| PB 0x000000060f000000| Untracked |  0
|  61|0x000000060f400000, 0x000000060f400000, 0x000000060f800000|  0%| F|  |TAMS 0x000000060f400000| PB 0x000000060f400000| Untracked |  0
|  62|0x000000060f800000, 0x000000060f800000, 0x000000060fc00000|  0%| F|  |TAMS 0x000000060f800000| PB 0x000000060f800000| Untracked |  0
|  63|0x000000060fc00000, 0x000000060fc00000, 0x0000000610000000|  0%| F|  |TAMS 0x000000060fc00000| PB 0x000000060fc00000| Untracked |  0
|  64|0x0000000610000000, 0x0000000610000000, 0x0000000610400000|  0%| F|  |TAMS 0x0000000610000000| PB 0x0000000610000000| Untracked |  0
|  65|0x0000000610400000, 0x0000000610400000, 0x0000000610800000|  0%| F|  |TAMS 0x0000000610400000| PB 0x0000000610400000| Untracked |  0
|  66|0x0000000610800000, 0x0000000610800000, 0x0000000610c00000|  0%| F|  |TAMS 0x0000000610800000| PB 0x0000000610800000| Untracked |  0
|  67|0x0000000610c00000, 0x0000000610c00000, 0x0000000611000000|  0%| F|  |TAMS 0x0000000610c00000| PB 0x0000000610c00000| Untracked |  0
|  68|0x0000000611000000, 0x0000000611000000, 0x0000000611400000|  0%| F|  |TAMS 0x0000000611000000| PB 0x0000000611000000| Untracked |  0
|  69|0x0000000611400000, 0x0000000611400000, 0x0000000611800000|  0%| F|  |TAMS 0x0000000611400000| PB 0x0000000611400000| Untracked |  0
|  70|0x0000000611800000, 0x0000000611800000, 0x0000000611c00000|  0%| F|  |TAMS 0x0000000611800000| PB 0x0000000611800000| Untracked |  0
|  71|0x0000000611c00000, 0x0000000611c00000, 0x0000000612000000|  0%| F|  |TAMS 0x0000000611c00000| PB 0x0000000611c00000| Untracked |  0
|  72|0x0000000612000000, 0x0000000612000000, 0x0000000612400000|  0%| F|  |TAMS 0x0000000612000000| PB 0x0000000612000000| Untracked |  0
|  73|0x0000000612400000, 0x0000000612400000, 0x0000000612800000|  0%| F|  |TAMS 0x0000000612400000| PB 0x0000000612400000| Untracked |  0
|  74|0x0000000612800000, 0x0000000612800000, 0x0000000612c00000|  0%| F|  |TAMS 0x0000000612800000| PB 0x0000000612800000| Untracked |  0
|  75|0x0000000612c00000, 0x0000000612c00000, 0x0000000613000000|  0%| F|  |TAMS 0x0000000612c00000| PB 0x0000000612c00000| Untracked |  0
|  76|0x0000000613000000, 0x0000000613000000, 0x0000000613400000|  0%| F|  |TAMS 0x0000000613000000| PB 0x0000000613000000| Untracked |  0
|  77|0x0000000613400000, 0x0000000613400000, 0x0000000613800000|  0%| F|  |TAMS 0x0000000613400000| PB 0x0000000613400000| Untracked |  0
|  78|0x0000000613800000, 0x0000000613800000, 0x0000000613c00000|  0%| F|  |TAMS 0x0000000613800000| PB 0x0000000613800000| Untracked |  0
|  79|0x0000000613c00000, 0x0000000613c00000, 0x0000000614000000|  0%| F|  |TAMS 0x0000000613c00000| PB 0x0000000613c00000| Untracked |  0
|  80|0x0000000614000000, 0x0000000614000000, 0x0000000614400000|  0%| F|  |TAMS 0x0000000614000000| PB 0x0000000614000000| Untracked |  0
|  81|0x0000000614400000, 0x0000000614400000, 0x0000000614800000|  0%| F|  |TAMS 0x0000000614400000| PB 0x0000000614400000| Untracked |  0
|  82|0x0000000614800000, 0x0000000614800000, 0x0000000614c00000|  0%| F|  |TAMS 0x0000000614800000| PB 0x0000000614800000| Untracked |  0
|  83|0x0000000614c00000, 0x0000000614c00000, 0x0000000615000000|  0%| F|  |TAMS 0x0000000614c00000| PB 0x0000000614c00000| Untracked |  0
|  84|0x0000000615000000, 0x0000000615000000, 0x0000000615400000|  0%| F|  |TAMS 0x0000000615000000| PB 0x0000000615000000| Untracked |  0
|  85|0x0000000615400000, 0x0000000615400000, 0x0000000615800000|  0%| F|  |TAMS 0x0000000615400000| PB 0x0000000615400000| Untracked |  0
|  86|0x0000000615800000, 0x0000000615800000, 0x0000000615c00000|  0%| F|  |TAMS 0x0000000615800000| PB 0x0000000615800000| Untracked |  0
|  87|0x0000000615c00000, 0x0000000615c00000, 0x0000000616000000|  0%| F|  |TAMS 0x0000000615c00000| PB 0x0000000615c00000| Untracked |  0
|  88|0x0000000616000000, 0x0000000616000000, 0x0000000616400000|  0%| F|  |TAMS 0x0000000616000000| PB 0x0000000616000000| Untracked |  0
|  89|0x0000000616400000, 0x0000000616400000, 0x0000000616800000|  0%| F|  |TAMS 0x0000000616400000| PB 0x0000000616400000| Untracked |  0
|  90|0x0000000616800000, 0x0000000616800000, 0x0000000616c00000|  0%| F|  |TAMS 0x0000000616800000| PB 0x0000000616800000| Untracked |  0
|  91|0x0000000616c00000, 0x0000000616c00000, 0x0000000617000000|  0%| F|  |TAMS 0x0000000616c00000| PB 0x0000000616c00000| Untracked |  0
|  92|0x0000000617000000, 0x0000000617000000, 0x0000000617400000|  0%| F|  |TAMS 0x0000000617000000| PB 0x0000000617000000| Untracked |  0
|  93|0x0000000617400000, 0x0000000617400000, 0x0000000617800000|  0%| F|  |TAMS 0x0000000617400000| PB 0x0000000617400000| Untracked |  0
|  94|0x0000000617800000, 0x0000000617800000, 0x0000000617c00000|  0%| F|  |TAMS 0x0000000617800000| PB 0x0000000617800000| Untracked |  0
|  95|0x0000000617c00000, 0x0000000617c00000, 0x0000000618000000|  0%| F|  |TAMS 0x0000000617c00000| PB 0x0000000617c00000| Untracked |  0
|  96|0x0000000618000000, 0x0000000618000000, 0x0000000618400000|  0%| F|  |TAMS 0x0000000618000000| PB 0x0000000618000000| Untracked |  0
|  97|0x0000000618400000, 0x0000000618400000, 0x0000000618800000|  0%| F|  |TAMS 0x0000000618400000| PB 0x0000000618400000| Untracked |  0
|  98|0x0000000618800000, 0x0000000618800000, 0x0000000618c00000|  0%| F|  |TAMS 0x0000000618800000| PB 0x0000000618800000| Untracked |  0
|  99|0x0000000618c00000, 0x0000000618c00000, 0x0000000619000000|  0%| F|  |TAMS 0x0000000618c00000| PB 0x0000000618c00000| Untracked |  0
| 100|0x0000000619000000, 0x0000000619000000, 0x0000000619400000|  0%| F|  |TAMS 0x0000000619000000| PB 0x0000000619000000| Untracked |  0
| 101|0x0000000619400000, 0x0000000619400000, 0x0000000619800000|  0%| F|  |TAMS 0x0000000619400000| PB 0x0000000619400000| Untracked |  0
| 102|0x0000000619800000, 0x0000000619800000, 0x0000000619c00000|  0%| F|  |TAMS 0x0000000619800000| PB 0x0000000619800000| Untracked |  0
| 103|0x0000000619c00000, 0x0000000619c00000, 0x000000061a000000|  0%| F|  |TAMS 0x0000000619c00000| PB 0x0000000619c00000| Untracked |  0
| 104|0x000000061a000000, 0x000000061a000000, 0x000000061a400000|  0%| F|  |TAMS 0x000000061a000000| PB 0x000000061a000000| Untracked |  0
| 105|0x000000061a400000, 0x000000061a400000, 0x000000061a800000|  0%| F|  |TAMS 0x000000061a400000| PB 0x000000061a400000| Untracked |  0
| 106|0x000000061a800000, 0x000000061a800000, 0x000000061ac00000|  0%| F|  |TAMS 0x000000061a800000| PB 0x000000061a800000| Untracked |  0
| 107|0x000000061ac00000, 0x000000061ac00000, 0x000000061b000000|  0%| F|  |TAMS 0x000000061ac00000| PB 0x000000061ac00000| Untracked |  0
| 108|0x000000061b000000, 0x000000061b000000, 0x000000061b400000|  0%| F|  |TAMS 0x000000061b000000| PB 0x000000061b000000| Untracked |  0
| 109|0x000000061b400000, 0x000000061b400000, 0x000000061b800000|  0%| F|  |TAMS 0x000000061b400000| PB 0x000000061b400000| Untracked |  0
| 110|0x000000061b800000, 0x000000061b800000, 0x000000061bc00000|  0%| F|  |TAMS 0x000000061b800000| PB 0x000000061b800000| Untracked |  0
| 111|0x000000061bc00000, 0x000000061bc00000, 0x000000061c000000|  0%| F|  |TAMS 0x000000061bc00000| PB 0x000000061bc00000| Untracked |  0
| 112|0x000000061c000000, 0x000000061c000000, 0x000000061c400000|  0%| F|  |TAMS 0x000000061c000000| PB 0x000000061c000000| Untracked |  0
| 113|0x000000061c400000, 0x000000061c400000, 0x000000061c800000|  0%| F|  |TAMS 0x000000061c400000| PB 0x000000061c400000| Untracked |  0
| 114|0x000000061c800000, 0x000000061c800000, 0x000000061cc00000|  0%| F|  |TAMS 0x000000061c800000| PB 0x000000061c800000| Untracked |  0
| 115|0x000000061cc00000, 0x000000061cc00000, 0x000000061d000000|  0%| F|  |TAMS 0x000000061cc00000| PB 0x000000061cc00000| Untracked |  0
| 116|0x000000061d000000, 0x000000061d000000, 0x000000061d400000|  0%| F|  |TAMS 0x000000061d000000| PB 0x000000061d000000| Untracked |  0
| 117|0x000000061d400000, 0x000000061d400000, 0x000000061d800000|  0%| F|  |TAMS 0x000000061d400000| PB 0x000000061d400000| Untracked |  0
| 118|0x000000061d800000, 0x000000061d800000, 0x000000061dc00000|  0%| F|  |TAMS 0x000000061d800000| PB 0x000000061d800000| Untracked |  0
| 119|0x000000061dc00000, 0x000000061dc00000, 0x000000061e000000|  0%| F|  |TAMS 0x000000061dc00000| PB 0x000000061dc00000| Untracked |  0
| 120|0x000000061e000000, 0x000000061e000000, 0x000000061e400000|  0%| F|  |TAMS 0x000000061e000000| PB 0x000000061e000000| Untracked |  0
| 121|0x000000061e400000, 0x000000061e400000, 0x000000061e800000|  0%| F|  |TAMS 0x000000061e400000| PB 0x000000061e400000| Untracked |  0
| 122|0x000000061e800000, 0x000000061e800000, 0x000000061ec00000|  0%| F|  |TAMS 0x000000061e800000| PB 0x000000061e800000| Untracked |  0
| 123|0x000000061ec00000, 0x000000061ec00000, 0x000000061f000000|  0%| F|  |TAMS 0x000000061ec00000| PB 0x000000061ec00000| Untracked |  0
| 124|0x000000061f000000, 0x000000061f000000, 0x000000061f400000|  0%| F|  |TAMS 0x000000061f000000| PB 0x000000061f000000| Untracked |  0
| 125|0x000000061f400000, 0x000000061f400000, 0x000000061f800000|  0%| F|  |TAMS 0x000000061f400000| PB 0x000000061f400000| Untracked |  0
| 126|0x000000061f800000, 0x000000061f800000, 0x000000061fc00000|  0%| F|  |TAMS 0x000000061f800000| PB 0x000000061f800000| Untracked |  0
| 127|0x000000061fc00000, 0x000000061fc00000, 0x0000000620000000|  0%| F|  |TAMS 0x000000061fc00000| PB 0x000000061fc00000| Untracked |  0
| 128|0x0000000620000000, 0x0000000620000000, 0x0000000620400000|  0%| F|  |TAMS 0x0000000620000000| PB 0x0000000620000000| Untracked |  0
| 129|0x0000000620400000, 0x0000000620400000, 0x0000000620800000|  0%| F|  |TAMS 0x0000000620400000| PB 0x0000000620400000| Untracked |  0
| 130|0x0000000620800000, 0x0000000620800000, 0x0000000620c00000|  0%| F|  |TAMS 0x0000000620800000| PB 0x0000000620800000| Untracked |  0
| 131|0x0000000620c00000, 0x0000000620c00000, 0x0000000621000000|  0%| F|  |TAMS 0x0000000620c00000| PB 0x0000000620c00000| Untracked |  0
| 132|0x0000000621000000, 0x0000000621000000, 0x0000000621400000|  0%| F|  |TAMS 0x0000000621000000| PB 0x0000000621000000| Untracked |  0
| 133|0x0000000621400000, 0x0000000621400000, 0x0000000621800000|  0%| F|  |TAMS 0x0000000621400000| PB 0x0000000621400000| Untracked |  0
| 134|0x0000000621800000, 0x0000000621a00000, 0x0000000621c00000| 50%| E|  |TAMS 0x0000000621800000| PB 0x0000000621800000| Complete |  0
| 135|0x0000000621c00000, 0x0000000622000000, 0x0000000622000000|100%| E|CS|TAMS 0x0000000621c00000| PB 0x0000000621c00000| Complete |  0
| 136|0x0000000622000000, 0x0000000622400000, 0x0000000622400000|100%| E|CS|TAMS 0x0000000622000000| PB 0x0000000622000000| Complete |  0
| 137|0x0000000622400000, 0x0000000622800000, 0x0000000622800000|100%| E|CS|TAMS 0x0000000622400000| PB 0x0000000622400000| Complete |  0
| 138|0x0000000622800000, 0x0000000622c00000, 0x0000000622c00000|100%| E|CS|TAMS 0x0000000622800000| PB 0x0000000622800000| Complete |  0
| 139|0x0000000622c00000, 0x0000000623000000, 0x0000000623000000|100%| E|CS|TAMS 0x0000000622c00000| PB 0x0000000622c00000| Complete |  0
| 140|0x0000000623000000, 0x0000000623400000, 0x0000000623400000|100%| E|CS|TAMS 0x0000000623000000| PB 0x0000000623000000| Complete |  0
| 141|0x0000000623400000, 0x0000000623800000, 0x0000000623800000|100%| E|CS|TAMS 0x0000000623400000| PB 0x0000000623400000| Complete |  0
| 142|0x0000000623800000, 0x0000000623c00000, 0x0000000623c00000|100%| E|CS|TAMS 0x0000000623800000| PB 0x0000000623800000| Complete |  0
| 143|0x0000000623c00000, 0x0000000624000000, 0x0000000624000000|100%| E|CS|TAMS 0x0000000623c00000| PB 0x0000000623c00000| Complete |  0
| 144|0x0000000624000000, 0x0000000624400000, 0x0000000624400000|100%| E|CS|TAMS 0x0000000624000000| PB 0x0000000624000000| Complete |  0
| 145|0x0000000624400000, 0x0000000624800000, 0x0000000624800000|100%| E|CS|TAMS 0x0000000624400000| PB 0x0000000624400000| Complete |  0
| 146|0x0000000624800000, 0x0000000624c00000, 0x0000000624c00000|100%| E|CS|TAMS 0x0000000624800000| PB 0x0000000624800000| Complete |  0
| 147|0x0000000624c00000, 0x0000000625000000, 0x0000000625000000|100%| E|CS|TAMS 0x0000000624c00000| PB 0x0000000624c00000| Complete |  0
| 148|0x0000000625000000, 0x0000000625400000, 0x0000000625400000|100%| E|CS|TAMS 0x0000000625000000| PB 0x0000000625000000| Complete |  0
| 149|0x0000000625400000, 0x0000000625800000, 0x0000000625800000|100%| E|CS|TAMS 0x0000000625400000| PB 0x0000000625400000| Complete |  0
|2046|0x00000007ff800000, 0x00000007ffc00000, 0x00000007ffc00000|100%| O|  |TAMS 0x00000007ff800000| PB 0x00000007ff800000| Untracked |  0
|2047|0x00000007ffc00000, 0x0000000800000000, 0x0000000800000000|100%| O|  |TAMS 0x00000007ffc00000| PB 0x00000007ffc00000| Untracked |  0

Card table byte_map: [0x0000029e49990000,0x0000029e4a990000] _byte_map_base: 0x0000029e46990000

Marking Bits: (CMBitMap*) 0x0000029e1ff752c0
 Bits: [0x0000029e4a990000, 0x0000029e52990000)

Polling page: 0x0000029e1de40000

Metaspace:

Usage:
  Non-class:     30.23 MB used.
      Class:      5.03 MB used.
       Both:     35.25 MB used.

Virtual space:
  Non-class space:       64.00 MB reserved,      30.94 MB ( 48%) committed,  1 nodes.
      Class space:        1.00 GB reserved,       5.69 MB ( <1%) committed,  1 nodes.
             Both:        1.06 GB reserved,      36.62 MB (  3%) committed. 

Chunk freelists:
   Non-Class:  400.00 KB
       Class:  10.27 MB
        Both:  10.66 MB

MaxMetaspaceSize: 4.00 GB
CompressedClassSpaceSize: 1.00 GB
Initial GC threshold: 21.00 MB
Current GC threshold: 58.69 MB
CDS: on
 - commit_granule_bytes: 65536.
 - commit_granule_words: 8192.
 - virtual_space_node_default_size: 8388608.
 - enlarge_chunks_in_place: 1.
 - use_allocation_guard: 0.


Internal statistics:

num_allocs_failed_limit: 6.
num_arena_births: 2446.
num_arena_deaths: 0.
num_vsnodes_births: 2.
num_vsnodes_deaths: 0.
num_space_committed: 586.
num_space_uncommitted: 0.
num_chunks_returned_to_freelist: 6.
num_chunks_taken_from_freelist: 4100.
num_chunk_merges: 6.
num_chunk_splits: 2687.
num_chunks_enlarged: 1651.
num_inconsistent_stats: 0.

CodeHeap 'non-profiled nmethods': size=259264Kb used=5083Kb max_used=5083Kb free=254180Kb
 bounds [0x0000029e384e0000, 0x0000029e389e0000, 0x0000029e48210000]
CodeHeap 'profiled nmethods': size=259264Kb used=9537Kb max_used=9537Kb free=249726Kb
 bounds [0x0000029e28210000, 0x0000029e28b70000, 0x0000029e37f40000]
CodeHeap 'non-nmethods': size=5760Kb used=1938Kb max_used=2036Kb free=3821Kb
 bounds [0x0000029e37f40000, 0x0000029e381b0000, 0x0000029e384e0000]
 total_blobs=5580 nmethods=4878 adapters=605
 compilation: enabled
              stopped_count=0, restarted_count=0
 full_count=0

Compilation events (20 events):
Event: 17.636 Thread 0x0000029e5575aef0 nmethod 5341 0x0000029e28b60090 code [0x0000029e28b60240, 0x0000029e28b60470]
Event: 17.641 Thread 0x0000029e9b0007a0 nmethod 5339 0x0000029e389ce490 code [0x0000029e389ce680, 0x0000029e389cef18]
Event: 17.641 Thread 0x0000029e9b0007a0 5342       4       java.util.LinkedList$ListItr::hasNext (20 bytes)
Event: 17.641 Thread 0x0000029e9b0007a0 nmethod 5342 0x0000029e389cf510 code [0x0000029e389cf680, 0x0000029e389cf738]
Event: 17.641 Thread 0x0000029e9b0007a0 5340       4       java.io.ByteArrayOutputStream::ensureCapacity (32 bytes)
Event: 17.642 Thread 0x0000029e9b0007a0 nmethod 5340 0x0000029e389cf810 code [0x0000029e389cf9a0, 0x0000029e389cfbb0]
Event: 17.642 Thread 0x0000029e9b0007a0 5322       4       org.apache.commons.compress.archivers.zip.ZipArchiveOutputStream::versionNeededToExtract (20 bytes)
Event: 17.643 Thread 0x0000029e9b0007a0 nmethod 5322 0x0000029e389cfd10 code [0x0000029e389cfea0, 0x0000029e389cff70]
Event: 17.643 Thread 0x0000029e9b0007a0 5323       4       org.apache.commons.compress.archivers.zip.ZipUtil::toDosTime (10 bytes)
Event: 17.645 Thread 0x0000029e9b0007a0 nmethod 5323 0x0000029e389d0010 code [0x0000029e389d01a0, 0x0000029e389d02c0]
Event: 17.645 Thread 0x0000029e9b0007a0 5343       4       java.util.LinkedList$ListItr::next (56 bytes)
Event: 17.646 Thread 0x0000029e9b003750 nmethod 5330 0x0000029e389d0410 code [0x0000029e389d0680, 0x0000029e389d1278]
Event: 17.646 Thread 0x0000029e9b003750 5344       4       org.apache.commons.compress.archivers.zip.ZipArchiveOutputStream::createCentralFileHeader (140 bytes)
Event: 17.647 Thread 0x0000029e9b0007a0 nmethod 5343 0x0000029e389d1d90 code [0x0000029e389d1f20, 0x0000029e389d2238]
Event: 17.647 Thread 0x0000029e9b0007a0 5345       4       org.apache.commons.compress.archivers.zip.ZipArchiveOutputStream::handleZip64Extra (203 bytes)
Event: 17.647 Thread 0x0000029e9b0007a0 nmethod 5345 0x0000029e389d2390 code [0x0000029e389d2500, 0x0000029e389d25b0]
Event: 17.647 Thread 0x0000029e9b0007a0 5346       4       org.apache.commons.compress.archivers.zip.ZipArchiveOutputStream::createCentralFileHeader (647 bytes)
Event: 17.656 Thread 0x0000029e9b003750 nmethod 5344 0x0000029e389d2690 code [0x0000029e389d2920, 0x0000029e389d3370]
Event: 17.656 Thread 0x0000029e9b003750 5347       4       org.apache.commons.compress.archivers.zip.ExtraFieldUtils::mergeCentralDirectoryData (232 bytes)
Event: 17.666 Thread 0x0000029e9b003750 nmethod 5347 0x0000029e389d3c90 code [0x0000029e389d3e20, 0x0000029e389d3fd8]

GC Heap History (20 events):
Event: 15.060 GC heap before
{Heap before GC invocations=33 (full 0):
 garbage-first heap   total reserved 8388608K, committed 315392K, used 222026K [0x0000000600000000, 0x0000000800000000)
  region size 4096K, 46 young (188416K), 3 survivors (12288K)
 Metaspace       used 36014K, committed 37504K, reserved 1114112K
  class space    used 5146K, committed 5824K, reserved 1048576K
}
Event: 15.068 GC heap after
{Heap after GC invocations=34 (full 0):
 garbage-first heap   total reserved 8388608K, committed 315392K, used 47684K [0x0000000600000000, 0x0000000800000000)
  region size 4096K, 4 young (16384K), 4 survivors (16384K)
 Metaspace       used 36014K, committed 37504K, reserved 1114112K
  class space    used 5146K, committed 5824K, reserved 1048576K
}
Event: 15.268 GC heap before
{Heap before GC invocations=34 (full 0):
 garbage-first heap   total reserved 8388608K, committed 315392K, used 219716K [0x0000000600000000, 0x0000000800000000)
  region size 4096K, 46 young (188416K), 4 survivors (16384K)
 Metaspace       used 36017K, committed 37504K, reserved 1114112K
  class space    used 5146K, committed 5824K, reserved 1048576K
}
Event: 15.274 GC heap after
{Heap after GC invocations=35 (full 0):
 garbage-first heap   total reserved 8388608K, committed 430080K, used 47852K [0x0000000600000000, 0x0000000800000000)
  region size 4096K, 3 young (12288K), 3 survivors (12288K)
 Metaspace       used 36017K, committed 37504K, reserved 1114112K
  class space    used 5146K, committed 5824K, reserved 1048576K
}
Event: 15.550 GC heap before
{Heap before GC invocations=35 (full 0):
 garbage-first heap   total reserved 8388608K, committed 430080K, used 293612K [0x0000000600000000, 0x0000000800000000)
  region size 4096K, 63 young (258048K), 3 survivors (12288K)
 Metaspace       used 36021K, committed 37504K, reserved 1114112K
  class space    used 5146K, committed 5824K, reserved 1048576K
}
Event: 15.556 GC heap after
{Heap after GC invocations=36 (full 0):
 garbage-first heap   total reserved 8388608K, committed 430080K, used 49952K [0x0000000600000000, 0x0000000800000000)
  region size 4096K, 4 young (16384K), 4 survivors (16384K)
 Metaspace       used 36021K, committed 37504K, reserved 1114112K
  class space    used 5146K, committed 5824K, reserved 1048576K
}
Event: 15.798 GC heap before
{Heap before GC invocations=36 (full 0):
 garbage-first heap   total reserved 8388608K, committed 430080K, used 291616K [0x0000000600000000, 0x0000000800000000)
  region size 4096K, 63 young (258048K), 4 survivors (16384K)
 Metaspace       used 36022K, committed 37504K, reserved 1114112K
  class space    used 5146K, committed 5824K, reserved 1048576K
}
Event: 15.805 GC heap after
{Heap after GC invocations=37 (full 0):
 garbage-first heap   total reserved 8388608K, committed 430080K, used 51975K [0x0000000600000000, 0x0000000800000000)
  region size 4096K, 4 young (16384K), 4 survivors (16384K)
 Metaspace       used 36022K, committed 37504K, reserved 1114112K
  class space    used 5146K, committed 5824K, reserved 1048576K
}
Event: 16.084 GC heap before
{Heap before GC invocations=37 (full 0):
 garbage-first heap   total reserved 8388608K, committed 430080K, used 293639K [0x0000000600000000, 0x0000000800000000)
  region size 4096K, 63 young (258048K), 4 survivors (16384K)
 Metaspace       used 36031K, committed 37504K, reserved 1114112K
  class space    used 5146K, committed 5824K, reserved 1048576K
}
Event: 16.090 GC heap after
{Heap after GC invocations=38 (full 0):
 garbage-first heap   total reserved 8388608K, committed 430080K, used 53729K [0x0000000600000000, 0x0000000800000000)
  region size 4096K, 4 young (16384K), 4 survivors (16384K)
 Metaspace       used 36031K, committed 37504K, reserved 1114112K
  class space    used 5146K, committed 5824K, reserved 1048576K
}
Event: 16.381 GC heap before
{Heap before GC invocations=38 (full 0):
 garbage-first heap   total reserved 8388608K, committed 430080K, used 295393K [0x0000000600000000, 0x0000000800000000)
  region size 4096K, 63 young (258048K), 4 survivors (16384K)
 Metaspace       used 36045K, committed 37504K, reserved 1114112K
  class space    used 5146K, committed 5824K, reserved 1048576K
}
Event: 16.388 GC heap after
{Heap after GC invocations=39 (full 0):
 garbage-first heap   total reserved 8388608K, committed 516096K, used 55222K [0x0000000600000000, 0x0000000800000000)
  region size 4096K, 5 young (20480K), 5 survivors (20480K)
 Metaspace       used 36045K, committed 37504K, reserved 1114112K
  class space    used 5146K, committed 5824K, reserved 1048576K
}
Event: 16.703 GC heap before
{Heap before GC invocations=39 (full 0):
 garbage-first heap   total reserved 8388608K, committed 516096K, used 341942K [0x0000000600000000, 0x0000000800000000)
  region size 4096K, 75 young (307200K), 5 survivors (20480K)
 Metaspace       used 36050K, committed 37504K, reserved 1114112K
  class space    used 5146K, committed 5824K, reserved 1048576K
}
Event: 16.711 GC heap after
{Heap after GC invocations=40 (full 0):
 garbage-first heap   total reserved 8388608K, committed 516096K, used 59035K [0x0000000600000000, 0x0000000800000000)
  region size 4096K, 5 young (20480K), 5 survivors (20480K)
 Metaspace       used 36050K, committed 37504K, reserved 1114112K
  class space    used 5146K, committed 5824K, reserved 1048576K
}
Event: 17.045 GC heap before
{Heap before GC invocations=40 (full 0):
 garbage-first heap   total reserved 8388608K, committed 516096K, used 345755K [0x0000000600000000, 0x0000000800000000)
  region size 4096K, 75 young (307200K), 5 survivors (20480K)
 Metaspace       used 36055K, committed 37504K, reserved 1114112K
  class space    used 5146K, committed 5824K, reserved 1048576K
}
Event: 17.052 GC heap after
{Heap after GC invocations=41 (full 0):
 garbage-first heap   total reserved 8388608K, committed 516096K, used 59121K [0x0000000600000000, 0x0000000800000000)
  region size 4096K, 5 young (20480K), 5 survivors (20480K)
 Metaspace       used 36055K, committed 37504K, reserved 1114112K
  class space    used 5146K, committed 5824K, reserved 1048576K
}
Event: 17.334 GC heap before
{Heap before GC invocations=41 (full 0):
 garbage-first heap   total reserved 8388608K, committed 516096K, used 345841K [0x0000000600000000, 0x0000000800000000)
  region size 4096K, 75 young (307200K), 5 survivors (20480K)
 Metaspace       used 36082K, committed 37504K, reserved 1114112K
  class space    used 5146K, committed 5824K, reserved 1048576K
}
Event: 17.342 GC heap after
{Heap after GC invocations=42 (full 0):
 garbage-first heap   total reserved 8388608K, committed 516096K, used 60765K [0x0000000600000000, 0x0000000800000000)
  region size 4096K, 6 young (24576K), 6 survivors (24576K)
 Metaspace       used 36082K, committed 37504K, reserved 1114112K
  class space    used 5146K, committed 5824K, reserved 1048576K
}
Event: 17.657 GC heap before
{Heap before GC invocations=42 (full 0):
 garbage-first heap   total reserved 8388608K, committed 516096K, used 343389K [0x0000000600000000, 0x0000000800000000)
  region size 4096K, 75 young (307200K), 6 survivors (24576K)
 Metaspace       used 36098K, committed 37504K, reserved 1114112K
  class space    used 5146K, committed 5824K, reserved 1048576K
}
Event: 17.666 GC heap after
{Heap after GC invocations=43 (full 0):
 garbage-first heap   total reserved 8388608K, committed 622592K, used 62965K [0x0000000600000000, 0x0000000800000000)
  region size 4096K, 6 young (24576K), 6 survivors (24576K)
 Metaspace       used 36098K, committed 37504K, reserved 1114112K
  class space    used 5146K, committed 5824K, reserved 1048576K
}

Dll operation events (15 events):
Event: 0.009 Loaded shared library C:\Program Files\Java\jdk-22\bin\java.dll
Event: 0.034 Loaded shared library C:\Program Files\Java\jdk-22\bin\jsvml.dll
Event: 0.067 Loaded shared library C:\Program Files\Java\jdk-22\bin\zip.dll
Event: 0.069 Loaded shared library C:\Program Files\Java\jdk-22\bin\instrument.dll
Event: 0.072 Loaded shared library C:\Program Files\Java\jdk-22\bin\net.dll
Event: 0.073 Loaded shared library C:\Program Files\Java\jdk-22\bin\nio.dll
Event: 0.075 Loaded shared library C:\Program Files\Java\jdk-22\bin\zip.dll
Event: 0.277 Loaded shared library C:\Program Files\Java\jdk-22\bin\jimage.dll
Event: 0.477 Loaded shared library C:\Program Files\Java\jdk-22\bin\verify.dll
Event: 0.517 Loaded shared library E:\gradle-cache\native\1def1411415f61bf3af743bc5b6707747c0891f09f0c88961ee8f79bc544acac\windows-amd64\native-platform.dll
Event: 0.578 Loaded shared library E:\gradle-cache\native\0.2.8\x86_64-windows-gnu\gradle-fileevents.dll
Event: 7.848 Loaded shared library C:\Program Files\Java\jdk-22\bin\management.dll
Event: 7.851 Loaded shared library C:\Program Files\Java\jdk-22\bin\management_ext.dll
Event: 7.983 Loaded shared library C:\Program Files\Java\jdk-22\bin\extnet.dll
Event: 8.188 Loaded shared library C:\Program Files\Java\jdk-22\bin\sunmscapi.dll

Deoptimization events (20 events):
Event: 17.631 Thread 0x0000029e9caad450 Uncommon trap: trap_request=0xffffff45 fr.pc=0x0000029e387dec9c relative=0x0000000000000d7c
Event: 17.631 Thread 0x0000029e9caad450 Uncommon trap: reason=unstable_if action=reinterpret pc=0x0000029e387dec9c method=java.io.BufferedOutputStream.implWrite([BII)V @ 5 c2
Event: 17.631 Thread 0x0000029e9caad450 DEOPT PACKING pc=0x0000029e387dec9c sp=0x000000de7c3f8980
Event: 17.631 Thread 0x0000029e9caad450 DEOPT UNPACKING pc=0x0000029e37f946a2 sp=0x000000de7c3f8910 mode 2
Event: 17.631 Thread 0x0000029e9caad450 Uncommon trap: trap_request=0xffffff45 fr.pc=0x0000029e38943984 relative=0x0000000000000b84
Event: 17.631 Thread 0x0000029e9caad450 Uncommon trap: reason=unstable_if action=reinterpret pc=0x0000029e38943984 method=sun.nio.ch.Util$BufferCache.get(I)Ljava/nio/ByteBuffer; @ 47 c2
Event: 17.631 Thread 0x0000029e9caad450 DEOPT PACKING pc=0x0000029e38943984 sp=0x000000de7c3f85f0
Event: 17.631 Thread 0x0000029e9caad450 DEOPT UNPACKING pc=0x0000029e37f946a2 sp=0x000000de7c3f84b8 mode 2
Event: 17.635 Thread 0x0000029e9caad450 Uncommon trap: trap_request=0xffffff45 fr.pc=0x0000029e387e1bec relative=0x0000000000000aac
Event: 17.635 Thread 0x0000029e9caad450 Uncommon trap: reason=unstable_if action=reinterpret pc=0x0000029e387e1bec method=java.io.BufferedOutputStream.implWrite([BII)V @ 5 c2
Event: 17.635 Thread 0x0000029e9caad450 DEOPT PACKING pc=0x0000029e387e1bec sp=0x000000de7c3f88e0
Event: 17.635 Thread 0x0000029e9caad450 DEOPT UNPACKING pc=0x0000029e37f946a2 sp=0x000000de7c3f8908 mode 2
Event: 17.635 Thread 0x0000029e9caad450 Uncommon trap: trap_request=0xffffff45 fr.pc=0x0000029e3891cefc relative=0x000000000000029c
Event: 17.635 Thread 0x0000029e9caad450 Uncommon trap: reason=unstable_if action=reinterpret pc=0x0000029e3891cefc method=sun.nio.ch.Util$BufferCache.get(I)Ljava/nio/ByteBuffer; @ 47 c2
Event: 17.635 Thread 0x0000029e9caad450 DEOPT PACKING pc=0x0000029e3891cefc sp=0x000000de7c3f8550
Event: 17.635 Thread 0x0000029e9caad450 DEOPT UNPACKING pc=0x0000029e37f946a2 sp=0x000000de7c3f84a0 mode 2
Event: 17.644 Thread 0x0000029e9caad450 Uncommon trap: trap_request=0xffffff45 fr.pc=0x0000029e3891c714 relative=0x00000000000001d4
Event: 17.644 Thread 0x0000029e9caad450 Uncommon trap: reason=unstable_if action=reinterpret pc=0x0000029e3891c714 method=sun.nio.ch.Util$BufferCache.get(I)Ljava/nio/ByteBuffer; @ 47 c2
Event: 17.644 Thread 0x0000029e9caad450 DEOPT PACKING pc=0x0000029e3891c714 sp=0x000000de7c3f8500
Event: 17.644 Thread 0x0000029e9caad450 DEOPT UNPACKING pc=0x0000029e37f946a2 sp=0x000000de7c3f84b8 mode 2

Classes loaded (20 events):
Event: 10.527 Loading class java/util/Collections$SynchronizedList done
Event: 10.527 Loading class java/util/Collections$SynchronizedRandomAccessList done
Event: 10.676 Loading class java/nio/file/FileAlreadyExistsException
Event: 10.676 Loading class java/nio/file/FileAlreadyExistsException done
Event: 10.681 Loading class java/nio/charset/UnsupportedCharsetException
Event: 10.681 Loading class java/nio/charset/UnsupportedCharsetException done
Event: 10.682 Loading class java/util/Collections$UnmodifiableSortedMap
Event: 10.682 Loading class java/util/Collections$UnmodifiableSortedMap done
Event: 10.682 Loading class java/util/zip/Deflater
Event: 10.682 Loading class java/util/zip/Deflater done
Event: 10.683 Loading class java/util/zip/Deflater$DeflaterZStreamRef
Event: 10.683 Loading class java/util/zip/Deflater$DeflaterZStreamRef done
Event: 10.688 Loading class java/util/zip/ZipFile$ZipEntryIterator
Event: 10.688 Loading class java/util/zip/ZipFile$ZipEntryIterator done
Event: 10.711 Loading class java/nio/StringCharBuffer
Event: 10.711 Loading class java/nio/StringCharBuffer done
Event: 11.735 Loading class java/lang/foreign/MemorySegment
Event: 11.735 Loading class java/lang/foreign/MemorySegment done
Event: 12.267 Loading class java/util/regex/Pattern$Caret
Event: 12.267 Loading class java/util/regex/Pattern$Caret done

Classes unloaded (0 events):
No events

Classes redefined (0 events):
No events

Internal exceptions (20 events):
Event: 10.471 Thread 0x0000029e9caad450 Exception <a 'java/lang/ClassNotFoundException'{0x00000006027bf768}: groovy/lang/MetaClassImplBeanInfo> (0x00000006027bf768) 
thrown [s\open\src\hotspot\share\classfile\systemDictionary.cpp, line 313]
Event: 10.471 Thread 0x0000029e9caad450 Exception <a 'java/lang/ClassNotFoundException'{0x00000006027c4590}: java/lang/ObjectBeanInfo> (0x00000006027c4590) 
thrown [s\open\src\hotspot\share\classfile\systemDictionary.cpp, line 313]
Event: 10.472 Thread 0x0000029e9caad450 Exception <a 'java/lang/ClassNotFoundException'{0x00000006027ca5b0}: java/lang/ObjectCustomizer> (0x00000006027ca5b0) 
thrown [s\open\src\hotspot\share\classfile\systemDictionary.cpp, line 313]
Event: 10.482 Thread 0x0000029e9caad450 Exception <a 'java/lang/IncompatibleClassChangeError'{0x00000006027da538}: Found class java.lang.Object, but interface was expected> (0x00000006027da538) 
thrown [s\open\src\hotspot\share\interpreter\linkResolver.cpp, line 841]
Event: 10.485 Thread 0x0000029e9caad450 Exception <a 'java/lang/ClassNotFoundException'{0x00000006027fad70}: groovy/lang/MetaClassImplCustomizer> (0x00000006027fad70) 
thrown [s\open\src\hotspot\share\classfile\systemDictionary.cpp, line 313]
Event: 10.487 Thread 0x0000029e9caad450 Exception <a 'java/lang/ClassNotFoundException'{0x0000000602025440}: groovy/lang/ExpandoMetaClassCustomizer> (0x0000000602025440) 
thrown [s\open\src\hotspot\share\classfile\systemDictionary.cpp, line 313]
Event: 10.497 Thread 0x0000029e9caad450 Exception <a 'java/lang/ClassNotFoundException'{0x00000006020b1938}: org/gradle/internal/extensibility/DefaultExtraPropertiesExtensionBeanInfo> (0x00000006020b1938) 
thrown [s\open\src\hotspot\share\classfile\systemDictionary.cpp, line 313]
Event: 10.498 Thread 0x0000029e9caad450 Exception <a 'java/lang/ClassNotFoundException'{0x00000006020ba7c0}: groovy/lang/GroovyObjectSupportBeanInfo> (0x00000006020ba7c0) 
thrown [s\open\src\hotspot\share\classfile\systemDictionary.cpp, line 313]
Event: 10.498 Thread 0x0000029e9caad450 Exception <a 'java/lang/ClassNotFoundException'{0x00000006020c3650}: groovy/lang/GroovyObjectSupportCustomizer> (0x00000006020c3650) 
thrown [s\open\src\hotspot\share\classfile\systemDictionary.cpp, line 313]
Event: 10.499 Thread 0x0000029e9caad450 Exception <a 'java/lang/ClassNotFoundException'{0x00000006020de310}: org/gradle/internal/extensibility/DefaultExtraPropertiesExtensionCustomizer> (0x00000006020de310) 
thrown [s\open\src\hotspot\share\classfile\systemDictionary.cpp, line 313]
Event: 10.501 Thread 0x0000029e9caad450 Exception <a 'java/lang/IncompatibleClassChangeError'{0x00000006020fbfc8}: Found class java.lang.Object, but interface was expected> (0x00000006020fbfc8) 
thrown [s\open\src\hotspot\share\interpreter\linkResolver.cpp, line 841]
Event: 10.513 Thread 0x0000029e9caad450 Exception <a 'sun/nio/fs/WindowsException'{0x00000006021c3040}> (0x00000006021c3040) 
thrown [s\open\src\hotspot\share\prims\jni.cpp, line 520]
Event: 10.523 Thread 0x0000029e9caad450 Exception <a 'java/lang/NoSuchMethodError'{0x00000006022c5420}: 'java.lang.Object java.lang.invoke.Invokers$Holder.invoker(java.lang.Object, java.lang.Object, java.lang.Object, java.lang.Object, java.lang.Object, java.lang.Object)'> (0x00000006022c5420) 
thrown [s\open\src\hotspot\share\interpreter\linkResolver.cpp, line 774]
Event: 10.530 Thread 0x0000029e9caad450 Exception <a 'java/lang/NoSuchMethodError'{0x000000060235dc88}: 'java.lang.Object java.lang.invoke.Invokers$Holder.invoker(java.lang.Object, java.lang.Object, java.lang.Object, java.lang.Object, java.lang.Object, java.lang.Object, java.lang.Object, java.lang.Object, java.lang.Object, java.lang.Object, java.lang.Object, java.lang.Object, java.lang.Object, java.lang.Object, java.lang.Object, java.lang.Object, java.lang.Object, java.lang.Object, java.lang.Object, java.lang.Object, java.lang.Object, java.lang.
Event: 10.531 Thread 0x0000029e9caad450 Exception <a 'java/lang/NoSuchMethodError'{0x0000000602364600}: 'java.lang.Object java.lang.invoke.DelegatingMethodHandle$Holder.delegate(java.lang.Object, java.lang.Object, java.lang.Object, java.lang.Object, java.lang.Object, java.lang.Object, java.lang.Object, java.lang.Object, java.lang.Object, java.lang.Object, java.lang.Object, java.lang.Object, java.lang.Object, java.lang.Object, java.lang.Object, java.lang.Object, java.lang.Object, java.lang.Object, java.lang.Object, java.lang.Object, java.lang.Obj
Event: 10.595 Thread 0x0000029e9caad450 Exception <a 'java/lang/NoSuchMethodError'{0x000000060f5cb0c0}: 'java.lang.Object java.lang.invoke.DirectMethodHandle$Holder.newInvokeSpecial(java.lang.Object, java.lang.Object, java.lang.Object, java.lang.Object, java.lang.Object, java.lang.Object, int)'> (0x000000060f5cb0c0) 
thrown [s\open\src\hotspot\share\interpreter\linkResolver.cpp, line 774]
Event: 10.595 Thread 0x0000029e9caad450 Exception <a 'java/lang/NoSuchMethodError'{0x000000060f5d0058}: 'java.lang.Object java.lang.invoke.DirectMethodHandle$Holder.invokeSpecial(java.lang.Object, java.lang.Object, java.lang.Object, java.lang.Object, java.lang.Object, java.lang.Object, java.lang.Object, int)'> (0x000000060f5d0058) 
thrown [s\open\src\hotspot\share\interpreter\linkResolver.cpp, line 774]
Event: 10.676 Thread 0x0000029e9caad450 Exception <a 'sun/nio/fs/WindowsException'{0x0000000603bfa9e8}> (0x0000000603bfa9e8) 
thrown [s\open\src\hotspot\share\prims\jni.cpp, line 520]
Event: 10.677 Thread 0x0000029e9caad450 Exception <a 'sun/nio/fs/WindowsException'{0x0000000603bfc310}> (0x0000000603bfc310) 
thrown [s\open\src\hotspot\share\prims\jni.cpp, line 520]
Event: 10.688 Thread 0x0000029e9caad450 Implicit null exception at 0x0000029e386bfd76 to 0x0000029e386c091c

ZGC Phase Switch (0 events):
No events

VM Operations (20 events):
Event: 15.060 Executing VM operation: G1CollectForAllocation (G1 Evacuation Pause)
Event: 15.068 Executing VM operation: G1CollectForAllocation (G1 Evacuation Pause) done
Event: 15.268 Executing VM operation: G1CollectForAllocation (G1 Evacuation Pause)
Event: 15.274 Executing VM operation: G1CollectForAllocation (G1 Evacuation Pause) done
Event: 15.550 Executing VM operation: G1CollectForAllocation (G1 Evacuation Pause)
Event: 15.556 Executing VM operation: G1CollectForAllocation (G1 Evacuation Pause) done
Event: 15.798 Executing VM operation: G1CollectForAllocation (G1 Evacuation Pause)
Event: 15.805 Executing VM operation: G1CollectForAllocation (G1 Evacuation Pause) done
Event: 16.084 Executing VM operation: G1CollectForAllocation (G1 Evacuation Pause)
Event: 16.090 Executing VM operation: G1CollectForAllocation (G1 Evacuation Pause) done
Event: 16.381 Executing VM operation: G1CollectForAllocation (G1 Evacuation Pause)
Event: 16.388 Executing VM operation: G1CollectForAllocation (G1 Evacuation Pause) done
Event: 16.703 Executing VM operation: G1CollectForAllocation (G1 Evacuation Pause)
Event: 16.711 Executing VM operation: G1CollectForAllocation (G1 Evacuation Pause) done
Event: 17.045 Executing VM operation: G1CollectForAllocation (G1 Evacuation Pause)
Event: 17.052 Executing VM operation: G1CollectForAllocation (G1 Evacuation Pause) done
Event: 17.334 Executing VM operation: G1CollectForAllocation (G1 Evacuation Pause)
Event: 17.342 Executing VM operation: G1CollectForAllocation (G1 Evacuation Pause) done
Event: 17.657 Executing VM operation: G1CollectForAllocation (G1 Evacuation Pause)
Event: 17.666 Executing VM operation: G1CollectForAllocation (G1 Evacuation Pause) done

Memory protections (0 events):
No events

Nmethod flushes (20 events):
Event: 10.566 Thread 0x0000029e52b6f920 flushing  nmethod 0x0000029e28278810
Event: 10.566 Thread 0x0000029e52b6f920 flushing  nmethod 0x0000029e28279a10
Event: 10.566 Thread 0x0000029e52b6f920 flushing  nmethod 0x0000029e2827a210
Event: 10.566 Thread 0x0000029e52b6f920 flushing  nmethod 0x0000029e2827b390
Event: 10.566 Thread 0x0000029e52b6f920 flushing  nmethod 0x0000029e2827b910
Event: 10.566 Thread 0x0000029e52b6f920 flushing  nmethod 0x0000029e2827c310
Event: 10.566 Thread 0x0000029e52b6f920 flushing  nmethod 0x0000029e2829dc90
Event: 10.566 Thread 0x0000029e52b6f920 flushing  nmethod 0x0000029e282a1a90
Event: 10.566 Thread 0x0000029e52b6f920 flushing  nmethod 0x0000029e282a2010
Event: 10.566 Thread 0x0000029e52b6f920 flushing  nmethod 0x0000029e282a4590
Event: 10.566 Thread 0x0000029e52b6f920 flushing  nmethod 0x0000029e282a6a10
Event: 10.566 Thread 0x0000029e52b6f920 flushing  nmethod 0x0000029e282afb10
Event: 10.566 Thread 0x0000029e52b6f920 flushing  nmethod 0x0000029e2842bc90
Event: 10.566 Thread 0x0000029e52b6f920 flushing  nmethod 0x0000029e2842c390
Event: 10.566 Thread 0x0000029e52b6f920 flushing  nmethod 0x0000029e28461190
Event: 10.566 Thread 0x0000029e52b6f920 flushing  nmethod 0x0000029e28494f10
Event: 10.566 Thread 0x0000029e52b6f920 flushing  nmethod 0x0000029e28496690
Event: 10.566 Thread 0x0000029e52b6f920 flushing  nmethod 0x0000029e28498490
Event: 10.566 Thread 0x0000029e52b6f920 flushing  nmethod 0x0000029e284a2890
Event: 10.566 Thread 0x0000029e52b6f920 flushing  nmethod 0x0000029e285f1c10

Events (20 events):
Event: 8.241 Thread 0x0000029e9ca56a70 Thread added: 0x0000029e9caad450
Event: 8.250 Thread 0x0000029e9caad450 Thread added: 0x0000029e9caaf520
Event: 8.253 Thread 0x0000029e9caad450 Thread added: 0x0000029e9caac0a0
Event: 8.260 Thread 0x0000029e9caad450 Thread added: 0x0000029e9caae170
Event: 8.583 Thread 0x0000029e9caad450 Thread added: 0x0000029e9caadae0
Event: 8.588 Thread 0x0000029e9caad450 Thread added: 0x0000029e9caac730
Event: 8.645 Thread 0x0000029e9caad450 Thread added: 0x0000029e9caae800
Event: 9.186 Thread 0x0000029e5575aef0 Thread added: 0x0000029e9b0007a0
Event: 9.423 Thread 0x0000029e9caad450 Thread added: 0x0000029ea0a1bba0
Event: 9.449 Thread 0x0000029e9caad450 Thread added: 0x0000029ea0a19440
Event: 9.708 Thread 0x0000029e9caad450 Thread added: 0x0000029ea0a1ae80
Event: 9.713 Thread 0x0000029e9caad450 Thread added: 0x0000029ea0a1c230
Event: 9.843 Thread 0x0000029e9caad450 Thread added: 0x0000029ea0a1a7f0
Event: 9.883 Thread 0x0000029e9caad450 Thread added: 0x0000029ea0a1a160
Event: 10.130 Thread 0x0000029e9caad450 Thread added: 0x0000029ea0a18db0
Event: 10.207 Thread 0x0000029e9caad450 Thread added: 0x0000029ea0a19ad0
Event: 14.335 Thread 0x0000029e9b0007a0 Thread exited: 0x0000029e9b0007a0
Event: 14.336 Thread 0x0000029e9b003750 Thread exited: 0x0000029e9b003750
Event: 17.627 Thread 0x0000029e5575aef0 Thread added: 0x0000029e9b003750
Event: 17.627 Thread 0x0000029e5575aef0 Thread added: 0x0000029e9b0007a0


Dynamic libraries:
0x00007ff670290000 - 0x00007ff6702a0000 	C:\Program Files\Java\jdk-22\bin\java.exe
0x00007ffffa820000 - 0x00007ffffaa86000 	C:\WINDOWS\SYSTEM32\ntdll.dll
0x00007ffff8fe0000 - 0x00007ffff90a9000 	C:\WINDOWS\System32\KERNEL32.DLL
0x00007ffff7a40000 - 0x00007ffff7e40000 	C:\WINDOWS\System32\KERNELBASE.dll
0x00007ffff80d0000 - 0x00007ffff821c000 	C:\WINDOWS\System32\ucrtbase.dll
0x00007fffdde90000 - 0x00007fffddeab000 	C:\Program Files\Java\jdk-22\bin\VCRUNTIME140.dll
0x00007fffcc7b0000 - 0x00007fffcc7c7000 	C:\Program Files\Java\jdk-22\bin\jli.dll
0x00007ffff8b20000 - 0x00007ffff8ce7000 	C:\WINDOWS\System32\USER32.dll
0x00007ffff8230000 - 0x00007ffff8257000 	C:\WINDOWS\System32\win32u.dll
0x00007fffd95a0000 - 0x00007fffd9832000 	C:\WINDOWS\WinSxS\amd64_microsoft.windows.common-controls_6595b64144ccf1df_6.0.26100.8737_none_3e092eaee333b772\COMCTL32.dll
0x00007ffff8cf0000 - 0x00007ffff8d1b000 	C:\WINDOWS\System32\GDI32.dll
0x00007ffff7fa0000 - 0x00007ffff80c9000 	C:\WINDOWS\System32\gdi32full.dll
0x00007ffff89b0000 - 0x00007ffff8a59000 	C:\WINDOWS\System32\msvcrt.dll
0x00007ffff84a0000 - 0x00007ffff8543000 	C:\WINDOWS\System32\msvcp_win.dll
0x00007ffff9510000 - 0x00007ffff9542000 	C:\WINDOWS\System32\IMM32.DLL
0x00007fffdd0e0000 - 0x00007fffdd0ec000 	C:\Program Files\Java\jdk-22\bin\vcruntime140_1.dll
0x00007fffbcaa0000 - 0x00007fffbcb2e000 	C:\Program Files\Java\jdk-22\bin\msvcp140.dll
0x00007fff55b60000 - 0x00007fff568a9000 	C:\Program Files\Java\jdk-22\bin\server\jvm.dll
0x00007ffff9440000 - 0x00007ffff94f7000 	C:\WINDOWS\System32\ADVAPI32.dll
0x00007ffff8a60000 - 0x00007ffff8b0a000 	C:\WINDOWS\System32\sechost.dll
0x00007ffff9820000 - 0x00007ffff9938000 	C:\WINDOWS\System32\RPCRT4.dll
0x00007ffff88a0000 - 0x00007ffff8920000 	C:\WINDOWS\System32\WS2_32.dll
0x00007ffff78c0000 - 0x00007ffff791e000 	C:\WINDOWS\SYSTEM32\POWRPROF.dll
0x00007fffefeb0000 - 0x00007fffefee6000 	C:\WINDOWS\SYSTEM32\WINMM.dll
0x00007ffff04c0000 - 0x00007ffff04cb000 	C:\WINDOWS\SYSTEM32\VERSION.dll
0x00007ffff78a0000 - 0x00007ffff78b4000 	C:\WINDOWS\SYSTEM32\UMPDC.dll
0x00007ffff6720000 - 0x00007ffff673b000 	C:\WINDOWS\SYSTEM32\kernel.appcore.dll
0x00007fffdd0d0000 - 0x00007fffdd0da000 	C:\Program Files\Java\jdk-22\bin\jimage.dll
0x00007fffe93b0000 - 0x00007fffe95f2000 	C:\WINDOWS\SYSTEM32\DBGHELP.DLL
0x00007ffff90b0000 - 0x00007ffff9433000 	C:\WINDOWS\System32\combase.dll
0x00007ffff9740000 - 0x00007ffff9819000 	C:\WINDOWS\System32\OLEAUT32.dll
0x00007fffcc720000 - 0x00007fffcc75b000 	C:\WINDOWS\SYSTEM32\dbgcore.DLL
0x00007ffff7e50000 - 0x00007ffff7efc000 	C:\WINDOWS\System32\bcryptPrimitives.dll
0x00007fffed750000 - 0x00007fffed75f000 	C:\Program Files\Java\jdk-22\bin\instrument.dll
0x00007fffdb1c0000 - 0x00007fffdb1de000 	C:\Program Files\Java\jdk-22\bin\java.dll
0x00007ffff9940000 - 0x00007ffffa0d2000 	C:\WINDOWS\System32\SHELL32.dll
0x00007ffff8700000 - 0x00007ffff8899000 	C:\WINDOWS\System32\ole32.dll
0x00007ffff54b0000 - 0x00007ffff5d42000 	C:\WINDOWS\SYSTEM32\windows.storage.dll
0x00007ffff85e0000 - 0x00007ffff86d7000 	C:\WINDOWS\System32\SHCORE.dll
0x00007ffff8d20000 - 0x00007ffff8d87000 	C:\WINDOWS\System32\shlwapi.dll
0x00007ffff7960000 - 0x00007ffff7989000 	C:\WINDOWS\SYSTEM32\profapi.dll
0x00007fff82fb0000 - 0x00007fff83087000 	C:\Program Files\Java\jdk-22\bin\jsvml.dll
0x00007fffd7220000 - 0x00007fffd7237000 	C:\Program Files\Java\jdk-22\bin\zip.dll
0x00007fffdca20000 - 0x00007fffdca30000 	C:\Program Files\Java\jdk-22\bin\net.dll
0x00007ffff6cd0000 - 0x00007ffff6d3c000 	C:\WINDOWS\system32\mswsock.dll
0x00007fffd7460000 - 0x00007fffd7476000 	C:\Program Files\Java\jdk-22\bin\nio.dll
0x00007fffdc3a0000 - 0x00007fffdc3b0000 	C:\Program Files\Java\jdk-22\bin\verify.dll
0x00007fffc5ba0000 - 0x00007fffc5bc7000 	E:\gradle-cache\native\1def1411415f61bf3af743bc5b6707747c0891f09f0c88961ee8f79bc544acac\windows-amd64\native-platform.dll
0x00007fff92800000 - 0x00007fff92877000 	E:\gradle-cache\native\0.2.8\x86_64-windows-gnu\gradle-fileevents.dll
0x00007fffd18a0000 - 0x00007fffd18aa000 	C:\Program Files\Java\jdk-22\bin\management.dll
0x00007fffccc30000 - 0x00007fffccc3b000 	C:\Program Files\Java\jdk-22\bin\management_ext.dll
0x00007ffff8b10000 - 0x00007ffff8b18000 	C:\WINDOWS\System32\PSAPI.DLL
0x00007ffff6100000 - 0x00007ffff6133000 	C:\WINDOWS\SYSTEM32\IPHLPAPI.DLL
0x00007ffff9730000 - 0x00007ffff973a000 	C:\WINDOWS\System32\NSI.dll
0x00007fffdc130000 - 0x00007fffdc139000 	C:\Program Files\Java\jdk-22\bin\extnet.dll
0x00007ffff6fd0000 - 0x00007ffff6feb000 	C:\WINDOWS\SYSTEM32\CRYPTSP.dll
0x00007ffff6680000 - 0x00007ffff66b9000 	C:\WINDOWS\system32\rsaenh.dll
0x00007ffff6d90000 - 0x00007ffff6dc2000 	C:\WINDOWS\SYSTEM32\USERENV.dll
0x00007ffff7930000 - 0x00007ffff795a000 	C:\WINDOWS\SYSTEM32\bcrypt.dll
0x00007ffff6ff0000 - 0x00007ffff6ffc000 	C:\WINDOWS\SYSTEM32\CRYPTBASE.dll
0x00007fffdd0f0000 - 0x00007fffdd0fe000 	C:\Program Files\Java\jdk-22\bin\sunmscapi.dll
0x00007ffff8260000 - 0x00007ffff83d8000 	C:\WINDOWS\System32\CRYPT32.dll
0x00007ffff7210000 - 0x00007ffff7240000 	C:\WINDOWS\SYSTEM32\ncrypt.dll
0x00007ffff71c0000 - 0x00007ffff71ff000 	C:\WINDOWS\SYSTEM32\NTASN1.dll
0x00007fff93750000 - 0x00007fff93758000 	C:\WINDOWS\system32\wshunix.dll

dbghelp: loaded successfully - version: 4.0.5 - missing functions: none
symbol engine: initialized successfully - sym options: 0x614 - pdb path: .;C:\Program Files\Java\jdk-22\bin;C:\WINDOWS\SYSTEM32;C:\WINDOWS\WinSxS\amd64_microsoft.windows.common-controls_6595b64144ccf1df_6.0.26100.8737_none_3e092eaee333b772;C:\Program Files\Java\jdk-22\bin\server;E:\gradle-cache\native\1def1411415f61bf3af743bc5b6707747c0891f09f0c88961ee8f79bc544acac\windows-amd64;E:\gradle-cache\native\0.2.8\x86_64-windows-gnu

VM Arguments:
jvm_args: --add-opens=java.base/java.lang=ALL-UNNAMED --add-opens=java.base/java.lang.invoke=ALL-UNNAMED --add-opens=java.base/java.util=ALL-UNNAMED --add-opens=java.prefs/java.util.prefs=ALL-UNNAMED --add-exports=jdk.compiler/com.sun.tools.javac.api=ALL-UNNAMED --add-exports=jdk.compiler/com.sun.tools.javac.util=ALL-UNNAMED --add-opens=java.base/java.util=ALL-UNNAMED --add-opens=java.prefs/java.util.prefs=ALL-UNNAMED --add-opens=java.base/java.nio.charset=ALL-UNNAMED --add-opens=java.base/java.net=ALL-UNNAMED --add-opens=java.base/java.util.concurrent=ALL-UNNAMED --add-opens=java.base/java.util.concurrent.atomic=ALL-UNNAMED --add-opens=java.xml/javax.xml.namespace=ALL-UNNAMED --add-opens=java.base/java.time=ALL-UNNAMED -XX:MaxMetaspaceSize=4G -XX:ReservedCodeCacheSize=512m -XX:+HeapDumpOnOutOfMemoryError -Xmx8G -Dfile.encoding=UTF-8 -Duser.country=IN -Duser.language=en -Duser.variant -javaagent:E:\gradle-cache\wrapper\dists\gradle-9.1.0-all\7wzd0jkjit61aq2p43wpjgij9\gradle-9.1.0\lib\agents\gradle-instrumentation-agent-9.1.0.jar 
java_command: org.gradle.launcher.daemon.bootstrap.GradleDaemon 9.1.0
java_class_path (initial): E:\gradle-cache\wrapper\dists\gradle-9.1.0-all\7wzd0jkjit61aq2p43wpjgij9\gradle-9.1.0\lib\gradle-daemon-main-9.1.0.jar
Launcher Type: SUN_STANDARD

[Global flags]
     intx CICompilerCount                          = 4                                         {product} {ergonomic}
     uint ConcGCThreads                            = 3                                         {product} {ergonomic}
     uint G1ConcRefinementThreads                  = 10                                        {product} {ergonomic}
   size_t G1HeapRegionSize                         = 4194304                                   {product} {ergonomic}
     bool HeapDumpOnOutOfMemoryError               = true                                   {manageable} {command line}
   size_t InitialHeapSize                          = 260046848                                 {product} {ergonomic}
   size_t MarkStackSize                            = 4194304                                   {product} {ergonomic}
   size_t MaxHeapSize                              = 8589934592                                {product} {command line}
   size_t MaxMetaspaceSize                         = 4294967296                                {product} {command line}
   size_t MaxNewSize                               = 5150605312                                {product} {ergonomic}
   size_t MinHeapDeltaBytes                        = 4194304                                   {product} {ergonomic}
   size_t MinHeapSize                              = 8388608                                   {product} {ergonomic}
    uintx NonNMethodCodeHeapSize                   = 5839372                                {pd product} {ergonomic}
    uintx NonProfiledCodeHeapSize                  = 265515770                              {pd product} {ergonomic}
     bool PerfDisableSharedMem                     = true                                      {product} {ergonomic}
    uintx ProfiledCodeHeapSize                     = 265515770                              {pd product} {ergonomic}
    uintx ReservedCodeCacheSize                    = 536870912                              {pd product} {command line}
     bool SegmentedCodeCache                       = true                                      {product} {ergonomic}
   size_t SoftMaxHeapSize                          = 8589934592                             {manageable} {ergonomic}
     bool UseCompressedOops                        = true                           {product lp64_product} {ergonomic}
     bool UseG1GC                                  = true                                      {product} {ergonomic}
     bool UseLargePagesIndividualAllocation        = false                                  {pd product} {ergonomic}

Logging:
Log output configuration:
 #0: stdout all=warning uptime,level,tags foldmultilines=false
 #1: stderr all=off uptime,level,tags foldmultilines=false

Environment Variables:
CLASSPATH=C:\project\irctc\bharat-railway-frontend\android\\gradle\wrapper\gradle-wrapper.jar
PATH=C:\Program Files\Common Files\Oracle\Java\javapath;D:\Applications\bin;C:\Program Files\Common Files\Oracle\Java\javapath;C:\windows\system32;C:\windows;C:\windows\System32\Wbem;C:\windows\System32\WindowsPowerShell\v1.0\;C:\windows\System32\OpenSSH\;C:\Program Files (x86)\NVIDIA Corporation\PhysX\Common;C:\MinGW\bin;C:\WINDOWS\system32;C:\WINDOWS;C:\WINDOWS\System32\Wbem;C:\WINDOWS\System32\WindowsPowerShell\v1.0\;C:\WINDOWS\System32\OpenSSH\;C:\Program Files\dotnet\;C:\Program Files\Git\cmd;C:\Program Files\Git\mingw64\bin;C:\Program Files\Git\usr\bin;C:\Program Files\Cloudflare\Cloudflare WARP\;C:\Program Files\nodejs\;C:\Program Files\Tailscale\;C:\Program Files\MongoDB\Server\8.2\bin;;C:\Program Files\Docker\Docker\resources\bin;C:\Users\HP\AppData\Local\Programs\Python\Python313\Scripts\;C:\Users\HP\AppData\Local\Programs\Python\Python313\;C:\Users\HP\AppData\Local\Programs\Python\Launcher\;C:\Users\HP\AppData\Local\Microsoft\WindowsApps;C:\Users\HP\Downloads\mingw-w64-v11.0.0.zip\mingw-w64-v11.0.0;C:\Users\HP\AppData\Local\JetBrains\PyCharm Community Edition 2024.1\bin;;C:\Users\HP\AppData\Local\Programs\Microsoft VS Code\bin;C:\Users\HP\AppData\Roaming\npm;C:\Program Files\mongosh\;D:\Flutter\flutter\bin;E:\platform-tools;;D:\Flutter\flutter\bin\mingit\cmd
USERNAME=HP
OS=Windows_NT
PROCESSOR_IDENTIFIER=AMD64 Family 25 Model 80 Stepping 0, AuthenticAMD
TMP=C:\Users\HP\AppData\Local\Temp
TEMP=C:\Users\HP\AppData\Local\Temp




Periodic native trim disabled

---------------  S Y S T E M  ---------------

OS:
 Windows 11 , 64 bit Build 26100 (10.0.26100.8737)
OS uptime: 1 days 12:19 hours
Hyper-V role detected

CPU: total 12 (initial active 12) (12 cores per cpu, 2 threads per core) family 25 model 80 stepping 0 microcode 0xa50000f, cx8, cmov, fxsr, ht, mmx, 3dnowpref, sse, sse2, sse3, ssse3, sse4a, sse4.1, sse4.2, popcnt, lzcnt, tsc, tscinvbit, avx, avx2, aes, erms, clmul, bmi1, bmi2, adx, sha, fma, vzeroupper, clflush, clflushopt, hv, rdtscp, rdpid, fsrm, f16c, cet_ss
Processor Information for processor 0
  Max Mhz: 3301, Current Mhz: 3301, Mhz Limit: 3301
Processor Information for processor 1
  Max Mhz: 3301, Current Mhz: 2011, Mhz Limit: 3301
Processor Information for processor 2
  Max Mhz: 3301, Current Mhz: 3301, Mhz Limit: 3301
Processor Information for processor 3
  Max Mhz: 3301, Current Mhz: 2011, Mhz Limit: 3301
Processor Information for processor 4
  Max Mhz: 3301, Current Mhz: 3301, Mhz Limit: 3301
Processor Information for processor 5
  Max Mhz: 3301, Current Mhz: 3301, Mhz Limit: 3301
Processor Information for processor 6
  Max Mhz: 3301, Current Mhz: 3301, Mhz Limit: 3301
Processor Information for processor 7
  Max Mhz: 3301, Current Mhz: 3301, Mhz Limit: 3301
Processor Information for processor 8
  Max Mhz: 3301, Current Mhz: 3301, Mhz Limit: 3301
Processor Information for processor 9
  Max Mhz: 3301, Current Mhz: 2011, Mhz Limit: 3301
Processor Information for processor 10
  Max Mhz: 3301, Current Mhz: 2011, Mhz Limit: 3301
Processor Information for processor 11
  Max Mhz: 3301, Current Mhz: 2011, Mhz Limit: 3301

Memory: 4k page, system-wide physical 15710M (1038M free)
TotalPageFile size 26265M (AvailPageFile size 5M)
current process WorkingSet (physical memory assigned to process): 737M, peak: 737M
current process commit charge ("private bytes"): 824M, peak: 824M

vm_info: Java HotSpot(TM) 64-Bit Server VM (22.0.2+9-70) for windows-amd64 JRE (22.0.2+9-70), built on 2024-06-04T16:52:23Z by "mach5one" with MS VC++ 17.6 (VS2022)

END.
