#
# There is insufficient memory for the Java Runtime Environment to continue.
# Native memory allocation (mmap) failed to map 121634816 bytes. Error detail: G1 virtual space
# Possible reasons:
#   The system is out of physical RAM or swap space
#   This process is running with CompressedOops enabled, and the Java Heap may be blocking the growth of the native heap
# Possible solutions:
#   Reduce memory load on the system
#   Increase physical memory or swap space
#   Check if swap backing store is full
#   Decrease Java heap size (-Xmx/-Xms)
#   Decrease number of Java threads
#   Decrease Java thread stack sizes (-Xss)
#   Set larger code cache with -XX:ReservedCodeCacheSize=
#   JVM is running with Zero Based Compressed Oops mode in which the Java heap is
#     placed in the first 32GB address space. The Java Heap base address is the
#     maximum limit for the native heap growth. Please use -XX:HeapBaseMinAddress
#     to set the Java Heap base and to place the Java Heap above 32GB virtual address.
# This output file may be truncated or incomplete.
#
#  Out of Memory Error (os_windows.cpp:3631), pid=27224, tid=28236
#
# JRE version: Java(TM) SE Runtime Environment (22.0.2+9) (build 22.0.2+9-70)
# Java VM: Java HotSpot(TM) 64-Bit Server VM (22.0.2+9-70, mixed mode, sharing, tiered, compressed oops, compressed class ptrs, g1 gc, windows-amd64)
# No core dump will be written. Minidumps are not enabled by default on client versions of Windows
#

---------------  S U M M A R Y ------------

Command Line: --add-opens=java.base/java.lang=ALL-UNNAMED --add-opens=java.base/java.lang.invoke=ALL-UNNAMED --add-opens=java.base/java.util=ALL-UNNAMED --add-opens=java.prefs/java.util.prefs=ALL-UNNAMED --add-exports=jdk.compiler/com.sun.tools.javac.api=ALL-UNNAMED --add-exports=jdk.compiler/com.sun.tools.javac.util=ALL-UNNAMED --add-opens=java.base/java.util=ALL-UNNAMED --add-opens=java.prefs/java.util.prefs=ALL-UNNAMED --add-opens=java.base/java.nio.charset=ALL-UNNAMED --add-opens=java.base/java.net=ALL-UNNAMED --add-opens=java.base/java.util.concurrent=ALL-UNNAMED --add-opens=java.base/java.util.concurrent.atomic=ALL-UNNAMED --add-opens=java.xml/javax.xml.namespace=ALL-UNNAMED --add-opens=java.base/java.time=ALL-UNNAMED -XX:MaxMetaspaceSize=4G -XX:ReservedCodeCacheSize=512m -XX:+HeapDumpOnOutOfMemoryError -Xmx8G -Dfile.encoding=UTF-8 -Duser.country=IN -Duser.language=en -Duser.variant -javaagent:E:\gradle-cache\wrapper\dists\gradle-9.1.0-all\7wzd0jkjit61aq2p43wpjgij9\gradle-9.1.0\lib\agents\gradle-instrumentation-agent-9.1.0.jar org.gradle.launcher.daemon.bootstrap.GradleDaemon 9.1.0

Host: AMD Ryzen 5 5600H with Radeon Graphics         , 12 cores, 15G,  Windows 11 , 64 bit Build 26100 (10.0.26100.8737)
Time: Mon Jul  6 00:13:55 2026 India Standard Time elapsed time: 12.781973 seconds (0d 0h 0m 12s)

---------------  T H R E A D  ---------------

Current thread (0x0000021de175e590):  VMThread "VM Thread"          [id=28236, stack(0x000000a8c1a00000,0x000000a8c1b00000) (1024K)]

Stack: [0x000000a8c1a00000,0x000000a8c1b00000]
Native frames: (J=compiled Java code, j=interpreted, Vv=VM code, C=native code)
V  [jvm.dll+0x6e26e9]  (no source info available)
V  [jvm.dll+0x875753]  (no source info available)
V  [jvm.dll+0x877b7e]  (no source info available)
V  [jvm.dll+0x878253]  (no source info available)
V  [jvm.dll+0x27fc86]  (no source info available)
V  [jvm.dll+0x6ded85]  (no source info available)
V  [jvm.dll+0x6d388a]  (no source info available)
V  [jvm.dll+0x358b8a]  (no source info available)
V  [jvm.dll+0x3610b6]  (no source info available)
V  [jvm.dll+0x3b419e]  (no source info available)
V  [jvm.dll+0x3b4448]  (no source info available)
V  [jvm.dll+0x32c5ec]  (no source info available)
V  [jvm.dll+0x32c677]  (no source info available)
V  [jvm.dll+0x37244c]  (no source info available)
V  [jvm.dll+0x370b46]  (no source info available)
V  [jvm.dll+0x32bcd7]  (no source info available)
V  [jvm.dll+0x370304]  (no source info available)
V  [jvm.dll+0x87e0f0]  (no source info available)
V  [jvm.dll+0x87f477]  (no source info available)
V  [jvm.dll+0x87f9f0]  (no source info available)
V  [jvm.dll+0x87fc93]  (no source info available)
V  [jvm.dll+0x81dc0b]  (no source info available)
V  [jvm.dll+0x6e0d85]  (no source info available)
C  [ucrtbase.dll+0x2cd30]  (no source info available)
C  [KERNEL32.DLL+0x2e957]  (no source info available)
C  [ntdll.dll+0xaad6c]  (no source info available)

VM_Operation (0x000000a8c96fa5a0): G1CollectForAllocation, mode: safepoint, requested by thread 0x0000021e2abb8c80


---------------  P R O C E S S  ---------------

Threads class SMR info:
_java_thread_list=0x0000021e311738e0, length=116, elements={
0x0000021dacae4e20, 0x0000021de1781bc0, 0x0000021de1782620, 0x0000021de1787130,
0x0000021de178dd40, 0x0000021de178c990, 0x0000021de178d6b0, 0x0000021de43684a0,
0x0000021de4373e40, 0x0000021de178d020, 0x0000021de178c300, 0x0000021de178bc70,
0x0000021de178a8c0, 0x0000021de178af50, 0x0000021e2a78d700, 0x0000021e2a78eab0,
0x0000021e2a78f140, 0x0000021e2a78fe60, 0x0000021e2a78dd90, 0x0000021e2a78f7d0,
0x0000021e2a78c9e0, 0x0000021e2a7904f0, 0x0000021e2a78d070, 0x0000021e2a7925c0,
0x0000021e2a7932e0, 0x0000021e2a7918a0, 0x0000021e2a794000, 0x0000021e2a791210,
0x0000021e2a791f30, 0x0000021e2cf0f4b0, 0x0000021e2cf0e790, 0x0000021e2cf0fb40,
0x0000021e2cf10860, 0x0000021e2cf0e100, 0x0000021e2cf12930, 0x0000021e2cf14370,
0x0000021e2cf15090, 0x0000021e2cf14a00, 0x0000021e2cf12fc0, 0x0000021e2cf13650,
0x0000021e2cf13ce0, 0x0000021e2cf11c10, 0x0000021e2cf122a0, 0x0000021e2c8585f0,
0x0000021e2c857f60, 0x0000021e2c85a6c0, 0x0000021e2c85ba70, 0x0000021e2c85b3e0,
0x0000021e2c85c100, 0x0000021e2c85ad50, 0x0000021e2c858c80, 0x0000021e2c85c790,
0x0000021e2c859310, 0x0000021e2c85ce20, 0x0000021e2c85a030, 0x0000021e2c8599a0,
0x0000021e2c85d4b0, 0x0000021e2c85f580, 0x0000021e2c85e1d0, 0x0000021e2c85db40,
0x0000021e2c85e860, 0x0000021e2c85eef0, 0x0000021e2c9ff9d0, 0x0000021e2c9fecb0,
0x0000021e2c9ff340, 0x0000021e2c9fdf90, 0x0000021e2ca00060, 0x0000021e2ca04890,
0x0000021e2bbcd090, 0x0000021e2bbcca00, 0x0000021e2bbcc370, 0x0000021e2bbcb650,
0x0000021e2bbcafc0, 0x0000021e2bbcd720, 0x0000021e2bbcddb0, 0x0000021e2bbce440,
0x0000021e2bbcead0, 0x0000021e2bbcbce0, 0x0000021e2bbcfe80, 0x0000021e2bbd1230,
0x0000021e2bbd18c0, 0x0000021e2bbd1f50, 0x0000021e2bbd0ba0, 0x0000021e2bbcf7f0,
0x0000021e2bbd25e0, 0x0000021e2bbcf160, 0x0000021de4823590, 0x0000021de4821b50,
0x0000021de48214c0, 0x0000021de48221e0, 0x0000021de48207a0, 0x0000021de4820e30,
0x0000021de4822870, 0x0000021de4820110, 0x0000021de4824940, 0x0000021de4825cf0,
0x0000021de4822f00, 0x0000021de4825660, 0x0000021de4826a10, 0x0000021de48270a0,
0x0000021de4824fd0, 0x0000021de48242b0, 0x0000021de4823c20, 0x0000021de4826380,
0x0000021de4827730, 0x0000021e2abba030, 0x0000021e2abb78d0, 0x0000021e2abb85f0,
0x0000021e2abba6c0, 0x0000021e2abb9310, 0x0000021e2abbb3e0, 0x0000021e2abbad50,
0x0000021e2abb7f60, 0x0000021e2abb8c80, 0x0000021e2cbe54c0, 0x0000021e2cbe4050
}

Java Threads: ( => current thread )
  0x0000021dacae4e20 JavaThread "main"                              [_thread_blocked, id=16888, stack(0x000000a8c1300000,0x000000a8c1400000) (1024K)]
  0x0000021de1781bc0 JavaThread "Reference Handler"          daemon [_thread_blocked, id=2728, stack(0x000000a8c1b00000,0x000000a8c1c00000) (1024K)]
  0x0000021de1782620 JavaThread "Finalizer"                  daemon [_thread_blocked, id=27188, stack(0x000000a8c1c00000,0x000000a8c1d00000) (1024K)]
  0x0000021de1787130 JavaThread "Signal Dispatcher"          daemon [_thread_blocked, id=6348, stack(0x000000a8c1d00000,0x000000a8c1e00000) (1024K)]
  0x0000021de178dd40 JavaThread "Attach Listener"            daemon [_thread_blocked, id=27384, stack(0x000000a8c1e00000,0x000000a8c1f00000) (1024K)]
  0x0000021de178c990 JavaThread "Service Thread"             daemon [_thread_blocked, id=26000, stack(0x000000a8c1f00000,0x000000a8c2000000) (1024K)]
  0x0000021de178d6b0 JavaThread "Monitor Deflation Thread"   daemon [_thread_blocked, id=28448, stack(0x000000a8c2000000,0x000000a8c2100000) (1024K)]
  0x0000021de43684a0 JavaThread "C2 CompilerThread0"         daemon [_thread_in_native, id=25112, stack(0x000000a8c2100000,0x000000a8c2200000) (1024K)]
  0x0000021de4373e40 JavaThread "C1 CompilerThread0"         daemon [_thread_blocked, id=10988, stack(0x000000a8c2200000,0x000000a8c2300000) (1024K)]
  0x0000021de178d020 JavaThread "Common-Cleaner"             daemon [_thread_blocked, id=13188, stack(0x000000a8c2300000,0x000000a8c2400000) (1024K)]
  0x0000021de178c300 JavaThread "Notification Thread"        daemon [_thread_blocked, id=1412, stack(0x000000a8c2500000,0x000000a8c2600000) (1024K)]
  0x0000021de178bc70 JavaThread "Daemon health stats"               [_thread_blocked, id=19800, stack(0x000000a8c2b00000,0x000000a8c2c00000) (1024K)]
  0x0000021de178a8c0 JavaThread "Incoming local TCP Connector on port 9512"        [_thread_in_native, id=27864, stack(0x000000a8c2c00000,0x000000a8c2d00000) (1024K)]
  0x0000021de178af50 JavaThread "Daemon periodic checks"            [_thread_blocked, id=740, stack(0x000000a8c2d00000,0x000000a8c2e00000) (1024K)]
  0x0000021e2a78d700 JavaThread "Daemon"                            [_thread_blocked, id=27512, stack(0x000000a8c2e00000,0x000000a8c2f00000) (1024K)]
  0x0000021e2a78eab0 JavaThread "Handler for socket connection from /127.0.0.1:9512 to /127.0.0.1:9513"        [_thread_in_native, id=9348, stack(0x000000a8c2f00000,0x000000a8c3000000) (1024K)]
  0x0000021e2a78f140 JavaThread "Cancel handler"                    [_thread_blocked, id=4588, stack(0x000000a8c3500000,0x000000a8c3600000) (1024K)]
  0x0000021e2a78fe60 JavaThread "Daemon worker"                     [_thread_blocked, id=28660, stack(0x000000a8c3600000,0x000000a8c3700000) (1024K)]
  0x0000021e2a78dd90 JavaThread "Asynchronous log dispatcher for DefaultDaemonConnection: socket connection from /127.0.0.1:9512 to /127.0.0.1:9513"        [_thread_blocked, id=27484, stack(0x000000a8c3700000,0x000000a8c3800000) (1024K)]
  0x0000021e2a78f7d0 JavaThread "Stdin handler"                     [_thread_blocked, id=24196, stack(0x000000a8c3800000,0x000000a8c3900000) (1024K)]
  0x0000021e2a78c9e0 JavaThread "Daemon client event forwarder"        [_thread_blocked, id=22688, stack(0x000000a8c3900000,0x000000a8c3a00000) (1024K)]
  0x0000021e2a7904f0 JavaThread "Cache worker for journal cache (E:\gradle-cache\caches\journal-1)"        [_thread_blocked, id=16132, stack(0x000000a8c3a00000,0x000000a8c3b00000) (1024K)]
  0x0000021e2a78d070 JavaThread "File lock request listener"        [_thread_in_native, id=21908, stack(0x000000a8c3b00000,0x000000a8c3c00000) (1024K)]
  0x0000021e2a7925c0 JavaThread "Cache worker for file hash cache (E:\gradle-cache\caches\9.1.0\fileHashes)"        [_thread_blocked, id=6856, stack(0x000000a8c3c00000,0x000000a8c3d00000) (1024K)]
  0x0000021e2a7932e0 JavaThread "Cache worker for file hash cache (C:\project\irctc\bharat-railway-frontend\android\.gradle\9.1.0\fileHashes)"        [_thread_blocked, id=6276, stack(0x000000a8c3f00000,0x000000a8c4000000) (1024K)]
  0x0000021e2a7918a0 JavaThread "Cache worker for Build Output Cleanup Cache (C:\project\irctc\bharat-railway-frontend\android\.gradle\buildOutputCleanup)"        [_thread_blocked, id=6432, stack(0x000000a8c4000000,0x000000a8c4100000) (1024K)]
  0x0000021e2a794000 JavaThread "File watcher server"        daemon [_thread_in_native, id=28516, stack(0x000000a8c4100000,0x000000a8c4200000) (1024K)]
  0x0000021e2a791210 JavaThread "File watcher consumer"      daemon [_thread_blocked, id=28596, stack(0x000000a8c4200000,0x000000a8c4300000) (1024K)]
  0x0000021e2a791f30 JavaThread "Cache worker for checksums cache (C:\project\irctc\bharat-railway-frontend\android\.gradle\9.1.0\checksums)"        [_thread_blocked, id=17144, stack(0x000000a8c4300000,0x000000a8c4400000) (1024K)]
  0x0000021e2cf0f4b0 JavaThread "Cache worker for file content cache (E:\gradle-cache\caches\9.1.0\fileContent)"        [_thread_blocked, id=192, stack(0x000000a8c4400000,0x000000a8c4500000) (1024K)]
  0x0000021e2cf0e790 JavaThread "Cache worker for cache directory md-supplier (E:\gradle-cache\caches\9.1.0\md-supplier)"        [_thread_blocked, id=13484, stack(0x000000a8c4500000,0x000000a8c4600000) (1024K)]
  0x0000021e2cf0fb40 JavaThread "Cache worker for cache directory md-rule (E:\gradle-cache\caches\9.1.0\md-rule)"        [_thread_blocked, id=9172, stack(0x000000a8c4600000,0x000000a8c4700000) (1024K)]
  0x0000021e2cf10860 JavaThread "Cache worker for Build Output Cleanup Cache (D:\Flutter\flutter\packages\flutter_tools\gradle\.gradle\buildOutputCleanup)"        [_thread_blocked, id=28072, stack(0x000000a8c4700000,0x000000a8c4800000) (1024K)]
  0x0000021e2cf0e100 JavaThread "Unconstrained build operations"        [_thread_blocked, id=19364, stack(0x000000a8c2400000,0x000000a8c2500000) (1024K)]
  0x0000021e2cf12930 JavaThread "Unconstrained build operations Thread 2"        [_thread_blocked, id=26652, stack(0x000000a8c2600000,0x000000a8c2700000) (1024K)]
  0x0000021e2cf14370 JavaThread "Unconstrained build operations Thread 3"        [_thread_blocked, id=13908, stack(0x000000a8c4800000,0x000000a8c4900000) (1024K)]
  0x0000021e2cf15090 JavaThread "Unconstrained build operations Thread 4"        [_thread_blocked, id=14268, stack(0x000000a8c4900000,0x000000a8c4a00000) (1024K)]
  0x0000021e2cf14a00 JavaThread "Unconstrained build operations Thread 5"        [_thread_blocked, id=25480, stack(0x000000a8c4a00000,0x000000a8c4b00000) (1024K)]
  0x0000021e2cf12fc0 JavaThread "Unconstrained build operations Thread 6"        [_thread_blocked, id=10548, stack(0x000000a8c4b00000,0x000000a8c4c00000) (1024K)]
  0x0000021e2cf13650 JavaThread "Unconstrained build operations Thread 7"        [_thread_blocked, id=12376, stack(0x000000a8c4c00000,0x000000a8c4d00000) (1024K)]
  0x0000021e2cf13ce0 JavaThread "Unconstrained build operations Thread 8"        [_thread_blocked, id=28092, stack(0x000000a8c4d00000,0x000000a8c4e00000) (1024K)]
  0x0000021e2cf11c10 JavaThread "Unconstrained build operations Thread 9"        [_thread_blocked, id=27716, stack(0x000000a8c4e00000,0x000000a8c4f00000) (1024K)]
  0x0000021e2cf122a0 JavaThread "Unconstrained build operations Thread 10"        [_thread_blocked, id=5168, stack(0x000000a8c4f00000,0x000000a8c5000000) (1024K)]
  0x0000021e2c8585f0 JavaThread "Unconstrained build operations Thread 11"        [_thread_blocked, id=28028, stack(0x000000a8c5000000,0x000000a8c5100000) (1024K)]
  0x0000021e2c857f60 JavaThread "Unconstrained build operations Thread 12"        [_thread_blocked, id=12224, stack(0x000000a8c5100000,0x000000a8c5200000) (1024K)]
  0x0000021e2c85a6c0 JavaThread "Unconstrained build operations Thread 13"        [_thread_blocked, id=27464, stack(0x000000a8c5200000,0x000000a8c5300000) (1024K)]
  0x0000021e2c85ba70 JavaThread "Unconstrained build operations Thread 14"        [_thread_blocked, id=19644, stack(0x000000a8c5300000,0x000000a8c5400000) (1024K)]
  0x0000021e2c85b3e0 JavaThread "Unconstrained build operations Thread 15"        [_thread_blocked, id=2136, stack(0x000000a8c5400000,0x000000a8c5500000) (1024K)]
  0x0000021e2c85c100 JavaThread "Unconstrained build operations Thread 16"        [_thread_blocked, id=22924, stack(0x000000a8c5500000,0x000000a8c5600000) (1024K)]
  0x0000021e2c85ad50 JavaThread "Unconstrained build operations Thread 17"        [_thread_blocked, id=28512, stack(0x000000a8c5600000,0x000000a8c5700000) (1024K)]
  0x0000021e2c858c80 JavaThread "Unconstrained build operations Thread 18"        [_thread_blocked, id=25244, stack(0x000000a8c5700000,0x000000a8c5800000) (1024K)]
  0x0000021e2c85c790 JavaThread "Unconstrained build operations Thread 19"        [_thread_blocked, id=28280, stack(0x000000a8c5800000,0x000000a8c5900000) (1024K)]
  0x0000021e2c859310 JavaThread "Unconstrained build operations Thread 20"        [_thread_blocked, id=3808, stack(0x000000a8c5900000,0x000000a8c5a00000) (1024K)]
  0x0000021e2c85ce20 JavaThread "Unconstrained build operations Thread 21"        [_thread_blocked, id=26280, stack(0x000000a8c5a00000,0x000000a8c5b00000) (1024K)]
  0x0000021e2c85a030 JavaThread "Unconstrained build operations Thread 22"        [_thread_blocked, id=18916, stack(0x000000a8c5b00000,0x000000a8c5c00000) (1024K)]
  0x0000021e2c8599a0 JavaThread "Unconstrained build operations Thread 23"        [_thread_blocked, id=9240, stack(0x000000a8c5d00000,0x000000a8c5e00000) (1024K)]
  0x0000021e2c85d4b0 JavaThread "Unconstrained build operations Thread 24"        [_thread_blocked, id=23384, stack(0x000000a8c5e00000,0x000000a8c5f00000) (1024K)]
  0x0000021e2c85f580 JavaThread "Unconstrained build operations Thread 25"        [_thread_blocked, id=6140, stack(0x000000a8c5f00000,0x000000a8c6000000) (1024K)]
  0x0000021e2c85e1d0 JavaThread "Unconstrained build operations Thread 26"        [_thread_blocked, id=26860, stack(0x000000a8c6000000,0x000000a8c6100000) (1024K)]
  0x0000021e2c85db40 JavaThread "Unconstrained build operations Thread 27"        [_thread_blocked, id=9128, stack(0x000000a8c6100000,0x000000a8c6200000) (1024K)]
  0x0000021e2c85e860 JavaThread "Unconstrained build operations Thread 28"        [_thread_blocked, id=27604, stack(0x000000a8c6200000,0x000000a8c6300000) (1024K)]
  0x0000021e2c85eef0 JavaThread "Unconstrained build operations Thread 29"        [_thread_blocked, id=24604, stack(0x000000a8c6300000,0x000000a8c6400000) (1024K)]
  0x0000021e2c9ff9d0 JavaThread "Unconstrained build operations Thread 30"        [_thread_blocked, id=2856, stack(0x000000a8c6400000,0x000000a8c6500000) (1024K)]
  0x0000021e2c9fecb0 JavaThread "Unconstrained build operations Thread 31"        [_thread_blocked, id=13688, stack(0x000000a8c6500000,0x000000a8c6600000) (1024K)]
  0x0000021e2c9ff340 JavaThread "Unconstrained build operations Thread 32"        [_thread_blocked, id=3320, stack(0x000000a8c6600000,0x000000a8c6700000) (1024K)]
  0x0000021e2c9fdf90 JavaThread "Unconstrained build operations Thread 33"        [_thread_blocked, id=28112, stack(0x000000a8c6700000,0x000000a8c6800000) (1024K)]
  0x0000021e2ca00060 JavaThread "Memory manager"                    [_thread_blocked, id=17668, stack(0x000000a8c6800000,0x000000a8c6900000) (1024K)]
  0x0000021e2ca04890 JavaThread "build event listener"              [_thread_blocked, id=13092, stack(0x000000a8c6a00000,0x000000a8c6b00000) (1024K)]
  0x0000021e2bbcd090 JavaThread "included builds"                   [_thread_blocked, id=23092, stack(0x000000a8c6b00000,0x000000a8c6c00000) (1024K)]
  0x0000021e2bbcca00 JavaThread "Execution worker"                  [_thread_blocked, id=3096, stack(0x000000a8c6c00000,0x000000a8c6d00000) (1024K)]
  0x0000021e2bbcc370 JavaThread "Execution worker Thread 2"         [_thread_blocked, id=14340, stack(0x000000a8c6d00000,0x000000a8c6e00000) (1024K)]
  0x0000021e2bbcb650 JavaThread "Execution worker Thread 3"         [_thread_blocked, id=22012, stack(0x000000a8c6e00000,0x000000a8c6f00000) (1024K)]
  0x0000021e2bbcafc0 JavaThread "Execution worker Thread 4"         [_thread_blocked, id=25896, stack(0x000000a8c6f00000,0x000000a8c7000000) (1024K)]
  0x0000021e2bbcd720 JavaThread "Execution worker Thread 5"         [_thread_blocked, id=23584, stack(0x000000a8c7000000,0x000000a8c7100000) (1024K)]
  0x0000021e2bbcddb0 JavaThread "Execution worker Thread 6"         [_thread_blocked, id=21788, stack(0x000000a8c7100000,0x000000a8c7200000) (1024K)]
  0x0000021e2bbce440 JavaThread "Execution worker Thread 7"         [_thread_blocked, id=15712, stack(0x000000a8c7200000,0x000000a8c7300000) (1024K)]
  0x0000021e2bbcead0 JavaThread "Execution worker Thread 8"         [_thread_blocked, id=20476, stack(0x000000a8c7300000,0x000000a8c7400000) (1024K)]
  0x0000021e2bbcbce0 JavaThread "Execution worker Thread 9"         [_thread_blocked, id=20864, stack(0x000000a8c7400000,0x000000a8c7500000) (1024K)]
  0x0000021e2bbcfe80 JavaThread "Execution worker Thread 10"        [_thread_blocked, id=3480, stack(0x000000a8c7500000,0x000000a8c7600000) (1024K)]
  0x0000021e2bbd1230 JavaThread "Execution worker Thread 11"        [_thread_blocked, id=13988, stack(0x000000a8c7600000,0x000000a8c7700000) (1024K)]
  0x0000021e2bbd18c0 JavaThread "Cache worker for execution history cache (D:\Flutter\flutter\packages\flutter_tools\gradle\.gradle\9.1.0\executionHistory)"        [_thread_blocked, id=17384, stack(0x000000a8c7700000,0x000000a8c7800000) (1024K)]
  0x0000021e2bbd1f50 JavaThread "Unconstrained build operations Thread 34"        [_thread_blocked, id=13816, stack(0x000000a8c6900000,0x000000a8c6a00000) (1024K)]
  0x0000021e2bbd0ba0 JavaThread "Unconstrained build operations Thread 35"        [_thread_blocked, id=5076, stack(0x000000a8c7800000,0x000000a8c7900000) (1024K)]
  0x0000021e2bbcf7f0 JavaThread "Unconstrained build operations Thread 36"        [_thread_blocked, id=10044, stack(0x000000a8c7900000,0x000000a8c7a00000) (1024K)]
  0x0000021e2bbd25e0 JavaThread "Unconstrained build operations Thread 37"        [_thread_blocked, id=21508, stack(0x000000a8c7a00000,0x000000a8c7b00000) (1024K)]
  0x0000021e2bbcf160 JavaThread "Unconstrained build operations Thread 38"        [_thread_blocked, id=21768, stack(0x000000a8c7b00000,0x000000a8c7c00000) (1024K)]
  0x0000021de4823590 JavaThread "Unconstrained build operations Thread 39"        [_thread_blocked, id=16880, stack(0x000000a8c7c00000,0x000000a8c7d00000) (1024K)]
  0x0000021de4821b50 JavaThread "Unconstrained build operations Thread 40"        [_thread_blocked, id=28472, stack(0x000000a8c7d00000,0x000000a8c7e00000) (1024K)]
  0x0000021de48214c0 JavaThread "Unconstrained build operations Thread 41"        [_thread_blocked, id=19840, stack(0x000000a8c7e00000,0x000000a8c7f00000) (1024K)]
  0x0000021de48221e0 JavaThread "Unconstrained build operations Thread 42"        [_thread_blocked, id=26492, stack(0x000000a8c7f00000,0x000000a8c8000000) (1024K)]
  0x0000021de48207a0 JavaThread "Unconstrained build operations Thread 43"        [_thread_blocked, id=6540, stack(0x000000a8c8000000,0x000000a8c8100000) (1024K)]
  0x0000021de4820e30 JavaThread "Unconstrained build operations Thread 44"        [_thread_blocked, id=19592, stack(0x000000a8c8100000,0x000000a8c8200000) (1024K)]
  0x0000021de4822870 JavaThread "Unconstrained build operations Thread 45"        [_thread_blocked, id=9028, stack(0x000000a8c5c00000,0x000000a8c5d00000) (1024K)]
  0x0000021de4820110 JavaThread "Unconstrained build operations Thread 46"        [_thread_blocked, id=20532, stack(0x000000a8c8200000,0x000000a8c8300000) (1024K)]
  0x0000021de4824940 JavaThread "Unconstrained build operations Thread 47"        [_thread_blocked, id=28452, stack(0x000000a8c8300000,0x000000a8c8400000) (1024K)]
  0x0000021de4825cf0 JavaThread "Unconstrained build operations Thread 48"        [_thread_blocked, id=12580, stack(0x000000a8c8400000,0x000000a8c8500000) (1024K)]
  0x0000021de4822f00 JavaThread "Unconstrained build operations Thread 49"        [_thread_blocked, id=21624, stack(0x000000a8c8500000,0x000000a8c8600000) (1024K)]
  0x0000021de4825660 JavaThread "Unconstrained build operations Thread 50"        [_thread_blocked, id=27736, stack(0x000000a8c8600000,0x000000a8c8700000) (1024K)]
  0x0000021de4826a10 JavaThread "Unconstrained build operations Thread 51"        [_thread_blocked, id=20580, stack(0x000000a8c8700000,0x000000a8c8800000) (1024K)]
  0x0000021de48270a0 JavaThread "Unconstrained build operations Thread 52"        [_thread_blocked, id=27668, stack(0x000000a8c8800000,0x000000a8c8900000) (1024K)]
  0x0000021de4824fd0 JavaThread "Unconstrained build operations Thread 53"        [_thread_blocked, id=10188, stack(0x000000a8c8900000,0x000000a8c8a00000) (1024K)]
  0x0000021de48242b0 JavaThread "Unconstrained build operations Thread 54"        [_thread_blocked, id=25424, stack(0x000000a8c8a00000,0x000000a8c8b00000) (1024K)]
  0x0000021de4823c20 JavaThread "Unconstrained build operations Thread 55"        [_thread_blocked, id=20120, stack(0x000000a8c8b00000,0x000000a8c8c00000) (1024K)]
  0x0000021de4826380 JavaThread "Unconstrained build operations Thread 56"        [_thread_blocked, id=10252, stack(0x000000a8c8c00000,0x000000a8c8d00000) (1024K)]
  0x0000021de4827730 JavaThread "Unconstrained build operations Thread 57"        [_thread_blocked, id=27348, stack(0x000000a8c8d00000,0x000000a8c8e00000) (1024K)]
  0x0000021e2abba030 JavaThread "Unconstrained build operations Thread 58"        [_thread_blocked, id=24532, stack(0x000000a8c8e00000,0x000000a8c8f00000) (1024K)]
  0x0000021e2abb78d0 JavaThread "Unconstrained build operations Thread 59"        [_thread_blocked, id=11548, stack(0x000000a8c8f00000,0x000000a8c9000000) (1024K)]
  0x0000021e2abb85f0 JavaThread "Unconstrained build operations Thread 60"        [_thread_blocked, id=19468, stack(0x000000a8c9000000,0x000000a8c9100000) (1024K)]
  0x0000021e2abba6c0 JavaThread "Unconstrained build operations Thread 61"        [_thread_blocked, id=25980, stack(0x000000a8c9100000,0x000000a8c9200000) (1024K)]
  0x0000021e2abb9310 JavaThread "Unconstrained build operations Thread 62"        [_thread_blocked, id=26940, stack(0x000000a8c9200000,0x000000a8c9300000) (1024K)]
  0x0000021e2abbb3e0 JavaThread "Unconstrained build operations Thread 63"        [_thread_blocked, id=26360, stack(0x000000a8c9300000,0x000000a8c9400000) (1024K)]
  0x0000021e2abbad50 JavaThread "Unconstrained build operations Thread 64"        [_thread_blocked, id=8124, stack(0x000000a8c9400000,0x000000a8c9500000) (1024K)]
  0x0000021e2abb7f60 JavaThread "Unconstrained build operations Thread 65"        [_thread_blocked, id=26352, stack(0x000000a8c9500000,0x000000a8c9600000) (1024K)]
  0x0000021e2abb8c80 JavaThread "Unconstrained build operations Thread 66"        [_thread_blocked, id=9544, stack(0x000000a8c9600000,0x000000a8c9700000) (1024K)]
  0x0000021e2cbe54c0 JavaThread "C2 CompilerThread1"         daemon [_thread_blocked, id=9964, stack(0x000000a8c9700000,0x000000a8c9800000) (1024K)]
  0x0000021e2cbe4050 JavaThread "C2 CompilerThread2"         daemon [_thread_blocked, id=16820, stack(0x000000a8c9800000,0x000000a8c9900000) (1024K)]
Total: 116

Other Threads:
=>0x0000021de175e590 VMThread "VM Thread"                           [id=28236, stack(0x000000a8c1a00000,0x000000a8c1b00000) (1024K)]
  0x0000021de1746060 WatcherThread "VM Periodic Task Thread"        [id=17992, stack(0x000000a8c1900000,0x000000a8c1a00000) (1024K)]
  0x0000021dacb8e820 WorkerThread "GC Thread#0"                     [id=27928, stack(0x000000a8c1400000,0x000000a8c1500000) (1024K)]
  0x0000021de4e57520 WorkerThread "GC Thread#1"                     [id=17456, stack(0x000000a8c2700000,0x000000a8c2800000) (1024K)]
  0x0000021de4e578d0 WorkerThread "GC Thread#2"                     [id=27988, stack(0x000000a8c2800000,0x000000a8c2900000) (1024K)]
  0x0000021de4c183e0 WorkerThread "GC Thread#3"                     [id=28188, stack(0x000000a8c2900000,0x000000a8c2a00000) (1024K)]
  0x0000021de47e0c20 WorkerThread "GC Thread#4"                     [id=16004, stack(0x000000a8c2a00000,0x000000a8c2b00000) (1024K)]
  0x0000021e2b620cb0 WorkerThread "GC Thread#5"                     [id=13280, stack(0x000000a8c3000000,0x000000a8c3100000) (1024K)]
  0x0000021e2ab60e60 WorkerThread "GC Thread#6"                     [id=3476, stack(0x000000a8c3100000,0x000000a8c3200000) (1024K)]
  0x0000021e2ab61210 WorkerThread "GC Thread#7"                     [id=9848, stack(0x000000a8c3200000,0x000000a8c3300000) (1024K)]
  0x0000021e2b653b70 WorkerThread "GC Thread#8"                     [id=4720, stack(0x000000a8c3300000,0x000000a8c3400000) (1024K)]
  0x0000021e2a4affd0 WorkerThread "GC Thread#9"                     [id=10464, stack(0x000000a8c3400000,0x000000a8c3500000) (1024K)]
  0x0000021de15a4090 ConcurrentGCThread "G1 Main Marker"            [id=21896, stack(0x000000a8c1500000,0x000000a8c1600000) (1024K)]
  0x0000021de15a4ab0 WorkerThread "G1 Conc#0"                       [id=8560, stack(0x000000a8c1600000,0x000000a8c1700000) (1024K)]
  0x0000021e2c6c9a30 WorkerThread "G1 Conc#1"                       [id=18584, stack(0x000000a8c3d00000,0x000000a8c3e00000) (1024K)]
  0x0000021e2c6c9de0 WorkerThread "G1 Conc#2"                       [id=23196, stack(0x000000a8c3e00000,0x000000a8c3f00000) (1024K)]
  0x0000021de1619ca0 ConcurrentGCThread "G1 Refine#0"               [id=20944, stack(0x000000a8c1700000,0x000000a8c1800000) (1024K)]
  0x0000021de161a730 ConcurrentGCThread "G1 Service"                [id=4492, stack(0x000000a8c1800000,0x000000a8c1900000) (1024K)]
Total: 18

Threads with active compile tasks:
C2 CompilerThread0  12856 10112       4       org.jetbrains.org.objectweb.asm.ClassReader::accept (1401 bytes)
C2 CompilerThread1  12856 10220       4       org.jetbrains.org.objectweb.asm.ClassReader::readField (667 bytes)
C2 CompilerThread2  12856 10163   !   4       org.jetbrains.kotlin.metadata.ProtoBuf$Function::<init> (1811 bytes)
Total: 3

VM state: at safepoint (normal execution)

VM Mutex/Monitor currently owned by a thread:  ([mutex/lock_event])
[0x00007fff567ccb80] Threads_lock - owner thread: 0x0000021de175e590
[0x00007fff567ccc80] Heap_lock - owner thread: 0x0000021e2abb8c80

Heap address: 0x0000000600000000, size: 8192 MB, Compressed Oops mode: Zero based, Oop shift amount: 3

CDS archive(s) mapped at: [0x0000021de5000000-0x0000021de5c60000-0x0000021de5c60000), size 12976128, SharedBaseAddress: 0x0000021de5000000, ArchiveRelocationMode: 1.
Compressed class space mapped at: 0x0000021de6000000-0x0000021e26000000, reserved size: 1073741824
Narrow klass base: 0x0000021de5000000, Narrow klass shift: 0, Narrow klass range: 0x41000000

GC Precious Log:
 CardTable entry size: 512
 Card Set container configuration: InlinePtr #cards 4 size 8 Array Of Cards #cards 32 size 80 Howl #buckets 8 coarsen threshold 7372 Howl Bitmap #cards 1024 size 144 coarsen threshold 921 Card regions per heap region 1 cards per card region 8192
 CPUs: 12 total, 12 available
 Memory: 15710M
 Large Page Support: Disabled
 NUMA Support: Disabled
 Compressed Oops: Enabled (Zero based)
 Heap Region Size: 4M
 Heap Min Capacity: 8M
 Heap Initial Capacity: 248M
 Heap Max Capacity: 8G
 Pre-touch: Disabled
 Parallel Workers: 10
 Concurrent Workers: 3
 Concurrent Refinement Workers: 10
 Periodic GC: Disabled

Heap:
 garbage-first heap   total reserved 8388608K, committed 438272K, used 131888K [0x0000000600000000, 0x0000000800000000)
  region size 4096K, 5 young (20480K), 5 survivors (20480K)
 Metaspace       used 74261K, committed 76480K, reserved 1114112K
  class space    used 10731K, committed 11776K, reserved 1048576K

Heap Regions: E=young(eden), S=young(survivor), O=old, HS=humongous(starts), HC=humongous(continues), CS=collection set, F=free, TAMS=top-at-mark-start, PB=parsable bottom
|   0|0x0000000600000000, 0x0000000600400000, 0x0000000600400000|100%|HS|  |TAMS 0x0000000600000000| PB 0x0000000600000000| Complete |  0
|   1|0x0000000600400000, 0x0000000600800000, 0x0000000600800000|100%| O|  |TAMS 0x0000000600400000| PB 0x0000000600400000| Untracked |  0
|   2|0x0000000600800000, 0x0000000600c00000, 0x0000000600c00000|100%| O|  |TAMS 0x0000000600800000| PB 0x0000000600800000| Untracked |  0
|   3|0x0000000600c00000, 0x0000000601000000, 0x0000000601000000|100%| O|  |TAMS 0x0000000600c00000| PB 0x0000000600c00000| Untracked |  0
|   4|0x0000000601000000, 0x0000000601400000, 0x0000000601400000|100%| O|  |TAMS 0x0000000601000000| PB 0x0000000601000000| Untracked |  0
|   5|0x0000000601400000, 0x0000000601800000, 0x0000000601800000|100%| O|  |TAMS 0x0000000601400000| PB 0x0000000601400000| Untracked |  0
|   6|0x0000000601800000, 0x0000000601c00000, 0x0000000601c00000|100%| O|  |TAMS 0x0000000601800000| PB 0x0000000601800000| Untracked |  0
|   7|0x0000000601c00000, 0x0000000602000000, 0x0000000602000000|100%| O|  |TAMS 0x0000000601c00000| PB 0x0000000601c00000| Untracked |  0
|   8|0x0000000602000000, 0x0000000602400000, 0x0000000602400000|100%| O|  |TAMS 0x0000000602000000| PB 0x0000000602000000| Untracked |  0
|   9|0x0000000602400000, 0x0000000602800000, 0x0000000602800000|100%|HS|  |TAMS 0x0000000602400000| PB 0x0000000602400000| Complete |  0
|  10|0x0000000602800000, 0x0000000602c00000, 0x0000000602c00000|100%| O|  |TAMS 0x0000000602800000| PB 0x0000000602800000| Untracked |  0
|  11|0x0000000602c00000, 0x0000000603000000, 0x0000000603000000|100%| O|  |TAMS 0x0000000602c00000| PB 0x0000000602c00000| Untracked |  0
|  12|0x0000000603000000, 0x0000000603400000, 0x0000000603400000|100%|HS|  |TAMS 0x0000000603000000| PB 0x0000000603000000| Complete |  0
|  13|0x0000000603400000, 0x0000000603800000, 0x0000000603800000|100%|HC|  |TAMS 0x0000000603400000| PB 0x0000000603400000| Complete |  0
|  14|0x0000000603800000, 0x0000000603c00000, 0x0000000603c00000|100%| O|  |TAMS 0x0000000603800000| PB 0x0000000603800000| Untracked |  0
|  15|0x0000000603c00000, 0x0000000604000000, 0x0000000604000000|100%| O|  |TAMS 0x0000000603c00000| PB 0x0000000603c00000| Untracked |  0
|  16|0x0000000604000000, 0x0000000604400000, 0x0000000604400000|100%| O|  |TAMS 0x0000000604000000| PB 0x0000000604000000| Untracked |  0
|  17|0x0000000604400000, 0x0000000604800000, 0x0000000604800000|100%| O|  |TAMS 0x0000000604400000| PB 0x0000000604400000| Untracked |  0
|  18|0x0000000604800000, 0x0000000604c00000, 0x0000000604c00000|100%| O|  |TAMS 0x0000000604800000| PB 0x0000000604800000| Untracked |  0
|  19|0x0000000604c00000, 0x0000000604c00000, 0x0000000605000000|  0%| F|  |TAMS 0x0000000604c00000| PB 0x0000000604c00000| Untracked |  0
|  20|0x0000000605000000, 0x0000000605400000, 0x0000000605400000|100%| O|  |TAMS 0x0000000605000000| PB 0x0000000605000000| Untracked |  0
|  21|0x0000000605400000, 0x0000000605800000, 0x0000000605800000|100%| O|  |TAMS 0x0000000605400000| PB 0x0000000605400000| Untracked |  0
|  22|0x0000000605800000, 0x0000000605af2460, 0x0000000605c00000| 73%| O|  |TAMS 0x0000000605800000| PB 0x0000000605800000| Untracked |  0
|  23|0x0000000605c00000, 0x0000000605fefab8, 0x0000000606000000| 98%| O|  |TAMS 0x0000000605c00000| PB 0x0000000605c00000| Untracked |  0
|  24|0x0000000606000000, 0x0000000606000000, 0x0000000606400000|  0%| F|  |TAMS 0x0000000606000000| PB 0x0000000606000000| Untracked |  0
|  25|0x0000000606400000, 0x0000000606400000, 0x0000000606800000|  0%| F|  |TAMS 0x0000000606400000| PB 0x0000000606400000| Untracked |  0
|  26|0x0000000606800000, 0x0000000606800000, 0x0000000606c00000|  0%| F|  |TAMS 0x0000000606800000| PB 0x0000000606800000| Untracked |  0
|  27|0x0000000606c00000, 0x0000000606c00000, 0x0000000607000000|  0%| F|  |TAMS 0x0000000606c00000| PB 0x0000000606c00000| Untracked |  0
|  28|0x0000000607000000, 0x0000000607000000, 0x0000000607400000|  0%| F|  |TAMS 0x0000000607000000| PB 0x0000000607000000| Untracked |  0
|  29|0x0000000607400000, 0x0000000607400000, 0x0000000607800000|  0%| F|  |TAMS 0x0000000607400000| PB 0x0000000607400000| Untracked |  0
|  30|0x0000000607800000, 0x0000000607800000, 0x0000000607c00000|  0%| F|  |TAMS 0x0000000607800000| PB 0x0000000607800000| Untracked |  0
|  31|0x0000000607c00000, 0x0000000607c00000, 0x0000000608000000|  0%| F|  |TAMS 0x0000000607c00000| PB 0x0000000607c00000| Untracked |  0
|  32|0x0000000608000000, 0x0000000608000000, 0x0000000608400000|  0%| F|  |TAMS 0x0000000608000000| PB 0x0000000608000000| Untracked |  0
|  33|0x0000000608400000, 0x00000006085ea3f0, 0x0000000608800000| 47%| S|CS|TAMS 0x0000000608400000| PB 0x0000000608400000| Complete |  0
|  34|0x0000000608800000, 0x0000000608800000, 0x0000000608c00000|  0%| F|  |TAMS 0x0000000608800000| PB 0x0000000608800000| Untracked |  0
|  35|0x0000000608c00000, 0x0000000608c00000, 0x0000000609000000|  0%| F|  |TAMS 0x0000000608c00000| PB 0x0000000608c00000| Untracked |  0
|  36|0x0000000609000000, 0x0000000609000000, 0x0000000609400000|  0%| F|  |TAMS 0x0000000609000000| PB 0x0000000609000000| Untracked |  0
|  37|0x0000000609400000, 0x0000000609400000, 0x0000000609800000|  0%| F|  |TAMS 0x0000000609400000| PB 0x0000000609400000| Untracked |  0
|  38|0x0000000609800000, 0x0000000609c00000, 0x0000000609c00000|100%| S|CS|TAMS 0x0000000609800000| PB 0x0000000609800000| Complete |  0
|  39|0x0000000609c00000, 0x000000060a000000, 0x000000060a000000|100%| S|CS|TAMS 0x0000000609c00000| PB 0x0000000609c00000| Complete |  0
|  40|0x000000060a000000, 0x000000060a400000, 0x000000060a400000|100%| S|CS|TAMS 0x000000060a000000| PB 0x000000060a000000| Complete |  0
|  41|0x000000060a400000, 0x000000060a800000, 0x000000060a800000|100%| S|CS|TAMS 0x000000060a400000| PB 0x000000060a400000| Complete |  0
|  42|0x000000060a800000, 0x000000060a800000, 0x000000060ac00000|  0%| F|  |TAMS 0x000000060a800000| PB 0x000000060a800000| Untracked |  0
|  43|0x000000060ac00000, 0x000000060ac00000, 0x000000060b000000|  0%| F|  |TAMS 0x000000060ac00000| PB 0x000000060ac00000| Untracked |  0
|  44|0x000000060b000000, 0x000000060b000000, 0x000000060b400000|  0%| F|  |TAMS 0x000000060b000000| PB 0x000000060b000000| Untracked |  0
|  45|0x000000060b400000, 0x000000060b400000, 0x000000060b800000|  0%| F|  |TAMS 0x000000060b400000| PB 0x000000060b400000| Untracked |  0
|  46|0x000000060b800000, 0x000000060b800000, 0x000000060bc00000|  0%| F|  |TAMS 0x000000060b800000| PB 0x000000060b800000| Untracked |  0
|  47|0x000000060bc00000, 0x000000060bc00000, 0x000000060c000000|  0%| F|  |TAMS 0x000000060bc00000| PB 0x000000060bc00000| Untracked |  0
|  48|0x000000060c000000, 0x000000060c000000, 0x000000060c400000|  0%| F|  |TAMS 0x000000060c000000| PB 0x000000060c000000| Untracked |  0
|  49|0x000000060c400000, 0x000000060c400000, 0x000000060c800000|  0%| F|  |TAMS 0x000000060c400000| PB 0x000000060c400000| Untracked |  0
|  50|0x000000060c800000, 0x000000060c800000, 0x000000060cc00000|  0%| F|  |TAMS 0x000000060c800000| PB 0x000000060c800000| Untracked |  0
|  51|0x000000060cc00000, 0x000000060cc00000, 0x000000060d000000|  0%| F|  |TAMS 0x000000060cc00000| PB 0x000000060cc00000| Untracked |  0
|  52|0x000000060d000000, 0x000000060d000000, 0x000000060d400000|  0%| F|  |TAMS 0x000000060d000000| PB 0x000000060d000000| Untracked |  0
|  53|0x000000060d400000, 0x000000060d400000, 0x000000060d800000|  0%| F|  |TAMS 0x000000060d400000| PB 0x000000060d400000| Untracked |  0
|  54|0x000000060d800000, 0x000000060d800000, 0x000000060dc00000|  0%| F|  |TAMS 0x000000060d800000| PB 0x000000060d800000| Untracked |  0
|  55|0x000000060dc00000, 0x000000060dc00000, 0x000000060e000000|  0%| F|  |TAMS 0x000000060dc00000| PB 0x000000060dc00000| Untracked |  0
|  56|0x000000060e000000, 0x000000060e000000, 0x000000060e400000|  0%| F|  |TAMS 0x000000060e000000| PB 0x000000060e000000| Untracked |  0
|  57|0x000000060e400000, 0x000000060e400000, 0x000000060e800000|  0%| F|  |TAMS 0x000000060e400000| PB 0x000000060e400000| Untracked |  0
|  58|0x000000060e800000, 0x000000060e800000, 0x000000060ec00000|  0%| F|  |TAMS 0x000000060e800000| PB 0x000000060e800000| Untracked |  0
|  59|0x000000060ec00000, 0x000000060ec00000, 0x000000060f000000|  0%| F|  |TAMS 0x000000060ec00000| PB 0x000000060ec00000| Untracked |  0
|  60|0x000000060f000000, 0x000000060f000000, 0x000000060f400000|  0%| F|  |TAMS 0x000000060f000000| PB 0x000000060f000000| Untracked |  0
|  61|0x000000060f400000, 0x000000060f400000, 0x000000060f800000|  0%| F|  |TAMS 0x000000060f400000| PB 0x000000060f400000| Untracked |  0
|  62|0x000000060f800000, 0x000000060f800000, 0x000000060fc00000|  0%| F|  |TAMS 0x000000060f800000| PB 0x000000060f800000| Untracked |  0
|  63|0x000000060fc00000, 0x000000060fc00000, 0x0000000610000000|  0%| F|  |TAMS 0x000000060fc00000| PB 0x000000060fc00000| Untracked |  0
|  64|0x0000000610000000, 0x0000000610000000, 0x0000000610400000|  0%| F|  |TAMS 0x0000000610000000| PB 0x0000000610000000| Untracked |  0
|  65|0x0000000610400000, 0x0000000610400000, 0x0000000610800000|  0%| F|  |TAMS 0x0000000610400000| PB 0x0000000610400000| Untracked |  0
|  66|0x0000000610800000, 0x0000000610800000, 0x0000000610c00000|  0%| F|  |TAMS 0x0000000610800000| PB 0x0000000610800000| Untracked |  0
|  67|0x0000000610c00000, 0x0000000610c00000, 0x0000000611000000|  0%| F|  |TAMS 0x0000000610c00000| PB 0x0000000610c00000| Untracked |  0
|  68|0x0000000611000000, 0x0000000611000000, 0x0000000611400000|  0%| F|  |TAMS 0x0000000611000000| PB 0x0000000611000000| Untracked |  0
|  69|0x0000000611400000, 0x0000000611400000, 0x0000000611800000|  0%| F|  |TAMS 0x0000000611400000| PB 0x0000000611400000| Untracked |  0
|  70|0x0000000611800000, 0x0000000611800000, 0x0000000611c00000|  0%| F|  |TAMS 0x0000000611800000| PB 0x0000000611800000| Untracked |  0
|  71|0x0000000611c00000, 0x0000000611c00000, 0x0000000612000000|  0%| F|  |TAMS 0x0000000611c00000| PB 0x0000000611c00000| Untracked |  0
|  72|0x0000000612000000, 0x0000000612000000, 0x0000000612400000|  0%| F|  |TAMS 0x0000000612000000| PB 0x0000000612000000| Untracked |  0
|  73|0x0000000612400000, 0x0000000612400000, 0x0000000612800000|  0%| F|  |TAMS 0x0000000612400000| PB 0x0000000612400000| Untracked |  0
|  74|0x0000000612800000, 0x0000000612800000, 0x0000000612c00000|  0%| F|  |TAMS 0x0000000612800000| PB 0x0000000612800000| Untracked |  0
|  75|0x0000000612c00000, 0x0000000612c00000, 0x0000000613000000|  0%| F|  |TAMS 0x0000000612c00000| PB 0x0000000612c00000| Untracked |  0
|  76|0x0000000613000000, 0x0000000613000000, 0x0000000613400000|  0%| F|  |TAMS 0x0000000613000000| PB 0x0000000613000000| Untracked |  0
|  77|0x0000000613400000, 0x0000000613400000, 0x0000000613800000|  0%| F|  |TAMS 0x0000000613400000| PB 0x0000000613400000| Untracked |  0
|  78|0x0000000613800000, 0x0000000613800000, 0x0000000613c00000|  0%| F|  |TAMS 0x0000000613800000| PB 0x0000000613800000| Untracked |  0
|  79|0x0000000613c00000, 0x0000000613c00000, 0x0000000614000000|  0%| F|  |TAMS 0x0000000613c00000| PB 0x0000000613c00000| Untracked |  0
|  80|0x0000000614000000, 0x0000000614000000, 0x0000000614400000|  0%| F|  |TAMS 0x0000000614000000| PB 0x0000000614000000| Untracked |  0
|  81|0x0000000614400000, 0x0000000614400000, 0x0000000614800000|  0%| F|  |TAMS 0x0000000614400000| PB 0x0000000614400000| Untracked |  0
|  82|0x0000000614800000, 0x0000000614800000, 0x0000000614c00000|  0%| F|  |TAMS 0x0000000614800000| PB 0x0000000614800000| Untracked |  0
| 112|0x000000061c000000, 0x000000061c000000, 0x000000061c400000|  0%| F|  |TAMS 0x000000061c000000| PB 0x000000061c000000| Untracked |  0
| 113|0x000000061c400000, 0x000000061c400000, 0x000000061c800000|  0%| F|  |TAMS 0x000000061c400000| PB 0x000000061c400000| Untracked |  0
| 114|0x000000061c800000, 0x000000061c800000, 0x000000061cc00000|  0%| F|  |TAMS 0x000000061c800000| PB 0x000000061c800000| Untracked |  0
| 115|0x000000061cc00000, 0x000000061cc00000, 0x000000061d000000|  0%| F|  |TAMS 0x000000061cc00000| PB 0x000000061cc00000| Untracked |  0
| 116|0x000000061d000000, 0x000000061d000000, 0x000000061d400000|  0%| F|  |TAMS 0x000000061d000000| PB 0x000000061d000000| Untracked |  0
| 117|0x000000061d400000, 0x000000061d400000, 0x000000061d800000|  0%| F|  |TAMS 0x000000061d400000| PB 0x000000061d400000| Untracked |  0
| 118|0x000000061d800000, 0x000000061d800000, 0x000000061dc00000|  0%| F|  |TAMS 0x000000061d800000| PB 0x000000061d800000| Untracked |  0
| 119|0x000000061dc00000, 0x000000061dc00000, 0x000000061e000000|  0%| F|  |TAMS 0x000000061dc00000| PB 0x000000061dc00000| Untracked |  0
| 120|0x000000061e000000, 0x000000061e000000, 0x000000061e400000|  0%| F|  |TAMS 0x000000061e000000| PB 0x000000061e000000| Untracked |  0
| 121|0x000000061e400000, 0x000000061e400000, 0x000000061e800000|  0%| F|  |TAMS 0x000000061e400000| PB 0x000000061e400000| Untracked |  0
| 122|0x000000061e800000, 0x000000061e800000, 0x000000061ec00000|  0%| F|  |TAMS 0x000000061e800000| PB 0x000000061e800000| Untracked |  0
| 123|0x000000061ec00000, 0x000000061ec00000, 0x000000061f000000|  0%| F|  |TAMS 0x000000061ec00000| PB 0x000000061ec00000| Untracked |  0
| 124|0x000000061f000000, 0x000000061f000000, 0x000000061f400000|  0%| F|  |TAMS 0x000000061f000000| PB 0x000000061f000000| Untracked |  0
| 125|0x000000061f400000, 0x000000061f400000, 0x000000061f800000|  0%| F|  |TAMS 0x000000061f400000| PB 0x000000061f400000| Untracked |  0
| 126|0x000000061f800000, 0x000000061f800000, 0x000000061fc00000|  0%| F|  |TAMS 0x000000061f800000| PB 0x000000061f800000| Untracked |  0
| 127|0x000000061fc00000, 0x000000061fc00000, 0x0000000620000000|  0%| F|  |TAMS 0x000000061fc00000| PB 0x000000061fc00000| Untracked |  0
| 128|0x0000000620000000, 0x0000000620000000, 0x0000000620400000|  0%| F|  |TAMS 0x0000000620000000| PB 0x0000000620000000| Untracked |  0
|2041|0x00000007fe400000, 0x00000007fe400000, 0x00000007fe800000|  0%| F|  |TAMS 0x00000007fe400000| PB 0x00000007fe400000| Untracked |  0
|2042|0x00000007fe800000, 0x00000007fe800000, 0x00000007fec00000|  0%| F|  |TAMS 0x00000007fe800000| PB 0x00000007fe800000| Untracked |  0
|2043|0x00000007fec00000, 0x00000007ff000000, 0x00000007ff000000|100%| O|  |TAMS 0x00000007fec00000| PB 0x00000007fec00000| Untracked |  0
|2044|0x00000007ff000000, 0x00000007ff400000, 0x00000007ff400000|100%| O|  |TAMS 0x00000007ff000000| PB 0x00000007ff000000| Untracked |  0
|2045|0x00000007ff400000, 0x00000007ff800000, 0x00000007ff800000|100%| O|  |TAMS 0x00000007ff400000| PB 0x00000007ff400000| Untracked |  0
|2046|0x00000007ff800000, 0x00000007ffc00000, 0x00000007ffc00000|100%| O|  |TAMS 0x00000007ff800000| PB 0x00000007ff800000| Untracked |  0
|2047|0x00000007ffc00000, 0x0000000800000000, 0x0000000800000000|100%| O|  |TAMS 0x00000007ffc00000| PB 0x00000007ffc00000| Untracked |  0

Card table byte_map: [0x0000021dd8510000,0x0000021dd9510000] _byte_map_base: 0x0000021dd5510000

Marking Bits: (CMBitMap*) 0x0000021dacb8ee40
 Bits: [0x0000021dd9510000, 0x0000021de1510000)

Polling page: 0x0000021dac820000

Metaspace:

Usage:
  Non-class:     62.04 MB used.
      Class:     10.48 MB used.
       Both:     72.52 MB used.

Virtual space:
  Non-class space:       64.00 MB reserved,      63.19 MB ( 99%) committed,  1 nodes.
      Class space:        1.00 GB reserved,      11.50 MB (  1%) committed,  1 nodes.
             Both:        1.06 GB reserved,      74.69 MB (  7%) committed. 

Chunk freelists:
   Non-Class:  432.00 KB
       Class:  4.39 MB
        Both:  4.81 MB

MaxMetaspaceSize: 4.00 GB
CompressedClassSpaceSize: 1.00 GB
Initial GC threshold: 21.00 MB
Current GC threshold: 124.38 MB
CDS: on
 - commit_granule_bytes: 65536.
 - commit_granule_words: 8192.
 - virtual_space_node_default_size: 8388608.
 - enlarge_chunks_in_place: 1.
 - use_allocation_guard: 0.


Internal statistics:

num_allocs_failed_limit: 9.
num_arena_births: 3782.
num_arena_deaths: 4.
num_vsnodes_births: 2.
num_vsnodes_deaths: 0.
num_space_committed: 1195.
num_space_uncommitted: 0.
num_chunks_returned_to_freelist: 14.
num_chunks_taken_from_freelist: 7152.
num_chunk_merges: 9.
num_chunk_splits: 4715.
num_chunks_enlarged: 3035.
num_inconsistent_stats: 0.

CodeHeap 'non-profiled nmethods': size=259264Kb used=4662Kb max_used=4770Kb free=254601Kb
 bounds [0x0000021dc6930000, 0x0000021dc6de0000, 0x0000021dd6660000]
CodeHeap 'profiled nmethods': size=259264Kb used=16918Kb max_used=16918Kb free=242345Kb
 bounds [0x0000021db6660000, 0x0000021db76f0000, 0x0000021dc6390000]
CodeHeap 'non-nmethods': size=5760Kb used=2085Kb max_used=2152Kb free=3674Kb
 bounds [0x0000021dc6390000, 0x0000021dc6600000, 0x0000021dc6930000]
 total_blobs=9291 nmethods=8476 adapters=718
 compilation: enabled
              stopped_count=0, restarted_count=0
 full_count=0

Compilation events (20 events):
Event: 12.728 Thread 0x0000021de4373e40 10217       2       org.jetbrains.org.objectweb.asm.tree.MethodNode::visitLdcInsn (16 bytes)
Event: 12.729 Thread 0x0000021de4373e40 nmethod 10217 0x0000021db6d71910 code [0x0000021db6d71ac0, 0x0000021db6d71cd0]
Event: 12.729 Thread 0x0000021de4373e40 10218       2       org.jetbrains.org.objectweb.asm.tree.LdcInsnNode::<init> (12 bytes)
Event: 12.729 Thread 0x0000021de4373e40 nmethod 10218 0x0000021db6ddb710 code [0x0000021db6ddb8a0, 0x0000021db6ddba08]
Event: 12.729 Thread 0x0000021de4373e40 10219       2       org.jetbrains.org.objectweb.asm.MethodWriter::visitLdcInsn (215 bytes)
Event: 12.730 Thread 0x0000021de4373e40 nmethod 10219 0x0000021db6b88d90 code [0x0000021db6b88f80, 0x0000021db6b89428]
Event: 12.745 Thread 0x0000021de4373e40 10221       3       org.jetbrains.kotlin.metadata.ProtoBuf$TypeParameter::initFields (37 bytes)
Event: 12.745 Thread 0x0000021de4373e40 nmethod 10221 0x0000021db6d14b10 code [0x0000021db6d14cc0, 0x0000021db6d14ff8]
Event: 12.753 Thread 0x0000021de4373e40 10222       3       org.jetbrains.kotlin.metadata.ProtoBuf$TypeParameter::isInitialized (101 bytes)
Event: 12.754 Thread 0x0000021de4373e40 nmethod 10222 0x0000021db76e5b10 code [0x0000021db76e5d60, 0x0000021db76e6780]
Event: 12.756 Thread 0x0000021de4373e40 10223       3       org.jetbrains.kotlin.metadata.ProtoBuf$EnumEntry$1::parsePartialFrom (7 bytes)
Event: 12.757 Thread 0x0000021de4373e40 nmethod 10223 0x0000021db6f61d10 code [0x0000021db6f61ec0, 0x0000021db6f61ff8]
Event: 12.757 Thread 0x0000021de4373e40 10224       3       org.jetbrains.kotlin.metadata.ProtoBuf$EnumEntry$1::parsePartialFrom (11 bytes)
Event: 12.757 Thread 0x0000021de4373e40 nmethod 10224 0x0000021db692ac90 code [0x0000021db692ae40, 0x0000021db692b048]
Event: 12.757 Thread 0x0000021de4373e40 10225   !   3       org.jetbrains.kotlin.metadata.ProtoBuf$EnumEntry::<init> (344 bytes)
Event: 12.760 Thread 0x0000021de4373e40 nmethod 10225 0x0000021db76e6a10 code [0x0000021db76e6f40, 0x0000021db76e9fb8]
Event: 12.760 Thread 0x0000021de4373e40 10226       3       org.jetbrains.kotlin.metadata.ProtoBuf$EnumEntry::isInitialized (73 bytes)
Event: 12.760 Thread 0x0000021de4373e40 nmethod 10226 0x0000021db76eb210 code [0x0000021db76eb440, 0x0000021db76ebc40]
Event: 12.769 Thread 0x0000021e2cbe54c0 nmethod 10063 0x0000021dc6b95710 code [0x0000021dc6b960e0, 0x0000021dc6b9eae8]
Event: 12.770 Thread 0x0000021e2cbe54c0 10220       4       org.jetbrains.org.objectweb.asm.ClassReader::readField (667 bytes)

GC Heap History (20 events):
Event: 11.310 GC heap after
{Heap after GC invocations=28 (full 0):
 garbage-first heap   total reserved 8388608K, committed 270336K, used 118632K [0x0000000600000000, 0x0000000800000000)
  region size 4096K, 1 young (4096K), 1 survivors (4096K)
 Metaspace       used 72929K, committed 75072K, reserved 1114112K
  class space    used 10611K, committed 11648K, reserved 1048576K
}
Event: 11.419 GC heap before
{Heap before GC invocations=29 (full 0):
 garbage-first heap   total reserved 8388608K, committed 270336K, used 192360K [0x0000000600000000, 0x0000000800000000)
  region size 4096K, 19 young (77824K), 1 survivors (4096K)
 Metaspace       used 73331K, committed 75456K, reserved 1114112K
  class space    used 10666K, committed 11712K, reserved 1048576K
}
Event: 11.421 GC heap after
{Heap after GC invocations=30 (full 0):
 garbage-first heap   total reserved 8388608K, committed 270336K, used 119530K [0x0000000600000000, 0x0000000800000000)
  region size 4096K, 1 young (4096K), 1 survivors (4096K)
 Metaspace       used 73331K, committed 75456K, reserved 1114112K
  class space    used 10666K, committed 11712K, reserved 1048576K
}
Event: 11.493 GC heap before
{Heap before GC invocations=30 (full 0):
 garbage-first heap   total reserved 8388608K, committed 270336K, used 201450K [0x0000000600000000, 0x0000000800000000)
  region size 4096K, 21 young (86016K), 1 survivors (4096K)
 Metaspace       used 73400K, committed 75520K, reserved 1114112K
  class space    used 10666K, committed 11712K, reserved 1048576K
}
Event: 11.496 GC heap after
{Heap after GC invocations=31 (full 0):
 garbage-first heap   total reserved 8388608K, committed 270336K, used 118876K [0x0000000600000000, 0x0000000800000000)
  region size 4096K, 1 young (4096K), 1 survivors (4096K)
 Metaspace       used 73400K, committed 75520K, reserved 1114112K
  class space    used 10666K, committed 11712K, reserved 1048576K
}
Event: 11.568 GC heap before
{Heap before GC invocations=31 (full 0):
 garbage-first heap   total reserved 8388608K, committed 270336K, used 217180K [0x0000000600000000, 0x0000000800000000)
  region size 4096K, 25 young (102400K), 1 survivors (4096K)
 Metaspace       used 73552K, committed 75776K, reserved 1114112K
  class space    used 10666K, committed 11712K, reserved 1048576K
}
Event: 11.571 GC heap after
{Heap after GC invocations=32 (full 0):
 garbage-first heap   total reserved 8388608K, committed 270336K, used 119728K [0x0000000600000000, 0x0000000800000000)
  region size 4096K, 1 young (4096K), 1 survivors (4096K)
 Metaspace       used 73552K, committed 75776K, reserved 1114112K
  class space    used 10666K, committed 11712K, reserved 1048576K
}
Event: 11.666 GC heap before
{Heap before GC invocations=33 (full 0):
 garbage-first heap   total reserved 8388608K, committed 270336K, used 222128K [0x0000000600000000, 0x0000000800000000)
  region size 4096K, 27 young (110592K), 1 survivors (4096K)
 Metaspace       used 73606K, committed 75776K, reserved 1114112K
  class space    used 10673K, committed 11712K, reserved 1048576K
}
Event: 11.669 GC heap after
{Heap after GC invocations=34 (full 0):
 garbage-first heap   total reserved 8388608K, committed 270336K, used 120677K [0x0000000600000000, 0x0000000800000000)
  region size 4096K, 2 young (8192K), 2 survivors (8192K)
 Metaspace       used 73606K, committed 75776K, reserved 1114112K
  class space    used 10673K, committed 11712K, reserved 1048576K
}
Event: 11.744 GC heap before
{Heap before GC invocations=34 (full 0):
 garbage-first heap   total reserved 8388608K, committed 270336K, used 231269K [0x0000000600000000, 0x0000000800000000)
  region size 4096K, 29 young (118784K), 2 survivors (8192K)
 Metaspace       used 73754K, committed 75968K, reserved 1114112K
  class space    used 10683K, committed 11712K, reserved 1048576K
}
Event: 11.749 GC heap after
{Heap after GC invocations=35 (full 0):
 garbage-first heap   total reserved 8388608K, committed 557056K, used 120604K [0x0000000600000000, 0x0000000800000000)
  region size 4096K, 2 young (8192K), 2 survivors (8192K)
 Metaspace       used 73754K, committed 75968K, reserved 1114112K
  class space    used 10683K, committed 11712K, reserved 1048576K
}
Event: 12.027 GC heap before
{Heap before GC invocations=35 (full 0):
 garbage-first heap   total reserved 8388608K, committed 557056K, used 444188K [0x0000000600000000, 0x0000000800000000)
  region size 4096K, 81 young (331776K), 2 survivors (8192K)
 Metaspace       used 73973K, committed 76224K, reserved 1114112K
  class space    used 10693K, committed 11776K, reserved 1048576K
}
Event: 12.031 GC heap after
{Heap after GC invocations=36 (full 0):
 garbage-first heap   total reserved 8388608K, committed 557056K, used 123922K [0x0000000600000000, 0x0000000800000000)
  region size 4096K, 3 young (12288K), 3 survivors (12288K)
 Metaspace       used 73973K, committed 76224K, reserved 1114112K
  class space    used 10693K, committed 11776K, reserved 1048576K
}
Event: 12.206 GC heap before
{Heap before GC invocations=36 (full 0):
 garbage-first heap   total reserved 8388608K, committed 557056K, used 439314K [0x0000000600000000, 0x0000000800000000)
  region size 4096K, 81 young (331776K), 3 survivors (12288K)
 Metaspace       used 73996K, committed 76224K, reserved 1114112K
  class space    used 10693K, committed 11776K, reserved 1048576K
}
Event: 12.211 GC heap after
{Heap after GC invocations=37 (full 0):
 garbage-first heap   total reserved 8388608K, committed 557056K, used 130468K [0x0000000600000000, 0x0000000800000000)
  region size 4096K, 3 young (12288K), 3 survivors (12288K)
 Metaspace       used 73996K, committed 76224K, reserved 1114112K
  class space    used 10693K, committed 11776K, reserved 1048576K
}
Event: 12.381 GC heap before
{Heap before GC invocations=37 (full 0):
 garbage-first heap   total reserved 8388608K, committed 557056K, used 449956K [0x0000000600000000, 0x0000000800000000)
  region size 4096K, 81 young (331776K), 3 survivors (12288K)
 Metaspace       used 74134K, committed 76352K, reserved 1114112K
  class space    used 10711K, committed 11776K, reserved 1048576K
}
Event: 12.386 GC heap after
{Heap after GC invocations=38 (full 0):
 garbage-first heap   total reserved 8388608K, committed 557056K, used 128736K [0x0000000600000000, 0x0000000800000000)
  region size 4096K, 4 young (16384K), 4 survivors (16384K)
 Metaspace       used 74134K, committed 76352K, reserved 1114112K
  class space    used 10711K, committed 11776K, reserved 1048576K
}
Event: 12.562 GC heap before
{Heap before GC invocations=39 (full 0):
 garbage-first heap   total reserved 8388608K, committed 438272K, used 374496K [0x0000000600000000, 0x0000000800000000)
  region size 4096K, 64 young (262144K), 4 survivors (16384K)
 Metaspace       used 74237K, committed 76416K, reserved 1114112K
  class space    used 10730K, committed 11776K, reserved 1048576K
}
Event: 12.568 GC heap after
{Heap after GC invocations=40 (full 0):
 garbage-first heap   total reserved 8388608K, committed 438272K, used 130569K [0x0000000600000000, 0x0000000800000000)
  region size 4096K, 4 young (16384K), 4 survivors (16384K)
 Metaspace       used 74237K, committed 76416K, reserved 1114112K
  class space    used 10730K, committed 11776K, reserved 1048576K
}
Event: 12.771 GC heap before
{Heap before GC invocations=40 (full 0):
 garbage-first heap   total reserved 8388608K, committed 438272K, used 372233K [0x0000000600000000, 0x0000000800000000)
  region size 4096K, 64 young (262144K), 4 survivors (16384K)
 Metaspace       used 74261K, committed 76480K, reserved 1114112K
  class space    used 10731K, committed 11776K, reserved 1048576K
}

Dll operation events (15 events):
Event: 0.010 Loaded shared library C:\Program Files\Java\jdk-22\bin\java.dll
Event: 0.036 Loaded shared library C:\Program Files\Java\jdk-22\bin\jsvml.dll
Event: 0.072 Loaded shared library C:\Program Files\Java\jdk-22\bin\zip.dll
Event: 0.074 Loaded shared library C:\Program Files\Java\jdk-22\bin\instrument.dll
Event: 0.077 Loaded shared library C:\Program Files\Java\jdk-22\bin\net.dll
Event: 0.079 Loaded shared library C:\Program Files\Java\jdk-22\bin\nio.dll
Event: 0.081 Loaded shared library C:\Program Files\Java\jdk-22\bin\zip.dll
Event: 0.268 Loaded shared library C:\Program Files\Java\jdk-22\bin\jimage.dll
Event: 0.509 Loaded shared library C:\Program Files\Java\jdk-22\bin\verify.dll
Event: 0.549 Loaded shared library E:\gradle-cache\native\1def1411415f61bf3af743bc5b6707747c0891f09f0c88961ee8f79bc544acac\windows-amd64\native-platform.dll
Event: 0.557 Loaded shared library E:\gradle-cache\native\0.2.8\x86_64-windows-gnu\gradle-fileevents.dll
Event: 1.268 Loaded shared library C:\Program Files\Java\jdk-22\bin\management.dll
Event: 1.270 Loaded shared library C:\Program Files\Java\jdk-22\bin\management_ext.dll
Event: 1.403 Loaded shared library C:\Program Files\Java\jdk-22\bin\extnet.dll
Event: 1.652 Loaded shared library C:\Program Files\Java\jdk-22\bin\sunmscapi.dll

Deoptimization events (20 events):
Event: 12.752 Thread 0x0000021e2abb8c80 DEOPT PACKING pc=0x0000021db6b56325 sp=0x000000a8c96faf40
Event: 12.752 Thread 0x0000021e2abb8c80 DEOPT UNPACKING pc=0x0000021dc63e4e42 sp=0x000000a8c96fa3d0 mode 0
Event: 12.754 Thread 0x0000021de4826380 DEOPT PACKING pc=0x0000021db6b56325 sp=0x000000a8c8cfad70
Event: 12.754 Thread 0x0000021de4826380 DEOPT UNPACKING pc=0x0000021dc63e4e42 sp=0x000000a8c8cfa200 mode 0
Event: 12.755 Thread 0x0000021de4826380 DEOPT PACKING pc=0x0000021db765eff2 sp=0x000000a8c8cfaba0
Event: 12.755 Thread 0x0000021de4826380 DEOPT UNPACKING pc=0x0000021dc63e4e42 sp=0x000000a8c8cfa1f0 mode 0
Event: 12.756 Thread 0x0000021e2abb8c80 DEOPT PACKING pc=0x0000021db6b56325 sp=0x000000a8c96fad30
Event: 12.756 Thread 0x0000021e2abb8c80 DEOPT UNPACKING pc=0x0000021dc63e4e42 sp=0x000000a8c96fa1c0 mode 0
Event: 12.758 Thread 0x0000021de4826380 DEOPT PACKING pc=0x0000021db6b56325 sp=0x000000a8c8cfb020
Event: 12.758 Thread 0x0000021de4826380 DEOPT UNPACKING pc=0x0000021dc63e4e42 sp=0x000000a8c8cfa4b0 mode 0
Event: 12.760 Thread 0x0000021de4826380 DEOPT PACKING pc=0x0000021db6b56325 sp=0x000000a8c8cfb0c0
Event: 12.760 Thread 0x0000021de4826380 DEOPT UNPACKING pc=0x0000021dc63e4e42 sp=0x000000a8c8cfa550 mode 0
Event: 12.762 Thread 0x0000021e2abb8c80 DEOPT PACKING pc=0x0000021db6b56325 sp=0x000000a8c96fafb0
Event: 12.762 Thread 0x0000021e2abb8c80 DEOPT UNPACKING pc=0x0000021dc63e4e42 sp=0x000000a8c96fa440 mode 0
Event: 12.765 Thread 0x0000021e2abb8c80 DEOPT PACKING pc=0x0000021db6b56325 sp=0x000000a8c96faf40
Event: 12.765 Thread 0x0000021e2abb8c80 DEOPT UNPACKING pc=0x0000021dc63e4e42 sp=0x000000a8c96fa3d0 mode 0
Event: 12.767 Thread 0x0000021de4826380 DEOPT PACKING pc=0x0000021db6b56325 sp=0x000000a8c8cfb0c0
Event: 12.767 Thread 0x0000021de4826380 DEOPT UNPACKING pc=0x0000021dc63e4e42 sp=0x000000a8c8cfa550 mode 0
Event: 12.769 Thread 0x0000021e2abb8c80 DEOPT PACKING pc=0x0000021db6b56325 sp=0x000000a8c96fad00
Event: 12.769 Thread 0x0000021e2abb8c80 DEOPT UNPACKING pc=0x0000021dc63e4e42 sp=0x000000a8c96fa190 mode 0

Classes loaded (20 events):
Event: 9.989 Loading class java/util/stream/ReduceOps$5ReducingSink
Event: 9.989 Loading class java/util/stream/ReduceOps$5ReducingSink done
Event: 9.989 Loading class java/util/stream/ReferencePipeline$4$1
Event: 9.989 Loading class java/util/stream/ReferencePipeline$4$1 done
Event: 10.748 Loading class sun/misc/Unsafe
Event: 10.748 Loading class sun/misc/Unsafe done
Event: 10.775 Loading class java/rmi/RemoteException
Event: 10.775 Loading class java/rmi/RemoteException done
Event: 10.817 Loading class java/util/zip/ZipFile$ZipEntryIterator
Event: 10.817 Loading class java/util/zip/ZipFile$ZipEntryIterator done
Event: 11.299 Loading class java/io/UTFDataFormatException
Event: 11.300 Loading class java/io/UTFDataFormatException done
Event: 11.301 Loading class java/lang/reflect/InaccessibleObjectException
Event: 11.301 Loading class java/lang/reflect/InaccessibleObjectException done
Event: 11.599 Loading class java/util/concurrent/LinkedBlockingDeque$Itr
Event: 11.599 Loading class java/util/concurrent/LinkedBlockingDeque$AbstractItr
Event: 11.599 Loading class java/util/concurrent/LinkedBlockingDeque$AbstractItr done
Event: 11.599 Loading class java/util/concurrent/LinkedBlockingDeque$Itr done
Event: 12.433 Loading class sun/nio/ch/ChannelOutputStream
Event: 12.433 Loading class sun/nio/ch/ChannelOutputStream done

Classes unloaded (2 events):
Event: 8.446 Thread 0x0000021de175e590 Unloading class 0x0000021de6794400 'java/lang/invoke/LambdaForm$DMH+0x0000021de6794400'
Event: 11.365 Thread 0x0000021de175e590 Unloading class 0x0000021de6b58400 'java/lang/invoke/LambdaForm$DMH+0x0000021de6b58400'

Classes redefined (0 events):
No events

Internal exceptions (20 events):
Event: 9.392 Thread 0x0000021e2a78fe60 Exception <a 'java/lang/NoSuchMethodError'{0x0000000603f26b90}: 'void java.lang.invoke.DirectMethodHandle$Holder.invokeInterface(java.lang.Object, java.lang.Object, java.lang.Object, java.lang.Object)'> (0x0000000603f26b90) 
thrown [s\open\src\hotspot\share\interpreter\linkResolver.cpp, line 774]
Event: 9.603 Thread 0x0000021e2a78fe60 Implicit null exception at 0x0000021dc6d549dd to 0x0000021dc6d5af40
Event: 9.649 Thread 0x0000021e2a78fe60 Exception <a 'java/lang/NoSuchMethodError'{0x0000000609cc09b8}: 'void java.lang.invoke.DirectMethodHandle$Holder.invokeStatic(java.lang.Object, int, java.lang.Object)'> (0x0000000609cc09b8) 
thrown [s\open\src\hotspot\share\interpreter\linkResolver.cpp, line 774]
Event: 9.715 Thread 0x0000021e2a78fe60 Exception <a 'java/lang/NoSuchMethodError'{0x00000006099a32e0}: 'void java.lang.invoke.DirectMethodHandle$Holder.invokeStaticInit(java.lang.Object)'> (0x00000006099a32e0) 
thrown [s\open\src\hotspot\share\interpreter\linkResolver.cpp, line 774]
Event: 9.882 Thread 0x0000021e2bbcd090 Exception <a 'java/lang/NoSuchMethodError'{0x00000006057d7a58}: 'java.lang.Object java.lang.invoke.DirectMethodHandle$Holder.newInvokeSpecial(java.lang.Object, java.lang.Object, int, java.lang.Object, java.lang.Object)'> (0x00000006057d7a58) 
thrown [s\open\src\hotspot\share\interpreter\linkResolver.cpp, line 774]
Event: 9.882 Thread 0x0000021e2bbcd090 Exception <a 'java/lang/NoSuchMethodError'{0x00000006057db8d0}: 'java.lang.Object java.lang.invoke.DirectMethodHandle$Holder.invokeSpecial(java.lang.Object, java.lang.Object, java.lang.Object, int, java.lang.Object, java.lang.Object)'> (0x00000006057db8d0) 
thrown [s\open\src\hotspot\share\interpreter\linkResolver.cpp, line 774]
Event: 9.936 Thread 0x0000021e2bbcafc0 Exception <a 'java/lang/NoSuchMethodError'{0x000000060536e148}: 'java.lang.Object java.lang.invoke.DirectMethodHandle$Holder.invokeVirtual(java.lang.Object, java.lang.Object, java.lang.Object, java.lang.Object, java.lang.Object, java.lang.Object, java.lang.Object, java.lang.Object, java.lang.Object, java.lang.Object, java.lang.Object, java.lang.Object, java.lang.Object, java.lang.Object, java.lang.Object, java.lang.Object, java.lang.Object, java.lang.Object, java.lang.Object, java.lang.Object)'> (0x0000000
Event: 9.937 Thread 0x0000021e2bbcafc0 Exception <a 'java/lang/NoSuchMethodError'{0x00000006053739c0}: 'java.lang.Object java.lang.invoke.DirectMethodHandle$Holder.invokeSpecial(java.lang.Object, java.lang.Object, java.lang.Object, java.lang.Object, java.lang.Object, java.lang.Object, java.lang.Object, java.lang.Object, java.lang.Object, java.lang.Object, java.lang.Object, java.lang.Object, java.lang.Object, java.lang.Object, java.lang.Object, java.lang.Object, java.lang.Object, java.lang.Object, java.lang.Object, java.lang.Object, java.lang.Ob
Event: 9.937 Thread 0x0000021e2bbcafc0 Exception <a 'java/lang/NoSuchMethodError'{0x0000000605378690}: 'java.lang.Object java.lang.invoke.DelegatingMethodHandle$Holder.reinvoke_L(java.lang.Object, java.lang.Object, java.lang.Object, java.lang.Object, java.lang.Object, java.lang.Object, java.lang.Object, java.lang.Object, java.lang.Object, java.lang.Object, java.lang.Object, java.lang.Object, java.lang.Object, java.lang.Object, java.lang.Object, java.lang.Object, java.lang.Object, java.lang.Object, java.lang.Object, java.lang.Object)'> (0x000000
Event: 9.957 Thread 0x0000021e2bbcafc0 Exception <a 'java/lang/NoSuchMethodError'{0x0000000604c9ffc0}: 'void java.lang.invoke.DirectMethodHandle$Holder.invokeSpecial(java.lang.Object, java.lang.Object, java.lang.Object, java.lang.Object, int, java.lang.Object, java.lang.Object)'> (0x0000000604c9ffc0) 
thrown [s\open\src\hotspot\share\interpreter\linkResolver.cpp, line 774]
Event: 10.005 Thread 0x0000021e2bbcafc0 Exception <a 'java/lang/NoSuchMethodError'{0x0000000604f80288}: 'int java.lang.invoke.DirectMethodHandle$Holder.invokeSpecial(java.lang.Object, java.lang.Object, java.lang.Object, java.lang.Object, java.lang.Object)'> (0x0000000604f80288) 
thrown [s\open\src\hotspot\share\interpreter\linkResolver.cpp, line 774]
Event: 10.040 Thread 0x0000021e2bbcafc0 Exception <a 'java/lang/IncompatibleClassChangeError'{0x00000006049bb650}: Found class java.lang.Object, but interface was expected> (0x00000006049bb650) 
thrown [s\open\src\hotspot\share\interpreter\linkResolver.cpp, line 841]
Event: 10.603 Thread 0x0000021e2bbcafc0 Exception <a 'java/lang/NoSuchMethodError'{0x00000006042aa1f8}: static Ljava/lang/Object;.<clinit>()V> (0x00000006042aa1f8) 
thrown [s\open\src\hotspot\share\prims\jni.cpp, line 1111]
Event: 10.783 Thread 0x0000021de4826380 Exception <a 'java/lang/NoSuchMethodError'{0x000000060f683f00}: 'int java.lang.invoke.DirectMethodHandle$Holder.invokeStaticInit(java.lang.Object, java.lang.Object, int)'> (0x000000060f683f00) 
thrown [s\open\src\hotspot\share\interpreter\linkResolver.cpp, line 774]
Event: 10.853 Thread 0x0000021de4827730 Implicit null exception at 0x0000021dc6b1566f to 0x0000021dc6b161fc
Event: 10.853 Thread 0x0000021e2abbad50 Implicit null exception at 0x0000021dc6b1566f to 0x0000021dc6b161fc
Event: 10.853 Thread 0x0000021e2abb8c80 Implicit null exception at 0x0000021dc6b1566f to 0x0000021dc6b161fc
Event: 10.853 Thread 0x0000021de4826380 Implicit null exception at 0x0000021dc6b1566f to 0x0000021dc6b161fc
Event: 11.056 Thread 0x0000021de4826380 Exception <a 'java/lang/NoSuchMethodError'{0x0000000609ad9630}: 'int java.lang.invoke.DirectMethodHandle$Holder.invokeStatic(java.lang.Object, java.lang.Object, int, int)'> (0x0000000609ad9630) 
thrown [s\open\src\hotspot\share\interpreter\linkResolver.cpp, line 774]
Event: 11.056 Thread 0x0000021e2abbad50 Exception <a 'java/lang/NoSuchMethodError'{0x0000000609b1f7f0}: 'int java.lang.invoke.DirectMethodHandle$Holder.invokeStatic(java.lang.Object, java.lang.Object, int, int)'> (0x0000000609b1f7f0) 
thrown [s\open\src\hotspot\share\interpreter\linkResolver.cpp, line 774]

ZGC Phase Switch (0 events):
No events

VM Operations (20 events):
Event: 11.659 Executing VM operation: G1PauseCleanup done
Event: 11.665 Executing VM operation: G1CollectForAllocation (G1 Evacuation Pause)
Event: 11.669 Executing VM operation: G1CollectForAllocation (G1 Evacuation Pause) done
Event: 11.744 Executing VM operation: G1CollectForAllocation (G1 Evacuation Pause)
Event: 11.749 Executing VM operation: G1CollectForAllocation (G1 Evacuation Pause) done
Event: 12.027 Executing VM operation: G1CollectForAllocation (G1 Evacuation Pause)
Event: 12.031 Executing VM operation: G1CollectForAllocation (G1 Evacuation Pause) done
Event: 12.206 Executing VM operation: G1CollectForAllocation (G1 Evacuation Pause)
Event: 12.211 Executing VM operation: G1CollectForAllocation (G1 Evacuation Pause) done
Event: 12.378 Executing VM operation: HandshakeAllThreads (Deoptimize)
Event: 12.378 Executing VM operation: HandshakeAllThreads (Deoptimize) done
Event: 12.381 Executing VM operation: G1CollectForAllocation (G1 Evacuation Pause)
Event: 12.386 Executing VM operation: G1CollectForAllocation (G1 Evacuation Pause) done
Event: 12.446 Executing VM operation: G1PauseRemark
Event: 12.453 Executing VM operation: G1PauseRemark done
Event: 12.472 Executing VM operation: G1PauseCleanup
Event: 12.473 Executing VM operation: G1PauseCleanup done
Event: 12.562 Executing VM operation: G1CollectForAllocation (G1 Evacuation Pause)
Event: 12.568 Executing VM operation: G1CollectForAllocation (G1 Evacuation Pause) done
Event: 12.771 Executing VM operation: G1CollectForAllocation (G1 Evacuation Pause)

Memory protections (0 events):
No events

Nmethod flushes (20 events):
Event: 12.452 Thread 0x0000021de175e590 flushing  nmethod 0x0000021db6a2fb90
Event: 12.452 Thread 0x0000021de175e590 flushing  nmethod 0x0000021db6d24590
Event: 12.452 Thread 0x0000021de175e590 flushing  nmethod 0x0000021db6d26090
Event: 12.452 Thread 0x0000021de175e590 flushing  nmethod 0x0000021db70a6b90
Event: 12.452 Thread 0x0000021de175e590 flushing  nmethod 0x0000021db6953a10
Event: 12.452 Thread 0x0000021de175e590 flushing  nmethod 0x0000021db6a59490
Event: 12.452 Thread 0x0000021de175e590 flushing  nmethod 0x0000021db6c31c90
Event: 12.452 Thread 0x0000021de175e590 flushing  nmethod 0x0000021db6c6ac90
Event: 12.452 Thread 0x0000021de175e590 flushing  nmethod 0x0000021db6ddb710
Event: 12.452 Thread 0x0000021de175e590 flushing  nmethod 0x0000021db6e4a490
Event: 12.452 Thread 0x0000021de175e590 flushing  nmethod 0x0000021db6fd1690
Event: 12.452 Thread 0x0000021de175e590 flushing  nmethod 0x0000021db6739390
Event: 12.452 Thread 0x0000021de175e590 flushing  nmethod 0x0000021db6865810
Event: 12.452 Thread 0x0000021de175e590 flushing  nmethod 0x0000021db695e790
Event: 12.452 Thread 0x0000021de175e590 flushing  nmethod 0x0000021db6995610
Event: 12.452 Thread 0x0000021de175e590 flushing  nmethod 0x0000021db69aba90
Event: 12.452 Thread 0x0000021de175e590 flushing  nmethod 0x0000021db6c9e190
Event: 12.452 Thread 0x0000021de175e590 flushing  nmethod 0x0000021db6ccf710
Event: 12.452 Thread 0x0000021de175e590 flushing  nmethod 0x0000021db6e8d390
Event: 12.452 Thread 0x0000021de175e590 flushing  nmethod 0x0000021db73d5a90

Events (20 events):
Event: 10.597 Thread 0x0000021e2bbcafc0 Thread added: 0x0000021de4822f00
Event: 10.597 Thread 0x0000021e2bbcafc0 Thread added: 0x0000021de4825660
Event: 10.597 Thread 0x0000021e2bbcafc0 Thread added: 0x0000021de4826a10
Event: 10.598 Thread 0x0000021e2bbcafc0 Thread added: 0x0000021de48270a0
Event: 10.598 Thread 0x0000021e2bbcafc0 Thread added: 0x0000021de4824fd0
Event: 10.598 Thread 0x0000021e2bbcafc0 Thread added: 0x0000021de48242b0
Event: 10.598 Thread 0x0000021e2bbcafc0 Thread added: 0x0000021de4823c20
Event: 10.612 Thread 0x0000021e2bbcafc0 Thread added: 0x0000021de4826380
Event: 10.613 Thread 0x0000021e2bbcafc0 Thread added: 0x0000021de4827730
Event: 10.613 Thread 0x0000021e2bbcafc0 Thread added: 0x0000021e2abba030
Event: 10.613 Thread 0x0000021e2bbcafc0 Thread added: 0x0000021e2abb78d0
Event: 10.613 Thread 0x0000021e2bbcafc0 Thread added: 0x0000021e2abb85f0
Event: 10.614 Thread 0x0000021e2bbcafc0 Thread added: 0x0000021e2abba6c0
Event: 10.614 Thread 0x0000021e2bbcafc0 Thread added: 0x0000021e2abb9310
Event: 10.614 Thread 0x0000021e2bbcafc0 Thread added: 0x0000021e2abbb3e0
Event: 10.615 Thread 0x0000021e2bbcafc0 Thread added: 0x0000021e2abbad50
Event: 10.615 Thread 0x0000021e2bbcafc0 Thread added: 0x0000021e2abb7f60
Event: 10.615 Thread 0x0000021e2bbcafc0 Thread added: 0x0000021e2abb8c80
Event: 10.711 Thread 0x0000021de4373e40 Thread added: 0x0000021e2cbe54c0
Event: 10.860 Thread 0x0000021de4373e40 Thread added: 0x0000021e2cbe4050


Dynamic libraries:
0x00007ff670290000 - 0x00007ff6702a0000 	C:\Program Files\Java\jdk-22\bin\java.exe
0x00007ffffa820000 - 0x00007ffffaa86000 	C:\WINDOWS\SYSTEM32\ntdll.dll
0x00007ffff8fe0000 - 0x00007ffff90a9000 	C:\WINDOWS\System32\KERNEL32.DLL
0x00007ffff7a40000 - 0x00007ffff7e40000 	C:\WINDOWS\System32\KERNELBASE.dll
0x00007ffff80d0000 - 0x00007ffff821c000 	C:\WINDOWS\System32\ucrtbase.dll
0x00007fffdde90000 - 0x00007fffddeab000 	C:\Program Files\Java\jdk-22\bin\VCRUNTIME140.dll
0x00007fffcc7b0000 - 0x00007fffcc7c7000 	C:\Program Files\Java\jdk-22\bin\jli.dll
0x00007ffff8b20000 - 0x00007ffff8ce7000 	C:\WINDOWS\System32\USER32.dll
0x00007fffd95a0000 - 0x00007fffd9832000 	C:\WINDOWS\WinSxS\amd64_microsoft.windows.common-controls_6595b64144ccf1df_6.0.26100.8737_none_3e092eaee333b772\COMCTL32.dll
0x00007ffff8230000 - 0x00007ffff8257000 	C:\WINDOWS\System32\win32u.dll
0x00007ffff89b0000 - 0x00007ffff8a59000 	C:\WINDOWS\System32\msvcrt.dll
0x00007ffff8cf0000 - 0x00007ffff8d1b000 	C:\WINDOWS\System32\GDI32.dll
0x00007ffff7fa0000 - 0x00007ffff80c9000 	C:\WINDOWS\System32\gdi32full.dll
0x00007ffff84a0000 - 0x00007ffff8543000 	C:\WINDOWS\System32\msvcp_win.dll
0x00007ffff9510000 - 0x00007ffff9542000 	C:\WINDOWS\System32\IMM32.DLL
0x00007fffdd0e0000 - 0x00007fffdd0ec000 	C:\Program Files\Java\jdk-22\bin\vcruntime140_1.dll
0x00007fffbcaa0000 - 0x00007fffbcb2e000 	C:\Program Files\Java\jdk-22\bin\msvcp140.dll
0x00007fff55b60000 - 0x00007fff568a9000 	C:\Program Files\Java\jdk-22\bin\server\jvm.dll
0x00007ffff9440000 - 0x00007ffff94f7000 	C:\WINDOWS\System32\ADVAPI32.dll
0x00007ffff8a60000 - 0x00007ffff8b0a000 	C:\WINDOWS\System32\sechost.dll
0x00007ffff9820000 - 0x00007ffff9938000 	C:\WINDOWS\System32\RPCRT4.dll
0x00007ffff88a0000 - 0x00007ffff8920000 	C:\WINDOWS\System32\WS2_32.dll
0x00007ffff78c0000 - 0x00007ffff791e000 	C:\WINDOWS\SYSTEM32\POWRPROF.dll
0x00007fffefeb0000 - 0x00007fffefee6000 	C:\WINDOWS\SYSTEM32\WINMM.dll
0x00007ffff04c0000 - 0x00007ffff04cb000 	C:\WINDOWS\SYSTEM32\VERSION.dll
0x00007ffff78a0000 - 0x00007ffff78b4000 	C:\WINDOWS\SYSTEM32\UMPDC.dll
0x00007ffff6720000 - 0x00007ffff673b000 	C:\WINDOWS\SYSTEM32\kernel.appcore.dll
0x00007fffdd0d0000 - 0x00007fffdd0da000 	C:\Program Files\Java\jdk-22\bin\jimage.dll
0x00007fffe93b0000 - 0x00007fffe95f2000 	C:\WINDOWS\SYSTEM32\DBGHELP.DLL
0x00007ffff90b0000 - 0x00007ffff9433000 	C:\WINDOWS\System32\combase.dll
0x00007ffff9740000 - 0x00007ffff9819000 	C:\WINDOWS\System32\OLEAUT32.dll
0x00007fffcc720000 - 0x00007fffcc75b000 	C:\WINDOWS\SYSTEM32\dbgcore.DLL
0x00007ffff7e50000 - 0x00007ffff7efc000 	C:\WINDOWS\System32\bcryptPrimitives.dll
0x00007fffed750000 - 0x00007fffed75f000 	C:\Program Files\Java\jdk-22\bin\instrument.dll
0x00007fffdb1c0000 - 0x00007fffdb1de000 	C:\Program Files\Java\jdk-22\bin\java.dll
0x00007ffff9940000 - 0x00007ffffa0d2000 	C:\WINDOWS\System32\SHELL32.dll
0x00007ffff8700000 - 0x00007ffff8899000 	C:\WINDOWS\System32\ole32.dll
0x00007ffff54b0000 - 0x00007ffff5d42000 	C:\WINDOWS\SYSTEM32\windows.storage.dll
0x00007ffff85e0000 - 0x00007ffff86d7000 	C:\WINDOWS\System32\SHCORE.dll
0x00007ffff8d20000 - 0x00007ffff8d87000 	C:\WINDOWS\System32\shlwapi.dll
0x00007ffff7960000 - 0x00007ffff7989000 	C:\WINDOWS\SYSTEM32\profapi.dll
0x00007fff82fb0000 - 0x00007fff83087000 	C:\Program Files\Java\jdk-22\bin\jsvml.dll
0x00007fffd7220000 - 0x00007fffd7237000 	C:\Program Files\Java\jdk-22\bin\zip.dll
0x00007fffdca20000 - 0x00007fffdca30000 	C:\Program Files\Java\jdk-22\bin\net.dll
0x00007ffff6cd0000 - 0x00007ffff6d3c000 	C:\WINDOWS\system32\mswsock.dll
0x00007fffd7460000 - 0x00007fffd7476000 	C:\Program Files\Java\jdk-22\bin\nio.dll
0x00007fffdc3a0000 - 0x00007fffdc3b0000 	C:\Program Files\Java\jdk-22\bin\verify.dll
0x00007fffed720000 - 0x00007fffed747000 	E:\gradle-cache\native\1def1411415f61bf3af743bc5b6707747c0891f09f0c88961ee8f79bc544acac\windows-amd64\native-platform.dll
0x00007fff92800000 - 0x00007fff92877000 	E:\gradle-cache\native\0.2.8\x86_64-windows-gnu\gradle-fileevents.dll
0x00007fffd18a0000 - 0x00007fffd18aa000 	C:\Program Files\Java\jdk-22\bin\management.dll
0x00007fffccc30000 - 0x00007fffccc3b000 	C:\Program Files\Java\jdk-22\bin\management_ext.dll
0x00007ffff8b10000 - 0x00007ffff8b18000 	C:\WINDOWS\System32\PSAPI.DLL
0x00007ffff6100000 - 0x00007ffff6133000 	C:\WINDOWS\SYSTEM32\IPHLPAPI.DLL
0x00007ffff9730000 - 0x00007ffff973a000 	C:\WINDOWS\System32\NSI.dll
0x00007fffdc130000 - 0x00007fffdc139000 	C:\Program Files\Java\jdk-22\bin\extnet.dll
0x00007ffff6fd0000 - 0x00007ffff6feb000 	C:\WINDOWS\SYSTEM32\CRYPTSP.dll
0x00007ffff6680000 - 0x00007ffff66b9000 	C:\WINDOWS\system32\rsaenh.dll
0x00007ffff6d90000 - 0x00007ffff6dc2000 	C:\WINDOWS\SYSTEM32\USERENV.dll
0x00007ffff7930000 - 0x00007ffff795a000 	C:\WINDOWS\SYSTEM32\bcrypt.dll
0x00007ffff6ff0000 - 0x00007ffff6ffc000 	C:\WINDOWS\SYSTEM32\CRYPTBASE.dll
0x00007fffdd0f0000 - 0x00007fffdd0fe000 	C:\Program Files\Java\jdk-22\bin\sunmscapi.dll
0x00007ffff8260000 - 0x00007ffff83d8000 	C:\WINDOWS\System32\CRYPT32.dll
0x00007ffff7210000 - 0x00007ffff7240000 	C:\WINDOWS\SYSTEM32\ncrypt.dll
0x00007ffff71c0000 - 0x00007ffff71ff000 	C:\WINDOWS\SYSTEM32\NTASN1.dll
0x00007fff93750000 - 0x00007fff93758000 	C:\WINDOWS\system32\wshunix.dll

dbghelp: loaded successfully - version: 4.0.5 - missing functions: none
symbol engine: initialized successfully - sym options: 0x614 - pdb path: .;C:\Program Files\Java\jdk-22\bin;C:\WINDOWS\SYSTEM32;C:\WINDOWS\WinSxS\amd64_microsoft.windows.common-controls_6595b64144ccf1df_6.0.26100.8737_none_3e092eaee333b772;C:\Program Files\Java\jdk-22\bin\server;E:\gradle-cache\native\1def1411415f61bf3af743bc5b6707747c0891f09f0c88961ee8f79bc544acac\windows-amd64;E:\gradle-cache\native\0.2.8\x86_64-windows-gnu

VM Arguments:
jvm_args: --add-opens=java.base/java.lang=ALL-UNNAMED --add-opens=java.base/java.lang.invoke=ALL-UNNAMED --add-opens=java.base/java.util=ALL-UNNAMED --add-opens=java.prefs/java.util.prefs=ALL-UNNAMED --add-exports=jdk.compiler/com.sun.tools.javac.api=ALL-UNNAMED --add-exports=jdk.compiler/com.sun.tools.javac.util=ALL-UNNAMED --add-opens=java.base/java.util=ALL-UNNAMED --add-opens=java.prefs/java.util.prefs=ALL-UNNAMED --add-opens=java.base/java.nio.charset=ALL-UNNAMED --add-opens=java.base/java.net=ALL-UNNAMED --add-opens=java.base/java.util.concurrent=ALL-UNNAMED --add-opens=java.base/java.util.concurrent.atomic=ALL-UNNAMED --add-opens=java.xml/javax.xml.namespace=ALL-UNNAMED --add-opens=java.base/java.time=ALL-UNNAMED -XX:MaxMetaspaceSize=4G -XX:ReservedCodeCacheSize=512m -XX:+HeapDumpOnOutOfMemoryError -Xmx8G -Dfile.encoding=UTF-8 -Duser.country=IN -Duser.language=en -Duser.variant -javaagent:E:\gradle-cache\wrapper\dists\gradle-9.1.0-all\7wzd0jkjit61aq2p43wpjgij9\gradle-9.1.0\lib\agents\gradle-instrumentation-agent-9.1.0.jar 
java_command: org.gradle.launcher.daemon.bootstrap.GradleDaemon 9.1.0
java_class_path (initial): E:\gradle-cache\wrapper\dists\gradle-9.1.0-all\7wzd0jkjit61aq2p43wpjgij9\gradle-9.1.0\lib\gradle-daemon-main-9.1.0.jar
Launcher Type: SUN_STANDARD

[Global flags]
     intx CICompilerCount                          = 4                                         {product} {ergonomic}
     uint ConcGCThreads                            = 3                                         {product} {ergonomic}
     uint G1ConcRefinementThreads                  = 10                                        {product} {ergonomic}
   size_t G1HeapRegionSize                         = 4194304                                   {product} {ergonomic}
     bool HeapDumpOnOutOfMemoryError               = true                                   {manageable} {command line}
   size_t InitialHeapSize                          = 260046848                                 {product} {ergonomic}
   size_t MarkStackSize                            = 4194304                                   {product} {ergonomic}
   size_t MaxHeapSize                              = 8589934592                                {product} {command line}
   size_t MaxMetaspaceSize                         = 4294967296                                {product} {command line}
   size_t MaxNewSize                               = 5150605312                                {product} {ergonomic}
   size_t MinHeapDeltaBytes                        = 4194304                                   {product} {ergonomic}
   size_t MinHeapSize                              = 8388608                                   {product} {ergonomic}
    uintx NonNMethodCodeHeapSize                   = 5839372                                {pd product} {ergonomic}
    uintx NonProfiledCodeHeapSize                  = 265515770                              {pd product} {ergonomic}
    uintx ProfiledCodeHeapSize                     = 265515770                              {pd product} {ergonomic}
    uintx ReservedCodeCacheSize                    = 536870912                              {pd product} {command line}
     bool SegmentedCodeCache                       = true                                      {product} {ergonomic}
   size_t SoftMaxHeapSize                          = 8589934592                             {manageable} {ergonomic}
     bool UseCompressedOops                        = true                           {product lp64_product} {ergonomic}
     bool UseG1GC                                  = true                                      {product} {ergonomic}
     bool UseLargePagesIndividualAllocation        = false                                  {pd product} {ergonomic}

Logging:
Log output configuration:
 #0: stdout all=warning uptime,level,tags foldmultilines=false
 #1: stderr all=off uptime,level,tags foldmultilines=false

Environment Variables:
CLASSPATH=C:\project\irctc\bharat-railway-frontend\android\\gradle\wrapper\gradle-wrapper.jar
PATH=C:\Program Files\Common Files\Oracle\Java\javapath;D:\Applications\bin;C:\Program Files\Common Files\Oracle\Java\javapath;C:\windows\system32;C:\windows;C:\windows\System32\Wbem;C:\windows\System32\WindowsPowerShell\v1.0\;C:\windows\System32\OpenSSH\;C:\Program Files (x86)\NVIDIA Corporation\PhysX\Common;C:\MinGW\bin;C:\WINDOWS\system32;C:\WINDOWS;C:\WINDOWS\System32\Wbem;C:\WINDOWS\System32\WindowsPowerShell\v1.0\;C:\WINDOWS\System32\OpenSSH\;C:\Program Files\dotnet\;C:\Program Files\Git\cmd;C:\Program Files\Git\mingw64\bin;C:\Program Files\Git\usr\bin;C:\Program Files\Cloudflare\Cloudflare WARP\;C:\Program Files\nodejs\;C:\Program Files\Tailscale\;C:\Program Files\MongoDB\Server\8.2\bin;;C:\Program Files\Docker\Docker\resources\bin;C:\Users\HP\AppData\Local\Programs\Python\Python313\Scripts\;C:\Users\HP\AppData\Local\Programs\Python\Python313\;C:\Users\HP\AppData\Local\Programs\Python\Launcher\;C:\Users\HP\AppData\Local\Microsoft\WindowsApps;C:\Users\HP\Downloads\mingw-w64-v11.0.0.zip\mingw-w64-v11.0.0;C:\Users\HP\AppData\Local\JetBrains\PyCharm Community Edition 2024.1\bin;;C:\Users\HP\AppData\Local\Programs\Microsoft VS Code\bin;C:\Users\HP\AppData\Roaming\npm;C:\Program Files\mongosh\;D:\Flutter\flutter\bin;E:\platform-tools;;D:\Flutter\flutter\bin\mingit\cmd
USERNAME=HP
OS=Windows_NT
PROCESSOR_IDENTIFIER=AMD64 Family 25 Model 80 Stepping 0, AuthenticAMD
TMP=E:\temp
TEMP=E:\temp




Periodic native trim disabled

---------------  S Y S T E M  ---------------

OS:
 Windows 11 , 64 bit Build 26100 (10.0.26100.8737)
OS uptime: 1 days 12:24 hours
Hyper-V role detected

CPU: total 12 (initial active 12) (12 cores per cpu, 2 threads per core) family 25 model 80 stepping 0 microcode 0xa50000f, cx8, cmov, fxsr, ht, mmx, 3dnowpref, sse, sse2, sse3, ssse3, sse4a, sse4.1, sse4.2, popcnt, lzcnt, tsc, tscinvbit, avx, avx2, aes, erms, clmul, bmi1, bmi2, adx, sha, fma, vzeroupper, clflush, clflushopt, hv, rdtscp, rdpid, fsrm, f16c, cet_ss
Processor Information for processor 0
  Max Mhz: 3301, Current Mhz: 2011, Mhz Limit: 3301
Processor Information for processor 1
  Max Mhz: 3301, Current Mhz: 3301, Mhz Limit: 3301
Processor Information for processor 2
  Max Mhz: 3301, Current Mhz: 2011, Mhz Limit: 3301
Processor Information for processor 3
  Max Mhz: 3301, Current Mhz: 3301, Mhz Limit: 3301
Processor Information for processor 4
  Max Mhz: 3301, Current Mhz: 3301, Mhz Limit: 3301
Processor Information for processor 5
  Max Mhz: 3301, Current Mhz: 2011, Mhz Limit: 3301
Processor Information for processor 6
  Max Mhz: 3301, Current Mhz: 3301, Mhz Limit: 3301
Processor Information for processor 7
  Max Mhz: 3301, Current Mhz: 3301, Mhz Limit: 3301
Processor Information for processor 8
  Max Mhz: 3301, Current Mhz: 3301, Mhz Limit: 3301
Processor Information for processor 9
  Max Mhz: 3301, Current Mhz: 2011, Mhz Limit: 3301
Processor Information for processor 10
  Max Mhz: 3301, Current Mhz: 2011, Mhz Limit: 3301
Processor Information for processor 11
  Max Mhz: 3301, Current Mhz: 2011, Mhz Limit: 3301

Memory: 4k page, system-wide physical 15710M (1322M free)
TotalPageFile size 26265M (AvailPageFile size 135M)
current process WorkingSet (physical memory assigned to process): 688M, peak: 796M
current process commit charge ("private bytes"): 755M, peak: 869M

vm_info: Java HotSpot(TM) 64-Bit Server VM (22.0.2+9-70) for windows-amd64 JRE (22.0.2+9-70), built on 2024-06-04T16:52:23Z by "mach5one" with MS VC++ 17.6 (VS2022)

END.
